Component: ARM Compiler 5.06 update 7 (build 960) Tool: armlink [4d3601]

==============================================================================

Section Cross References

    startup_stm32f407xx.o(STACK) refers (Special) to heapauxi.o(.text) for __use_two_region_memory
    startup_stm32f407xx.o(HEAP) refers (Special) to heapauxi.o(.text) for __use_two_region_memory
    startup_stm32f407xx.o(RESET) refers (Special) to heapauxi.o(.text) for __use_two_region_memory
    startup_stm32f407xx.o(RESET) refers to startup_stm32f407xx.o(STACK) for __initial_sp
    startup_stm32f407xx.o(RESET) refers to startup_stm32f407xx.o(.text) for Reset_Handler
    startup_stm32f407xx.o(RESET) refers to stm32f4xx_it.o(i.NMI_Handler) for NMI_Handler
    startup_stm32f407xx.o(RESET) refers to stm32f4xx_it.o(i.HardFault_Handler) for HardFault_Handler
    startup_stm32f407xx.o(RESET) refers to stm32f4xx_it.o(i.MemManage_Handler) for MemManage_Handler
    startup_stm32f407xx.o(RESET) refers to stm32f4xx_it.o(i.BusFault_Handler) for BusFault_Handler
    startup_stm32f407xx.o(RESET) refers to stm32f4xx_it.o(i.UsageFault_Handler) for UsageFault_Handler
    startup_stm32f407xx.o(RESET) refers to port.o(.emb_text) for SVC_Handler
    startup_stm32f407xx.o(RESET) refers to stm32f4xx_it.o(i.DebugMon_Handler) for DebugMon_Handler
    startup_stm32f407xx.o(RESET) refers to stm32f4xx_it.o(i.SysTick_Handler) for SysTick_Handler
    startup_stm32f407xx.o(RESET) refers to stm32f4xx_it.o(i.EXTI0_IRQHandler) for EXTI0_IRQHandler
    startup_stm32f407xx.o(RESET) refers to stm32f4xx_it.o(i.EXTI3_IRQHandler) for EXTI3_IRQHandler
    startup_stm32f407xx.o(RESET) refers to stm32f4xx_it.o(i.EXTI4_IRQHandler) for EXTI4_IRQHandler
    startup_stm32f407xx.o(RESET) refers to stm32f4xx_it.o(i.CAN1_TX_IRQHandler) for CAN1_TX_IRQHandler
    startup_stm32f407xx.o(RESET) refers to stm32f4xx_it.o(i.CAN1_RX0_IRQHandler) for CAN1_RX0_IRQHandler
    startup_stm32f407xx.o(RESET) refers to stm32f4xx_it.o(i.CAN1_RX1_IRQHandler) for CAN1_RX1_IRQHandler
    startup_stm32f407xx.o(RESET) refers to stm32f4xx_it.o(i.EXTI9_5_IRQHandler) for EXTI9_5_IRQHandler
    startup_stm32f407xx.o(RESET) refers to bsp_rc.o(i.USART3_IRQHandler) for USART3_IRQHandler
    startup_stm32f407xx.o(RESET) refers to stm32f4xx_it.o(i.CAN2_TX_IRQHandler) for CAN2_TX_IRQHandler
    startup_stm32f407xx.o(RESET) refers to stm32f4xx_it.o(i.CAN2_RX0_IRQHandler) for CAN2_RX0_IRQHandler
    startup_stm32f407xx.o(RESET) refers to stm32f4xx_it.o(i.CAN2_RX1_IRQHandler) for CAN2_RX1_IRQHandler
    startup_stm32f407xx.o(RESET) refers to stm32f4xx_it.o(i.OTG_FS_IRQHandler) for OTG_FS_IRQHandler
    startup_stm32f407xx.o(.text) refers (Special) to heapauxi.o(.text) for __use_two_region_memory
    startup_stm32f407xx.o(.text) refers to system_stm32f4xx.o(i.SystemInit) for SystemInit
    startup_stm32f407xx.o(.text) refers to __main.o(!!!main) for __main
    startup_stm32f407xx.o(.text) refers to startup_stm32f407xx.o(HEAP) for Heap_Mem
    startup_stm32f407xx.o(.text) refers to startup_stm32f407xx.o(STACK) for Stack_Mem
    main.o(i.Bsp_Init) refers to stm32f4xx_hal.o(i.HAL_Init) for HAL_Init
    main.o(i.Bsp_Init) refers to main.o(i.SystemClock_Config) for SystemClock_Config
    main.o(i.Bsp_Init) refers to gpio.o(i.MX_GPIO_Init) for MX_GPIO_Init
    main.o(i.Bsp_Init) refers to dma.o(i.MX_DMA_Init) for MX_DMA_Init
    main.o(i.Bsp_Init) refers to spi.o(i.MX_SPI1_Init) for MX_SPI1_Init
    main.o(i.Bsp_Init) refers to tim.o(i.MX_TIM5_Init) for MX_TIM5_Init
    main.o(i.Bsp_Init) refers to i2c.o(i.MX_I2C3_Init) for MX_I2C3_Init
    main.o(i.Bsp_Init) refers to tim.o(i.MX_TIM10_Init) for MX_TIM10_Init
    main.o(i.Bsp_Init) refers to can.o(i.MX_CAN1_Init) for MX_CAN1_Init
    main.o(i.Bsp_Init) refers to can.o(i.MX_CAN2_Init) for MX_CAN2_Init
    main.o(i.Bsp_Init) refers to usart.o(i.MX_USART3_UART_Init) for MX_USART3_UART_Init
    main.o(i.Bsp_Init) refers to tim.o(i.MX_TIM2_Init) for MX_TIM2_Init
    main.o(i.Bsp_Init) refers to bsp_dwt.o(i.DWT_Init) for DWT_Init
    main.o(i.Bsp_Init) refers to usb_device.o(i.MX_USB_DEVICE_Init) for MX_USB_DEVICE_Init
    main.o(i.Bsp_Init) refers to bsp_can.o(i.can_filter_init) for can_filter_init
    main.o(i.Robot_Init) refers to bmi088driver.o(i.BMI088_init) for BMI088_init
    main.o(i.Robot_Init) refers to bsp_rc.o(i.remote_control_init) for remote_control_init
    main.o(i.Robot_Init) refers to remote_control.o(i.initRemoteControl) for initRemoteControl
    main.o(i.Robot_Init) refers to can_send_config.o(i.Motor_Config_Init) for Motor_Config_Init
    main.o(i.Robot_Init) refers to spi.o(.bss) for hspi1
    main.o(i.SystemClock_Config) refers to rt_memclr_w.o(.text) for __aeabi_memclr4
    main.o(i.SystemClock_Config) refers to stm32f4xx_hal_rcc.o(i.HAL_RCC_OscConfig) for HAL_RCC_OscConfig
    main.o(i.SystemClock_Config) refers to main.o(i.Error_Handler) for Error_Handler
[...]
    chassis_pack_get_2                       0x200000f1   Data           5  chassisget.o(.data)
    chassis_send_pack1                       0x200000f6   Data           8  chassissend.o(.data)
    chassis_send_pack2                       0x200000fe   Data           8  chassissend.o(.data)
    CRC_INIT                                 0x20000120   Data           2  algorithmofcrc.o(.data)
    sss                                      0x20000122   Data           2  algorithmofcrc.o(.data)
    sizeof_float                             0x20000124   Data           2  kalman_filter.o(.data)
    sizeof_double                            0x20000126   Data           2  kalman_filter.o(.data)
    IMU_QuaternionEKF_P                      0x2000037c   Data         144  quaternionekf.o(.data)
    USBD_CDC                                 0x20000484   Data          56  usbd_cdc.o(.data)
    MOTOR_STD_ID_LIST                        0x20000514   Data          28  motor_typdef.o(.data)
    USBD_Interface_fops_FS                   0x20000530   Data          20  usbd_cdc_if.o(.data)
    FS_Desc                                  0x20000544   Data          28  usbd_desc.o(.data)
    USBD_FS_DeviceDesc                       0x20000560   Data          18  usbd_desc.o(.data)
    USBD_LangIDDesc                          0x20000574   Data           4  usbd_desc.o(.data)
    USBD_StringSerial                        0x20000578   Data          26  usbd_desc.o(.data)
    BMI088_ACCEL_SEN                         0x20000594   Data           4  bmi088driver.o(.data)
    BMI088_GYRO_SEN                          0x20000598   Data           4  bmi088driver.o(.data)
    gNormDiff                                0x200005a0   Data           4  bmi088driver.o(.data)
    caliOffset                               0x200005a4   Data           1  bmi088driver.o(.data)
    caliCount                                0x200005a6   Data           2  bmi088driver.o(.data)
    BMI088_SPI                               0x200005dc   Data           4  bmi088middleware.o(.data)
    chassis_send_wait_time                   0x200005e8   Data           8  chassistask.o(.data)
    INS_DWT_Count                            0x200005f4   Data           4  ins_task.o(.data)
    ins_debug_mode                           0x20000600   Data           1  ins_task.o(.data)
    RefTemp                                  0x20000604   Data           4  ins_task.o(.data)
    hcan1                                    0x20000ce4   Data          40  can.o(.bss)
    hcan2                                    0x20000d0c   Data          40  can.o(.bss)
    hi2c3                                    0x20000d34   Data          84  i2c.o(.bss)
    hspi1                                    0x20000d88   Data          88  spi.o(.bss)
    hdma_spi1_rx                             0x20000de0   Data          96  spi.o(.bss)
    hdma_spi1_tx                             0x20000e40   Data          96  spi.o(.bss)
    htim2                                    0x20000ea0   Data          64  tim.o(.bss)
    htim5                                    0x20000ee0   Data          64  tim.o(.bss)
    htim10                                   0x20000f20   Data          64  tim.o(.bss)
    huart3                                   0x20000f60   Data          64  usart.o(.bss)
    hdma_usart3_rx                           0x20000fa0   Data          96  usart.o(.bss)
    xQueueRegistry                           0x20001000   Data          64  queue.o(.bss)
    SysTime                                  0x20007240   Data          24  bsp_dwt.o(.bss)
    sbus_rx_buf                              0x20007258   Data          72  bsp_rc.o(.bss)
    chassis_solver                           0x200072a0   Data          20  chassissolver.o(.bss)
    friction_wheels                          0x200072b8   Data         464  frictionwheel.o(.bss)
    gimbal_controller                        0x20007488   Data        2016  gimbal.o(.bss)
    PCbuffer                                 0x20007c68   Data          11  pc_serial.o(.bss)
    SendToPC_Buff                            0x20007c73   Data          11  pc_serial.o(.bss)
    pc_recv_data                             0x20007c7e   Data          11  pc_serial.o(.bss)
    pc_send_data                             0x20007c89   Data          11  pc_serial.o(.bss)
    remote_controller                        0x20007c94   Data          49  remote_control.o(.bss)
    toggle_controller                        0x20007cc8   Data         424  togglebullet.o(.bss)
    QEKF_INS                                 0x20007e70   Data         480  quaternionekf.o(.bss)
    IMU_QuaternionEKF_K                      0x20008050   Data          72  quaternionekf.o(.bss)
    IMU_QuaternionEKF_H                      0x20008098   Data          72  quaternionekf.o(.bss)
    motor_wait_time                          0x200080e0   Data          56  motor_typdef.o(.bss)
    motor_tx_header                          0x20008118   Data         336  motor_typdef.o(.bss)
    hUsbDeviceFS                             0x20008268   Data         732  usb_device.o(.bss)
    UserRxBufferFS                           0x20008544   Data        2048  usbd_cdc_if.o(.bss)
    UserTxBufferFS                           0x20008d44   Data        2048  usbd_cdc_if.o(.bss)
    hpcd_USB_OTG_FS                          0x20009544   Data        1292  usbd_conf.o(.bss)
    USBD_StrDesc                             0x20009c70   Data         512  usbd_desc.o(.bss)
    gyroDiff                                 0x20009e70   Data          12  bmi088driver.o(.bss)
    BMI088                                   0x20009e7c   Data          52  bmi088driver.o(.bss)
    global_debugger                          0x20009eb0   Data         184  debug.o(.bss)
    Ozone                                    0x20009f68   Data          32  debug.o(.bss)
    send_to_chassis_data                     0x20009f88   Data          16  chassistask.o(.bss)
    chassis_tx_header                        0x20009f98   Data          48  chassistask.o(.bss)
    motor_send_data                          0x20009fc8   Data         112  gimbaltask.o(.bss)
    is_has_motor_data                        0x2000a038   Data          14  gimbaltask.o(.bss)
    SI_obeject                               0x2000a048   Data          44  gimbaltask.o(.bss)
    saw_tooth_wave                           0x2000a074   Data          32  gimbaltask.o(.bss)
    offline_detector                         0x2000a094   Data          28  offline_task.o(.bss)
    INS                                      0x2000a0b0   Data         128  ins_task.o(.bss)
    IMU_Param                                0x2000a130   Data          28  ins_task.o(.bss)
    TempCtrl                                 0x2000a150   Data         184  ins_task.o(.bss)
    motor_communication                      0x2000a208   Data         100  can_send_config.o(.bss)
    __libspace_start                         0x2000a26c   Data          96  libspace.o(.bss)
    __temporary_stack_top$libspace           0x2000a2cc   Data           0  libspace.o(.bss)



==============================================================================

Memory Map of the image

  Image Entry point : 0x08000189

  Load Region LR_IROM1 (Base: 0x08000000, Size: 0x000135c8, Max: 0x00100000, ABSOLUTE, COMPRESSED[0x0001311c])

    Execution Region ER_IROM1 (Exec base: 0x08000000, Load base: 0x08000000, Size: 0x00012f8c, Max: 0x00100000, ABSOLUTE)

    Exec Addr    Load Addr    Size         Type   Attr      Idx    E Section Name        Object

    0x08000000   0x08000000   0x00000188   Data   RO            3    RESET               startup_stm32f407xx.o
    0x08000188   0x08000188   0x00000008   Code   RO        10097  * !!!main             c_w.l(__main.o)
    0x08000190   0x08000190   0x00000034   Code   RO        10434    !!!scatter          c_w.l(__scatter.o)
    0x080001c4   0x080001c4   0x0000005a   Code   RO        10432    !!dczerorl2         c_w.l(__dczerorl2.o)
    0x0800021e   0x0800021e   0x00000002   PAD
    0x08000220   0x08000220   0x0000001c   Code   RO        10436    !!handler_zi        c_w.l(__scatter_zi.o)
    0x0800023c   0x0800023c   0x00000002   Code   RO        10369    .ARM.Collect$$libinit$$00000000  c_w.l(libinit.o)
    0x0800023e   0x0800023e   0x00000004   Code   RO        10223    .ARM.Collect$$libinit$$00000001  c_w.l(libinit2.o)
    0x08000242   0x08000242   0x00000000   Code   RO        10226    .ARM.Collect$$libinit$$00000004  c_w.l(libinit2.o)
    0x08000242   0x08000242   0x00000008   Code   RO        10227    .ARM.Collect$$libinit$$00000005  c_w.l(libinit2.o)
    0x0800024a   0x0800024a   0x00000000   Code   RO        10229    .ARM.Collect$$libinit$$0000000A  c_w.l(libinit2.o)
    0x0800024a   0x0800024a   0x00000000   Code   RO        10231    .ARM.Collect$$libinit$$0000000C  c_w.l(libinit2.o)
    0x0800024a   0x0800024a   0x00000000   Code   RO        10233    .ARM.Collect$$libinit$$0000000E  c_w.l(libinit2.o)
    0x0800024a   0x0800024a   0x00000000   Code   RO        10236    .ARM.Collect$$libinit$$00000011  c_w.l(libinit2.o)
    0x0800024a   0x0800024a   0x00000000   Code   RO        10238    .ARM.Collect$$libinit$$00000013  c_w.l(libinit2.o)
    0x0800024a   0x0800024a   0x00000000   Code   RO        10240    .ARM.Collect$$libinit$$00000015  c_w.l(libinit2.o)
    0x0800024a   0x0800024a   0x00000000   Code   RO        10242    .ARM.Collect$$libinit$$00000017  c_w.l(libinit2.o)
    0x0800024a   0x0800024a   0x00000000   Code   RO        10244    .ARM.Collect$$libinit$$00000019  c_w.l(libinit2.o)
    0x0800024a   0x0800024a   0x00000000   Code   RO        10246    .ARM.Collect$$libinit$$0000001B  c_w.l(libinit2.o)
    0x0800024a   0x0800024a   0x00000000   Code   RO        10248    .ARM.Collect$$libinit$$0000001D  c_w.l(libinit2.o)
    0x0800024a   0x0800024a   0x00000000   Code   RO        10250    .ARM.Collect$$libinit$$0000001F  c_w.l(libinit2.o)
    0x0800024a   0x0800024a   0x00000000   Code   RO        10252    .ARM.Collect$$libinit$$00000021  c_w.l(libinit2.o)
    0x0800024a   0x0800024a   0x00000000   Code   RO        10254    .ARM.Collect$$libinit$$00000023  c_w.l(libinit2.o)
    0x0800024a   0x0800024a   0x00000000   Code   RO        10256    .ARM.Collect$$libinit$$00000025  c_w.l(libinit2.o)
    0x0800024a   0x0800024a   0x00000000   Code   RO        10260    .ARM.Collect$$libinit$$0000002C  c_w.l(libinit2.o)
    0x0800024a   0x0800024a   0x00000000   Code   RO        10262    .ARM.Collect$$libinit$$0000002E  c_w.l(libinit2.o)
    0x0800024a   0x0800024a   0x00000000   Code   RO        10264    .ARM.Collect$$libinit$$00000030  c_w.l(libinit2.o)
    0x0800024a   0x0800024a   0x00000000   Code   RO        10266    .ARM.Collect$$libinit$$00000032  c_w.l(libinit2.o)
    0x0800024a   0x0800024a   0x00000002   Code   RO        10267    .ARM.Collect$$libinit$$00000033  c_w.l(libinit2.o)
    0x0800024c   0x0800024c   0x00000002   Code   RO        10429    .ARM.Collect$$libshutdown$$00000000  c_w.l(libshutdown.o)
    0x0800024e   0x0800024e   0x00000000   Code   RO        10385    .ARM.Collect$$libshutdown$$00000002  c_w.l(libshutdown2.o)
    0x0800024e   0x0800024e   0x00000000   Code   RO        10387    .ARM.Collect$$libshutdown$$00000004  c_w.l(libshutdown2.o)
    0x0800024e   0x0800024e   0x00000000   Code   RO        10389    .ARM.Collect$$libshutdown$$00000006  c_w.l(libshutdown2.o)
    0x0800024e   0x0800024e   0x00000000   Code   RO        10392    .ARM.Collect$$libshutdown$$00000009  c_w.l(libshutdown2.o)
    0x0800024e   0x0800024e   0x00000000   Code   RO        10395    .ARM.Collect$$libshutdown$$0000000C  c_w.l(libshutdown2.o)
    0x0800024e   0x0800024e   0x00000000   Code   RO        10397    .ARM.Collect$$libshutdown$$0000000E  c_w.l(libshutdown2.o)
    0x0800024e   0x0800024e   0x00000000   Code   RO        10400    .ARM.Collect$$libshutdown$$00000011  c_w.l(libshutdown2.o)
    0x0800024e   0x0800024e   0x00000002   Code   RO        10401    .ARM.Collect$$libshutdown$$00000012  c_w.l(libshutdown2.o)
    0x08000250   0x08000250   0x00000000   Code   RO        10183    .ARM.Collect$$rtentry$$00000000  c_w.l(__rtentry.o)
    0x08000250   0x08000250   0x00000000   Code   RO        10301    .ARM.Collect$$rtentry$$00000002  c_w.l(__rtentry2.o)
    0x08000250   0x08000250   0x00000006   Code   RO        10313    .ARM.Collect$$rtentry$$00000004  c_w.l(__rtentry4.o)
    0x08000256   0x08000256   0x00000000   Code   RO        10303    .ARM.Collect$$rtentry$$00000009  c_w.l(__rtentry2.o)
    0x08000256   0x08000256   0x00000004   Code   RO        10304    .ARM.Collect$$rtentry$$0000000A  c_w.l(__rtentry2.o)
    0x0800025a   0x0800025a   0x00000000   Code   RO        10306    .ARM.Collect$$rtentry$$0000000C  c_w.l(__rtentry2.o)
    0x0800025a   0x0800025a   0x00000008   Code   RO        10307    .ARM.Collect$$rtentry$$0000000D  c_w.l(__rtentry2.o)
    0x08000262   0x08000262   0x00000002   Code   RO        10372    .ARM.Collect$$rtexit$$00000000  c_w.l(rtexit.o)
    0x08000264   0x08000264   0x00000000   Code   RO        10405    .ARM.Collect$$rtexit$$00000002  c_w.l(rtexit2.o)
    0x08000264   0x08000264   0x00000004   Code   RO        10406    .ARM.Collect$$rtexit$$00000003  c_w.l(rtexit2.o)
    0x08000268   0x08000268   0x00000006   Code   RO        10407    .ARM.Collect$$rtexit$$00000004  c_w.l(rtexit2.o)
    0x0800026e   0x0800026e   0x00000002   PAD
    0x08000270   0x08000270   0x000000be   Code   RO         6471    .emb_text           port.o
    0x0800032e   0x0800032e   0x00000002   PAD
    0x08000330   0x08000330   0x00000000   Code   RO        10324    .emb_text           c_w.l(maybetermalloc1.o)
    0x08000330   0x08000330   0x00000040   Code   RO            4    .text               startup_stm32f407xx.o
    0x08000370   0x08000370   0x000000d8   Code   RO         9834    .text               arm_cortexM4lf_math.lib(arm_cos_f32.o)
    0x08000448   0x08000448   0x000000d8   Code   RO         9881    .text               arm_cortexM4lf_math.lib(arm_sin_f32.o)
    0x08000520   0x08000520   0x00000100   Code   RO         9903    .text               arm_cortexM4lf_math.lib(arm_mat_add_f32.o)
    0x08000620   0x08000620   0x00000008   Code   RO         9923    .text               arm_cortexM4lf_math.lib(arm_mat_init_f32.o)
    0x08000628   0x08000628   0x00000500   Code   RO         9943    .text               arm_cortexM4lf_math.lib(arm_mat_inverse_f32.o)
    0x08000b28   0x08000b28   0x000000f8   Code   RO         9963    .text               arm_cortexM4lf_math.lib(arm_mat_mult_f32.o)
    0x08000c20   0x08000c20   0x00000100   Code   RO         9983    .text               arm_cortexM4lf_math.lib(arm_mat_sub_f32.o)
    0x08000d20   0x08000d20   0x00000098   Code   RO        10003    .text               arm_cortexM4lf_math.lib(arm_mat_trans_f32.o)
    0x08000db8   0x08000db8   0x0000005e   Code   RO        10025    .text               c_w.l(h1_alloc.o)
    0x08000e16   0x08000e16   0x000000ee   Code   RO        10079    .text               c_w.l(lludivv7m.o)
    0x08000f04   0x08000f04   0x0000008a   Code   RO        10083    .text               c_w.l(rt_memcpy_v6.o)
    0x08000f8e   0x08000f8e   0x00000064   Code   RO        10085    .text               c_w.l(rt_memcpy_w.o)
    0x08000ff2   0x08000ff2   0x00000010   Code   RO        10089    .text               c_w.l(aeabi_memset.o)
    0x08001002   0x08001002   0x00000044   Code   RO        10091    .text               c_w.l(rt_memclr.o)
    0x08001046   0x08001046   0x0000004e   Code   RO        10093    .text               c_w.l(rt_memclr_w.o)
    0x08001094   0x08001094   0x00000006   Code   RO        10095    .text               c_w.l(heapauxi.o)
    0x0800109a   0x0800109a   0x00000002   PAD
    0x0800109c   0x0800109c   0x00000008   Code   RO        10191    .text               c_w.l(rt_heap_descriptor_intlibspace.o)
    0x080010a4   0x080010a4   0x00000004   Code   RO        10193    .text               c_w.l(hguard.o)
    0x080010a8   0x080010a8   0x0000008a   Code   RO        10195    .text               c_w.l(init_alloc.o)
    0x08001132   0x08001132   0x0000000e   Code   RO        10201    .text               c_w.l(h1_init.o)
    0x08001140   0x08001140   0x0000004e   Code   RO        10203    .text               c_w.l(h1_free.o)
    0x0800118e   0x0800118e   0x00000016   Code   RO        10219    .text               c_w.l(_rserrno.o)
    0x080011a4   0x080011a4   0x00000008   Code   RO        10297    .text               c_w.l(libspace.o)
    0x080011ac   0x080011ac   0x00000008   Code   RO        10320    .text               c_w.l(rt_errno_addr_intlibspace.o)
    0x080011b4   0x080011b4   0x00000034   Code   RO        10326    .text               c_w.l(h1_extend.o)
    0x080011e8   0x080011e8   0x0000000e   Code   RO        10330    .text               c_w.l(defsig_rtmem_outer.o)
    0x080011f6   0x080011f6   0x00000002   Code   RO        10341    .text               c_w.l(use_no_semi.o)
    0x080011f8   0x080011f8   0x00000000   Code   RO        10343    .text               c_w.l(indicate_semi.o)
    0x080011f8   0x080011f8   0x0000004a   Code   RO        10344    .text               c_w.l(sys_stackheap_outer.o)
    0x08001242   0x08001242   0x00000012   Code   RO        10350    .text               c_w.l(exit.o)
    0x08001254   0x08001254   0x0000000a   Code   RO        10352    .text               c_w.l(defsig_exit.o)
    0x0800125e   0x0800125e   0x00000002   PAD
    0x08001260   0x08001260   0x00000050   Code   RO        10358    .text               c_w.l(defsig_rtmem_inner.o)
    0x080012b0   0x080012b0   0x0000000c   Code   RO        10370    .text               c_w.l(sys_exit.o)
    0x080012bc   0x080012bc   0x00000032   Code   RO        10380    .text               c_w.l(defsig_general.o)
    0x080012ee   0x080012ee   0x0000000e   Code   RO        10402    .text               c_w.l(sys_wrch.o)
    0x080012fc   0x080012fc   0x00000040   Code   RO         9414    i.ActionTask        actiontask.o
    0x0800133c   0x0800133c   0x00000030   Code   RO         7545    i.Append_CRC16_Check_Sum  algorithmofcrc.o
    0x0800136c   0x0800136c   0x00000014   Code   RO         9167    i.BMI088_ACCEL_NS_H  bmi088middleware.o
    0x08001380   0x08001380   0x00000014   Code   RO         9168    i.BMI088_ACCEL_NS_L  bmi088middleware.o
    0x08001394   0x08001394   0x00000014   Code   RO         9169    i.BMI088_GYRO_NS_H  bmi088middleware.o
    0x080013a8   0x080013a8   0x00000014   Code   RO         9170    i.BMI088_GYRO_NS_L  bmi088middleware.o
    0x080013bc   0x080013bc   0x0000027c   Code   RO         9086    i.BMI088_Read       bmi088driver.o
    0x08001638   0x08001638   0x0000009c   Code   RO         9087    i.BMI088_init       bmi088driver.o
    0x080016d4   0x080016d4   0x00000026   Code   RO         9088    i.BMI088_read_muli_reg  bmi088driver.o
    0x080016fa   0x080016fa   0x00000018   Code   RO         9089    i.BMI088_read_single_reg  bmi088driver.o
    0x08001712   0x08001712   0x00000002   PAD
    0x08001714   0x08001714   0x00000024   Code   RO         9171    i.BMI088_read_write_byte  bmi088middleware.o
    0x08001738   0x08001738   0x00000014   Code   RO         9090    i.BMI088_write_single_reg  bmi088driver.o
    0x0800174c   0x0800174c   0x0000015a   Code   RO         9720    i.BodyFrameToEarthFrame  ins_task.o
    0x080018a6   0x080018a6   0x00000002   PAD
    0x080018a8   0x080018a8   0x0000001c   Code   RO         7026    i.BombBay_Set       bombbay.o
    0x080018c4   0x080018c4   0x00000042   Code   RO           13    i.Bsp_Init          main.o
    0x08001906   0x08001906   0x00000004   Code   RO          781    i.BusFault_Handler  stm32f4xx_it.o
    0x0800190a   0x0800190a   0x00000002   PAD
    0x0800190c   0x0800190c   0x00000010   Code   RO          782    i.CAN1_RX0_IRQHandler  stm32f4xx_it.o
    0x0800191c   0x0800191c   0x00000010   Code   RO          783    i.CAN1_RX1_IRQHandler  stm32f4xx_it.o
    0x0800192c   0x0800192c   0x00000010   Code   RO          784    i.CAN1_TX_IRQHandler  stm32f4xx_it.o
    0x0800193c   0x0800193c   0x00000010   Code   RO          785    i.CAN2_RX0_IRQHandler  stm32f4xx_it.o
    0x0800194c   0x0800194c   0x00000010   Code   RO          786    i.CAN2_RX1_IRQHandler  stm32f4xx_it.o
    0x0800195c   0x0800195c   0x00000010   Code   RO          787    i.CAN2_TX_IRQHandler  stm32f4xx_it.o
    0x0800196c   0x0800196c   0x00000044   Code   RO         8744    i.CDC_Control_FS    usbd_cdc_if.o
    0x080019b0   0x080019b0   0x00000004   Code   RO         8745    i.CDC_DeInit_FS     usbd_cdc_if.o
    0x080019b4   0x080019b4   0x00000024   Code   RO         8746    i.CDC_Init_FS       usbd_cdc_if.o
    0x080019d8   0x080019d8   0x0000001c   Code   RO         8747    i.CDC_Receive_FS    usbd_cdc_if.o
    0x080019f4   0x080019f4   0x0000000c   Code   RO         8748    i.CDC_TransmitCplt_FS  usbd_cdc_if.o
    0x08001a00   0x08001a00   0x00000038   Code   RO         8749    i.CDC_Transmit_FS   usbd_cdc_if.o
    0x08001a38   0x08001a38   0x00000544   Code   RO         9091    i.Calibrate_MPU_Offset  bmi088driver.o
    0x08001f7c   0x08001f7c   0x000000bc   Code   RO         6551    i.CanSend           bsp_can.o
    0x08002038   0x08002038   0x000000a0   Code   RO         9450    i.ChassisTask       chassistask.o
    0x080020d8   0x080020d8   0x000004a8   Code   RO         7122    i.DJIKeyMouseUpdate  chassissolver.o
    0x08002580   0x08002580   0x00000224   Code   RO         7123    i.DJIRemoteUpdate   chassissolver.o
    0x080027a4   0x080027a4   0x00000034   Code   RO         1676    i.DMA_CalcBaseAndBitshift  stm32f4xx_hal_dma.o
    0x080027d8   0x080027d8   0x000000aa   Code   RO         1677    i.DMA_CheckFifoParam  stm32f4xx_hal_dma.o
    0x08002882   0x08002882   0x00000002   PAD
    0x08002884   0x08002884   0x00000194   Code   RO         8597    i.DM_Motor_Control  dm_motor.o
    0x08002a18   0x08002a18   0x0000001c   Code   RO         8598    i.DM_Motor_Init     dm_motor.o
    0x08002a34   0x08002a34   0x0000011c   Code   RO         8599    i.DM_Motor_Receive  dm_motor.o
    0x08002b50   0x08002b50   0x00000030   Code   RO         6806    i.DWT_CNT_Update    bsp_dwt.o
    0x08002b80   0x08002b80   0x0000003c   Code   RO         6807    i.DWT_Delay         bsp_dwt.o
    0x08002bbc   0x08002bbc   0x0000004c   Code   RO         6808    i.DWT_GetDeltaT     bsp_dwt.o
    0x08002c08   0x08002c08   0x0000005c   Code   RO         6811    i.DWT_GetTimeline_s  bsp_dwt.o
    0x08002c64   0x08002c64   0x00000048   Code   RO         6812    i.DWT_GetTimeline_us  bsp_dwt.o
    0x08002cac   0x08002cac   0x00000068   Code   RO         6813    i.DWT_Init          bsp_dwt.o
    0x08002d14   0x08002d14   0x000000e0   Code   RO         6814    i.DWT_SysTimeUpdate  bsp_dwt.o
    0x08002df4   0x08002df4   0x00000002   Code   RO          788    i.DebugMon_Handler  stm32f4xx_it.o
    0x08002df6   0x08002df6   0x0000000a   Code   RO          789    i.EXTI0_IRQHandler  stm32f4xx_it.o
    0x08002e00   0x08002e00   0x0000000a   Code   RO          790    i.EXTI3_IRQHandler  stm32f4xx_it.o
    0x08002e0a   0x08002e0a   0x0000000a   Code   RO          791    i.EXTI4_IRQHandler  stm32f4xx_it.o
    0x08002e14   0x08002e14   0x0000000a   Code   RO          792    i.EXTI9_5_IRQHandler  stm32f4xx_it.o
    0x08002e1e   0x08002e1e   0x0000015a   Code   RO         9721    i.EarthFrameToBodyFrame  ins_task.o
    0x08002f78   0x08002f78   0x00000006   Code   RO           14    i.Error_Handler     main.o
    0x08002f7e   0x08002f7e   0x00000002   PAD
    0x08002f80   0x08002f80   0x00000034   Code   RO         7747    i.Feedforward_Clear  pid.o
    0x08002fb4   0x08002fb4   0x00000088   Code   RO         7188    i.FrictionWheel_Init  frictionwheel.o
    0x0800303c   0x0800303c   0x00000048   Code   RO         7189    i.FrictionWheel_Set  frictionwheel.o
    0x08003084   0x08003084   0x0000007c   Code   RO         8631    i.GM6020_Decode     gm6020.o
    0x08003100   0x08003100   0x00000094   Code   RO         8632    i.GM6020_SendPack   gm6020.o
    0x08003194   0x08003194   0x00000034   Code   RO         7547    i.Get_CRC16_Check_Sum  algorithmofcrc.o
    0x080031c8   0x080031c8   0x00000034   Code   RO         9008    i.Get_SerialNum     usbd_desc.o
    0x080031fc   0x080031fc   0x000000bc   Code   RO         7236    i.GimbalClear       gimbal.o
    0x080032b8   0x080032b8   0x00000024   Code   RO         9723    i.GimbalEstimate_task  ins_task.o
    0x080032dc   0x080032dc   0x0000005c   Code   RO         7237    i.GimbalFrictionModel  gimbal.o
    0x08003338   0x08003338   0x00000128   Code   RO         7238    i.GimbalPidInit     gimbal.o
    0x08003460   0x08003460   0x00000118   Code   RO         9496    i.GimbalTask        gimbaltask.o
    0x08003578   0x08003578   0x0000004c   Code   RO         9497    i.Gimbal_Act_Cal    gimbaltask.o
    0x080035c4   0x080035c4   0x000000f8   Code   RO         9498    i.Gimbal_Autoaim_Cal  gimbaltask.o
    0x080036bc   0x080036bc   0x00000100   Code   RO         9500    i.Gimbal_Big_Buff_Cal  gimbaltask.o
    0x080037bc   0x080037bc   0x0000005c   Code   RO         7240    i.Gimbal_Pitch_Calculate  gimbal.o
    0x08003818   0x08003818   0x00000028   Code   RO         9501    i.Gimbal_Powerdown_Cal  gimbaltask.o
    0x08003840   0x08003840   0x00000002   Code   RO         9502    i.Gimbal_SI_Cal     gimbaltask.o
    0x08003842   0x08003842   0x00000002   PAD
    0x08003844   0x08003844   0x000000f0   Code   RO         9503    i.Gimbal_Small_Buff_Cal  gimbaltask.o
    0x08003934   0x08003934   0x00000002   Code   RO         9504    i.Gimbal_Test_Cal   gimbaltask.o
    0x08003936   0x08003936   0x00000002   PAD
    0x08003938   0x08003938   0x000000cc   Code   RO         7242    i.Gimbal_Yaw_Calculate  gimbal.o
    0x08003a04   0x08003a04   0x0000002a   Code   RO          939    i.HAL_CAN_ActivateNotification  stm32f4xx_hal_can.o
    0x08003a2e   0x08003a2e   0x00000156   Code   RO          940    i.HAL_CAN_AddTxMessage  stm32f4xx_hal_can.o
    0x08003b84   0x08003b84   0x00000124   Code   RO          941    i.HAL_CAN_ConfigFilter  stm32f4xx_hal_can.o
    0x08003ca8   0x08003ca8   0x00000002   Code   RO          944    i.HAL_CAN_ErrorCallback  stm32f4xx_hal_can.o
    0x08003caa   0x08003caa   0x0000017c   Code   RO          947    i.HAL_CAN_GetRxMessage  stm32f4xx_hal_can.o
    0x08003e26   0x08003e26   0x00000036   Code   RO          949    i.HAL_CAN_GetTxMailboxesFreeLevel  stm32f4xx_hal_can.o
    0x08003e5c   0x08003e5c   0x0000024e   Code   RO          951    i.HAL_CAN_IRQHandler  stm32f4xx_hal_can.o
    0x080040aa   0x080040aa   0x00000174   Code   RO          952    i.HAL_CAN_Init      stm32f4xx_hal_can.o
    0x0800421e   0x0800421e   0x00000002   PAD
    0x08004220   0x08004220   0x000001a0   Code   RO          523    i.HAL_CAN_MspInit   can.o
    0x080043c0   0x080043c0   0x00000002   Code   RO          959    i.HAL_CAN_RxFifo0FullCallback  stm32f4xx_hal_can.o
    0x080043c2   0x080043c2   0x00000020   Code   RO         6552    i.HAL_CAN_RxFifo0MsgPendingCallback  bsp_can.o
    0x080043e2   0x080043e2   0x00000002   Code   RO          961    i.HAL_CAN_RxFifo1FullCallback  stm32f4xx_hal_can.o
    0x080043e4   0x080043e4   0x00000020   Code   RO         6553    i.HAL_CAN_RxFifo1MsgPendingCallback  bsp_can.o
    0x08004404   0x08004404   0x00000002   Code   RO          963    i.HAL_CAN_SleepCallback  stm32f4xx_hal_can.o
    0x08004406   0x08004406   0x0000005e   Code   RO          964    i.HAL_CAN_Start     stm32f4xx_hal_can.o
    0x08004464   0x08004464   0x00000002   Code   RO          966    i.HAL_CAN_TxMailbox0AbortCallback  stm32f4xx_hal_can.o
    0x08004466   0x08004466   0x00000002   Code   RO          967    i.HAL_CAN_TxMailbox0CompleteCallback  stm32f4xx_hal_can.o
    0x08004468   0x08004468   0x00000002   Code   RO          968    i.HAL_CAN_TxMailbox1AbortCallback  stm32f4xx_hal_can.o
    0x0800446a   0x0800446a   0x00000002   Code   RO          969    i.HAL_CAN_TxMailbox1CompleteCallback  stm32f4xx_hal_can.o
    0x0800446c   0x0800446c   0x00000002   Code   RO          970    i.HAL_CAN_TxMailbox2AbortCallback  stm32f4xx_hal_can.o
    0x0800446e   0x0800446e   0x00000002   Code   RO          971    i.HAL_CAN_TxMailbox2CompleteCallback  stm32f4xx_hal_can.o
    0x08004470   0x08004470   0x00000002   Code   RO          973    i.HAL_CAN_WakeUpFromRxMsgCallback  stm32f4xx_hal_can.o
    0x08004472   0x08004472   0x00000002   PAD
    0x08004474   0x08004474   0x000000ec   Code   RO         1685    i.HAL_DMA_Init      stm32f4xx_hal_dma.o
    0x08004560   0x08004560   0x00000028   Code   RO         2103    i.HAL_Delay         stm32f4xx_hal.o
    0x08004588   0x08004588   0x00000002   Code   RO         1570    i.HAL_GPIO_EXTI_Callback  stm32f4xx_hal_gpio.o
    0x0800458a   0x0800458a   0x00000002   PAD
    0x0800458c   0x0800458c   0x0000001c   Code   RO         1571    i.HAL_GPIO_EXTI_IRQHandler  stm32f4xx_hal_gpio.o
    0x080045a8   0x080045a8   0x00000200   Code   RO         1572    i.HAL_GPIO_Init     stm32f4xx_hal_gpio.o
    0x080047a8   0x080047a8   0x0000000c   Code   RO         1576    i.HAL_GPIO_WritePin  stm32f4xx_hal_gpio.o
    0x080047b4   0x080047b4   0x0000000c   Code   RO         2109    i.HAL_GetTick       stm32f4xx_hal.o
    0x080047c0   0x080047c0   0x000001b8   Code   RO         2362    i.HAL_I2C_Init      stm32f4xx_hal_i2c.o
    0x08004978   0x08004978   0x000000c8   Code   RO          596    i.HAL_I2C_MspInit   i2c.o
    0x08004a40   0x08004a40   0x00000018   Code   RO         2115    i.HAL_IncTick       stm32f4xx_hal.o
    0x08004a58   0x08004a58   0x0000003c   Code   RO         2116    i.HAL_Init          stm32f4xx_hal.o
    0x08004a94   0x08004a94   0x0000004c   Code   RO         2117    i.HAL_InitTick      stm32f4xx_hal.o
    0x08004ae0   0x08004ae0   0x00000054   Code   RO          914    i.HAL_MspInit       stm32f4xx_hal_msp.o
    0x08004b34   0x08004b34   0x00000020   Code   RO         1961    i.HAL_NVIC_EnableIRQ  stm32f4xx_hal_cortex.o
    0x08004b54   0x08004b54   0x0000007c   Code   RO         1967    i.HAL_NVIC_SetPriority  stm32f4xx_hal_cortex.o
    0x08004bd0   0x08004bd0   0x00000028   Code   RO         1968    i.HAL_NVIC_SetPriorityGrouping  stm32f4xx_hal_cortex.o
    0x08004bf8   0x08004bf8   0x00000002   Code   RO         4667    i.HAL_PCDEx_LPM_Callback  stm32f4xx_hal_pcd_ex.o
    0x08004bfa   0x08004bfa   0x0000000a   Code   RO         4668    i.HAL_PCDEx_SetRxFiFo  stm32f4xx_hal_pcd_ex.o
    0x08004c04   0x08004c04   0x0000004e   Code   RO         4669    i.HAL_PCDEx_SetTxFiFo  stm32f4xx_hal_pcd_ex.o
    0x08004c52   0x08004c52   0x0000000e   Code   RO         8801    i.HAL_PCD_ConnectCallback  usbd_conf.o
    0x08004c60   0x08004c60   0x00000020   Code   RO         8802    i.HAL_PCD_DataInStageCallback  usbd_conf.o
    0x08004c80   0x08004c80   0x00000020   Code   RO         8803    i.HAL_PCD_DataOutStageCallback  usbd_conf.o
    0x08004ca0   0x08004ca0   0x0000000e   Code   RO         8804    i.HAL_PCD_DisconnectCallback  usbd_conf.o
    0x08004cae   0x08004cae   0x00000042   Code   RO         4432    i.HAL_PCD_EP_Abort  stm32f4xx_hal_pcd.o
    0x08004cf0   0x08004cf0   0x0000006a   Code   RO         4433    i.HAL_PCD_EP_Close  stm32f4xx_hal_pcd.o
    0x08004d5a   0x08004d5a   0x0000007c   Code   RO         4434    i.HAL_PCD_EP_ClrStall  stm32f4xx_hal_pcd.o
    0x08004dd6   0x08004dd6   0x00000016   Code   RO         4436    i.HAL_PCD_EP_GetRxCount  stm32f4xx_hal_pcd.o
    0x08004dec   0x08004dec   0x0000008c   Code   RO         4437    i.HAL_PCD_EP_Open   stm32f4xx_hal_pcd.o
    0x08004e78   0x08004e78   0x00000058   Code   RO         4438    i.HAL_PCD_EP_Receive  stm32f4xx_hal_pcd.o
    0x08004ed0   0x08004ed0   0x0000008a   Code   RO         4439    i.HAL_PCD_EP_SetStall  stm32f4xx_hal_pcd.o
    0x08004f5a   0x08004f5a   0x0000005a   Code   RO         4440    i.HAL_PCD_EP_Transmit  stm32f4xx_hal_pcd.o
    0x08004fb4   0x08004fb4   0x000006ca   Code   RO         4442    i.HAL_PCD_IRQHandler  stm32f4xx_hal_pcd.o
    0x0800567e   0x0800567e   0x00000012   Code   RO         8805    i.HAL_PCD_ISOINIncompleteCallback  usbd_conf.o
    0x08005690   0x08005690   0x00000012   Code   RO         8806    i.HAL_PCD_ISOOUTIncompleteCallback  usbd_conf.o
    0x080056a2   0x080056a2   0x00000166   Code   RO         4445    i.HAL_PCD_Init      stm32f4xx_hal_pcd.o
    0x08005808   0x08005808   0x000000a8   Code   RO         8808    i.HAL_PCD_MspInit   usbd_conf.o
    0x080058b0   0x080058b0   0x00000030   Code   RO         8809    i.HAL_PCD_ResetCallback  usbd_conf.o
    0x080058e0   0x080058e0   0x0000000e   Code   RO         8810    i.HAL_PCD_ResumeCallback  usbd_conf.o
    0x080058ee   0x080058ee   0x0000000e   Code   RO         8811    i.HAL_PCD_SOFCallback  usbd_conf.o
    0x080058fc   0x080058fc   0x00000036   Code   RO         4451    i.HAL_PCD_SetAddress  stm32f4xx_hal_pcd.o
    0x08005932   0x08005932   0x00000012   Code   RO         8812    i.HAL_PCD_SetupStageCallback  usbd_conf.o
    0x08005944   0x08005944   0x0000004a   Code   RO         4454    i.HAL_PCD_Start     stm32f4xx_hal_pcd.o
    0x0800598e   0x0800598e   0x00000002   PAD
    0x08005990   0x08005990   0x00000034   Code   RO         8813    i.HAL_PCD_SuspendCallback  usbd_conf.o
    0x080059c4   0x080059c4   0x00000180   Code   RO         1173    i.HAL_RCC_ClockConfig  stm32f4xx_hal_rcc.o
    0x08005b44   0x08005b44   0x0000000c   Code   RO         1178    i.HAL_RCC_GetHCLKFreq  stm32f4xx_hal_rcc.o
    0x08005b50   0x08005b50   0x00000020   Code   RO         1180    i.HAL_RCC_GetPCLK1Freq  stm32f4xx_hal_rcc.o
    0x08005b70   0x08005b70   0x00000020   Code   RO         1181    i.HAL_RCC_GetPCLK2Freq  stm32f4xx_hal_rcc.o
    0x08005b90   0x08005b90   0x000000b0   Code   RO         1182    i.HAL_RCC_GetSysClockFreq  stm32f4xx_hal_rcc.o
    0x08005c40   0x08005c40   0x00000448   Code   RO         1185    i.HAL_RCC_OscConfig  stm32f4xx_hal_rcc.o
    0x08006088   0x08006088   0x0000008c   Code   RO         2842    i.HAL_SPI_Init      stm32f4xx_hal_spi.o
    0x08006114   0x08006114   0x00000158   Code   RO          638    i.HAL_SPI_MspInit   spi.o
    0x0800626c   0x0800626c   0x0000022a   Code   RO         2851    i.HAL_SPI_TransmitReceive  stm32f4xx_hal_spi.o
    0x08006496   0x08006496   0x00000034   Code   RO         1972    i.HAL_SYSTICK_Config  stm32f4xx_hal_cortex.o
    0x080064ca   0x080064ca   0x00000054   Code   RO         3859    i.HAL_TIMEx_MasterConfigSynchronization  stm32f4xx_hal_tim_ex.o
    0x0800651e   0x0800651e   0x00000034   Code   RO         3155    i.HAL_TIM_Base_Init  stm32f4xx_hal_tim.o
    0x08006552   0x08006552   0x00000002   PAD
    0x08006554   0x08006554   0x0000008c   Code   RO          680    i.HAL_TIM_Base_MspInit  tim.o
    0x080065e0   0x080065e0   0x0000002a   Code   RO         3158    i.HAL_TIM_Base_Start  stm32f4xx_hal_tim.o
    0x0800660a   0x0800660a   0x00000108   Code   RO         3164    i.HAL_TIM_ConfigClockSource  stm32f4xx_hal_tim.o
    0x08006712   0x08006712   0x00000002   PAD
    0x08006714   0x08006714   0x000000e4   Code   RO          681    i.HAL_TIM_MspPostInit  tim.o
    0x080067f8   0x080067f8   0x00000108   Code   RO         3222    i.HAL_TIM_PWM_ConfigChannel  stm32f4xx_hal_tim.o
    0x08006900   0x08006900   0x00000034   Code   RO         3225    i.HAL_TIM_PWM_Init  stm32f4xx_hal_tim.o
    0x08006934   0x08006934   0x00000002   Code   RO         3227    i.HAL_TIM_PWM_MspInit  stm32f4xx_hal_tim.o
    0x08006936   0x08006936   0x00000002   PAD
    0x08006938   0x08006938   0x00000058   Code   RO         3230    i.HAL_TIM_PWM_Start  stm32f4xx_hal_tim.o
    0x08006990   0x08006990   0x00000072   Code   RO         4117    i.HAL_UART_Init     stm32f4xx_hal_uart.o
    0x08006a02   0x08006a02   0x00000002   PAD
    0x08006a04   0x08006a04   0x000000e0   Code   RO          740    i.HAL_UART_MspInit  usart.o
    0x08006ae4   0x08006ae4   0x00000130   Code   RO         7624    i.H_K_R_Adjustment  kalman_filter.o
    0x08006c14   0x08006c14   0x00000004   Code   RO          793    i.HardFault_Handler  stm32f4xx_it.o
    0x08006c18   0x08006c18   0x00000374   Code   RO         9724    i.IMU_Param_Correction  ins_task.o
    0x08006f8c   0x08006f8c   0x00000238   Code   RO         7859    i.IMU_QuaternionEKF_F_Linearization_P_Fading  quaternionekf.o
    0x080071c4   0x080071c4   0x00000130   Code   RO         7860    i.IMU_QuaternionEKF_Init  quaternionekf.o
    0x080072f4   0x080072f4   0x00000034   Code   RO         7861    i.IMU_QuaternionEKF_Observe  quaternionekf.o
    0x08007328   0x08007328   0x00000128   Code   RO         7862    i.IMU_QuaternionEKF_SetH  quaternionekf.o
    0x08007450   0x08007450   0x00000634   Code   RO         7863    i.IMU_QuaternionEKF_Update  quaternionekf.o
    0x08007a84   0x08007a84   0x00000508   Code   RO         7864    i.IMU_QuaternionEKF_xhatUpdate  quaternionekf.o
    0x08007f8c   0x08007f8c   0x00000074   Code   RO         9725    i.IMU_Temperature_Ctrl  ins_task.o
    0x08008000   0x08008000   0x000000c4   Code   RO         9726    i.INS_Init          ins_task.o
    0x080080c4   0x080080c4   0x00000290   Code   RO         9727    i.INS_Task          ins_task.o
    0x08008354   0x08008354   0x0000003e   Code   RO         9009    i.IntToUnicode      usbd_desc.o
    0x08008392   0x08008392   0x00000002   PAD
    0x08008394   0x08008394   0x0000070c   Code   RO         7625    i.Kalman_Filter_Init  kalman_filter.o
    0x08008aa0   0x08008aa0   0x00000050   Code   RO         7626    i.Kalman_Filter_Measure  kalman_filter.o
    0x08008af0   0x08008af0   0x00000068   Code   RO         7627    i.Kalman_Filter_P_Update  kalman_filter.o
    0x08008b58   0x08008b58   0x00000068   Code   RO         7628    i.Kalman_Filter_PminusUpdate  kalman_filter.o
    0x08008bc0   0x08008bc0   0x000000d2   Code   RO         7629    i.Kalman_Filter_SetK  kalman_filter.o
    0x08008c92   0x08008c92   0x00000002   PAD
    0x08008c94   0x08008c94   0x00000128   Code   RO         7630    i.Kalman_Filter_Update  kalman_filter.o
    0x08008dbc   0x08008dbc   0x0000007c   Code   RO         7631    i.Kalman_Filter_xhatMinusUpdate  kalman_filter.o
    0x08008e38   0x08008e38   0x00000086   Code   RO         7632    i.Kalman_Filter_xhatUpdate  kalman_filter.o
    0x08008ebe   0x08008ebe   0x00000036   Code   RO         9341    i.LossUpdate        debug.o
    0x08008ef4   0x08008ef4   0x000000fc   Code   RO         8649    i.M2006_Decode      m2006.o
    0x08008ff0   0x08008ff0   0x00000090   Code   RO         8650    i.M2006_SendPack    m2006.o
    0x08009080   0x08009080   0x00000174   Code   RO         8667    i.M3508_Decode      m3508.o
    0x080091f4   0x080091f4   0x000000d8   Code   RO         8668    i.M3508_SendPack    m3508.o
    0x080092cc   0x080092cc   0x00000044   Code   RO          524    i.MX_CAN1_Init      can.o
    0x08009310   0x08009310   0x00000048   Code   RO          525    i.MX_CAN2_Init      can.o
    0x08009358   0x08009358   0x00000078   Code   RO          571    i.MX_DMA_Init       dma.o
    0x080093d0   0x080093d0   0x00000098   Code   RO          355    i.MX_FREERTOS_Init  freertos.o
    0x08009468   0x08009468   0x00000340   Code   RO          331    i.MX_GPIO_Init      gpio.o
    0x080097a8   0x080097a8   0x0000003c   Code   RO          597    i.MX_I2C3_Init      i2c.o
    0x080097e4   0x080097e4   0x00000048   Code   RO          639    i.MX_SPI1_Init      spi.o
    0x0800982c   0x0800982c   0x0000006c   Code   RO          682    i.MX_TIM10_Init     tim.o
    0x08009898   0x08009898   0x0000004c   Code   RO          683    i.MX_TIM2_Init      tim.o
    0x080098e4   0x080098e4   0x000000c4   Code   RO          684    i.MX_TIM5_Init      tim.o
    0x080099a8   0x080099a8   0x00000038   Code   RO          741    i.MX_USART3_UART_Init  usart.o
    0x080099e0   0x080099e0   0x0000004c   Code   RO         8713    i.MX_USB_DEVICE_Init  usb_device.o
    0x08009a2c   0x08009a2c   0x00000004   Code   RO          794    i.MemManage_Handler  stm32f4xx_it.o
    0x08009a30   0x08009a30   0x0000025c   Code   RO         6554    i.MotorReceive      bsp_can.o
    0x08009c8c   0x08009c8c   0x000000b0   Code   RO         9805    i.Motor_Config_Init  can_send_config.o
    0x08009d3c   0x08009d3c   0x000001d8   Code   RO         9505    i.Motor_Data_Pack   gimbaltask.o
    0x08009f14   0x08009f14   0x00000088   Code   RO         9506    i.Motor_Data_Send   gimbaltask.o
    0x08009f9c   0x08009f9c   0x00000002   Code   RO          795    i.NMI_Handler       stm32f4xx_it.o
    0x08009f9e   0x08009f9e   0x00000002   PAD
    0x08009fa0   0x08009fa0   0x000001cc   Code   RO         8093    i.OLS_Derivative    user_lib.o
    0x0800a16c   0x0800a16c   0x0000004c   Code   RO         8094    i.OLS_Init          user_lib.o
    0x0800a1b8   0x0800a1b8   0x00000010   Code   RO          796    i.OTG_FS_IRQHandler  stm32f4xx_it.o
    0x0800a1c8   0x0800a1c8   0x00000160   Code   RO         9663    i.Offline_task      offline_task.o
    0x0800a328   0x0800a328   0x00000064   Code   RO         4458    i.PCD_EP_OutSetupPacket_int  stm32f4xx_hal_pcd.o
    0x0800a38c   0x0800a38c   0x00000144   Code   RO         4459    i.PCD_EP_OutXfrComplete_int  stm32f4xx_hal_pcd.o
    0x0800a4d0   0x0800a4d0   0x000000b6   Code   RO         4460    i.PCD_WriteEmptyTxFifo  stm32f4xx_hal_pcd.o
    0x0800a586   0x0800a586   0x00000276   Code   RO         7751    i.PID_Calculate     pid.o
    0x0800a7fc   0x0800a7fc   0x00000054   Code   RO         7752    i.PID_Clear         pid.o
    0x0800a850   0x0800a850   0x000000a4   Code   RO         7753    i.PID_Init          pid.o
    0x0800a8f4   0x0800a8f4   0x000000f0   Code   RO         7059    i.Pack_InfantryMode  chassissend.o
    0x0800a9e4   0x0800a9e4   0x0000005c   Code   RO         7060    i.Pack_Yaw          chassissend.o
    0x0800aa40   0x0800aa40   0x0000009c   Code   RO         6940    i.RC_Init           bsp_rc.o
    0x0800aadc   0x0800aadc   0x00000038   Code   RO         7381    i.RC_Rst            remote_control.o
    0x0800ab14   0x0800ab14   0x0000001e   Code   RO         7382    i.RemoteLimit       remote_control.o
    0x0800ab32   0x0800ab32   0x00000002   PAD
    0x0800ab34   0x0800ab34   0x000000f8   Code   RO         7383    i.RemoteReceive     remote_control.o
    0x0800ac2c   0x0800ac2c   0x00000024   Code   RO           15    i.Robot_Init        main.o
    0x0800ac50   0x0800ac50   0x0000006c   Code   RO         8015    i.SIInit            systemidentification.o
    0x0800acbc   0x0800acbc   0x0000006c   Code   RO         2880    i.SPI_EndRxTxTransaction  stm32f4xx_hal_spi.o
    0x0800ad28   0x0800ad28   0x000000a8   Code   RO         2885    i.SPI_WaitFlagStateUntilTimeout  stm32f4xx_hal_spi.o
    0x0800add0   0x0800add0   0x00000012   Code   RO         8434    i.SWAPBYTE          usbd_ctlreq.o
    0x0800ade2   0x0800ade2   0x00000002   PAD
    0x0800ade4   0x0800ade4   0x00000018   Code   RO         7331    i.SendtoPC          pc_serial.o
    0x0800adfc   0x0800adfc   0x00000094   Code   RO         7332    i.SendtoPCPack      pc_serial.o
    0x0800ae90   0x0800ae90   0x00000002   Code   RO         9507    i.Shoot_Autoaim_Cal  gimbaltask.o
    0x0800ae92   0x0800ae92   0x00000002   Code   RO         9508    i.Shoot_Check_Cal   gimbaltask.o
    0x0800ae94   0x0800ae94   0x00000124   Code   RO         9509    i.Shoot_Fire_Cal    gimbaltask.o
    0x0800afb8   0x0800afb8   0x00000098   Code   RO         9510    i.Shoot_Powerdown_Cal  gimbaltask.o
    0x0800b050   0x0800b050   0x0000004c   Code   RO         9511    i.Shoot_Supply_Cal  gimbaltask.o
    0x0800b09c   0x0800b09c   0x00000064   Code   RO         9512    i.Shoot_Test_Cal    gimbaltask.o
    0x0800b100   0x0800b100   0x00000034   Code   RO         7961    i.SinInit           signalgenerator.o
    0x0800b134   0x0800b134   0x00000068   Code   RO         8097    i.Sqrt              user_lib.o
    0x0800b19c   0x0800b19c   0x00000014   Code   RO          797    i.SysTick_Handler   stm32f4xx_it.o
    0x0800b1b0   0x0800b1b0   0x000000b4   Code   RO           16    i.SystemClock_Config  main.o
    0x0800b264   0x0800b264   0x00000064   Code   RO         5020    i.SystemInit        system_stm32f4xx.o
    0x0800b2c8   0x0800b2c8   0x000002ec   Code   RO         8056    i.TD_Calculate      td.o
    0x0800b5b4   0x0800b5b4   0x0000002c   Code   RO         8057    i.TD_Clear          td.o
    0x0800b5e0   0x0800b5e0   0x00000038   Code   RO         8058    i.TD_Init           td.o
    0x0800b618   0x0800b618   0x000000d8   Code   RO         3243    i.TIM_Base_SetConfig  stm32f4xx_hal_tim.o
    0x0800b6f0   0x0800b6f0   0x00000022   Code   RO         3244    i.TIM_CCxChannelCmd  stm32f4xx_hal_tim.o
    0x0800b712   0x0800b712   0x00000016   Code   RO         3254    i.TIM_ETR_SetConfig  stm32f4xx_hal_tim.o
    0x0800b728   0x0800b728   0x00000012   Code   RO         3255    i.TIM_ITRx_SetConfig  stm32f4xx_hal_tim.o
    0x0800b73a   0x0800b73a   0x00000002   PAD
    0x0800b73c   0x0800b73c   0x00000070   Code   RO         3256    i.TIM_OC1_SetConfig  stm32f4xx_hal_tim.o
    0x0800b7ac   0x0800b7ac   0x0000007c   Code   RO         3257    i.TIM_OC2_SetConfig  stm32f4xx_hal_tim.o
    0x0800b828   0x0800b828   0x00000078   Code   RO         3258    i.TIM_OC3_SetConfig  stm32f4xx_hal_tim.o
    0x0800b8a0   0x0800b8a0   0x00000054   Code   RO         3259    i.TIM_OC4_SetConfig  stm32f4xx_hal_tim.o
    0x0800b8f4   0x0800b8f4   0x0000003a   Code   RO         6913    i.TIM_Set_PWM       bsp_pwm.o
    0x0800b92e   0x0800b92e   0x00000026   Code   RO         3261    i.TIM_TI1_ConfigInputStage  stm32f4xx_hal_tim.o
    0x0800b954   0x0800b954   0x00000028   Code   RO         3263    i.TIM_TI2_ConfigInputStage  stm32f4xx_hal_tim.o
    0x0800b97c   0x0800b97c   0x0000002c   Code   RO         7470    i.ToggleAddGrid     togglebullet.o
    0x0800b9a8   0x0800b9a8   0x00000080   Code   RO         7471    i.TogglePidInit     togglebullet.o
    0x0800ba28   0x0800ba28   0x0000009c   Code   RO         7472    i.Toggle_Calculate  togglebullet.o
    0x0800bac4   0x0800bac4   0x00000368   Code   RO         4144    i.UART_SetConfig    stm32f4xx_hal_uart.o
    0x0800be2c   0x0800be2c   0x0000011c   Code   RO         6943    i.USART3_IRQHandler  bsp_rc.o
    0x0800bf48   0x0800bf48   0x000000c4   Code   RO         8154    i.USBD_CDC_DataIn   usbd_cdc.o
    0x0800c00c   0x0800c00c   0x00000048   Code   RO         8155    i.USBD_CDC_DataOut  usbd_cdc.o
    0x0800c054   0x0800c054   0x000000d4   Code   RO         8156    i.USBD_CDC_DeInit   usbd_cdc.o
    0x0800c128   0x0800c128   0x00000050   Code   RO         8157    i.USBD_CDC_EP0_RxReady  usbd_cdc.o
    0x0800c178   0x0800c178   0x00000010   Code   RO         8158    i.USBD_CDC_GetDeviceQualifierDescriptor  usbd_cdc.o
    0x0800c188   0x0800c188   0x00000044   Code   RO         8159    i.USBD_CDC_GetFSCfgDesc  usbd_cdc.o
    0x0800c1cc   0x0800c1cc   0x00000048   Code   RO         8160    i.USBD_CDC_GetHSCfgDesc  usbd_cdc.o
    0x0800c214   0x0800c214   0x00000044   Code   RO         8161    i.USBD_CDC_GetOtherSpeedCfgDesc  usbd_cdc.o
    0x0800c258   0x0800c258   0x000001a0   Code   RO         8162    i.USBD_CDC_Init     usbd_cdc.o
    0x0800c3f8   0x0800c3f8   0x00000050   Code   RO         8163    i.USBD_CDC_ReceivePacket  usbd_cdc.o
    0x0800c448   0x0800c448   0x00000018   Code   RO         8164    i.USBD_CDC_RegisterInterface  usbd_cdc.o
    0x0800c460   0x0800c460   0x0000001e   Code   RO         8165    i.USBD_CDC_SetRxBuffer  usbd_cdc.o
    0x0800c47e   0x0800c47e   0x00000024   Code   RO         8166    i.USBD_CDC_SetTxBuffer  usbd_cdc.o
    0x0800c4a2   0x0800c4a2   0x00000140   Code   RO         8167    i.USBD_CDC_Setup    usbd_cdc.o
    0x0800c5e2   0x0800c5e2   0x00000002   PAD
    0x0800c5e4   0x0800c5e4   0x00000064   Code   RO         8168    i.USBD_CDC_TransmitPacket  usbd_cdc.o
    0x0800c648   0x0800c648   0x0000001c   Code   RO         8272    i.USBD_ClrClassConfig  usbd_core.o
    0x0800c664   0x0800c664   0x0000003e   Code   RO         8435    i.USBD_ClrFeature   usbd_ctlreq.o
    0x0800c6a2   0x0800c6a2   0x00000006   Code   RO         8273    i.USBD_CoreFindEP   usbd_core.o
    0x0800c6a8   0x0800c6a8   0x00000006   Code   RO         8274    i.USBD_CoreFindIF   usbd_core.o
    0x0800c6ae   0x0800c6ae   0x00000018   Code   RO         8537    i.USBD_CtlContinueRx  usbd_ioreq.o
    0x0800c6c6   0x0800c6c6   0x00000018   Code   RO         8538    i.USBD_CtlContinueSendData  usbd_ioreq.o
    0x0800c6de   0x0800c6de   0x00000018   Code   RO         8436    i.USBD_CtlError     usbd_ctlreq.o
    0x0800c6f6   0x0800c6f6   0x00000028   Code   RO         8539    i.USBD_CtlPrepareRx  usbd_ioreq.o
    0x0800c71e   0x0800c71e   0x0000001a   Code   RO         8540    i.USBD_CtlReceiveStatus  usbd_ioreq.o
    0x0800c738   0x0800c738   0x00000022   Code   RO         8541    i.USBD_CtlSendData  usbd_ioreq.o
    0x0800c75a   0x0800c75a   0x0000001a   Code   RO         8542    i.USBD_CtlSendStatus  usbd_ioreq.o
    0x0800c774   0x0800c774   0x00000034   Code   RO         9010    i.USBD_FS_ConfigStrDescriptor  usbd_desc.o
    0x0800c7a8   0x0800c7a8   0x00000010   Code   RO         9011    i.USBD_FS_DeviceDescriptor  usbd_desc.o
    0x0800c7b8   0x0800c7b8   0x00000038   Code   RO         9012    i.USBD_FS_InterfaceStrDescriptor  usbd_desc.o
    0x0800c7f0   0x0800c7f0   0x00000010   Code   RO         9013    i.USBD_FS_LangIDStrDescriptor  usbd_desc.o
    0x0800c800   0x0800c800   0x0000002c   Code   RO         9014    i.USBD_FS_ManufacturerStrDescriptor  usbd_desc.o
    0x0800c82c   0x0800c82c   0x00000040   Code   RO         9015    i.USBD_FS_ProductStrDescriptor  usbd_desc.o
    0x0800c86c   0x0800c86c   0x00000018   Code   RO         9016    i.USBD_FS_SerialStrDescriptor  usbd_desc.o
    0x0800c884   0x0800c884   0x00000056   Code   RO         8437    i.USBD_GetConfig    usbd_ctlreq.o
    0x0800c8da   0x0800c8da   0x000001fc   Code   RO         8438    i.USBD_GetDescriptor  usbd_ctlreq.o
    0x0800cad6   0x0800cad6   0x00000050   Code   RO         8276    i.USBD_GetEpDesc    usbd_core.o
    0x0800cb26   0x0800cb26   0x00000016   Code   RO         8439    i.USBD_GetLen       usbd_ctlreq.o
    0x0800cb3c   0x0800cb3c   0x00000014   Code   RO         8277    i.USBD_GetNextDesc  usbd_core.o
    0x0800cb50   0x0800cb50   0x0000005a   Code   RO         8440    i.USBD_GetStatus    usbd_ctlreq.o
    0x0800cbaa   0x0800cbaa   0x00000054   Code   RO         8441    i.USBD_GetString    usbd_ctlreq.o
    0x0800cbfe   0x0800cbfe   0x0000002c   Code   RO         8814    i.USBD_Get_USB_Status  usbd_conf.o
    0x0800cc2a   0x0800cc2a   0x0000003a   Code   RO         8278    i.USBD_Init         usbd_core.o
    0x0800cc64   0x0800cc64   0x00000026   Code   RO         8815    i.USBD_LL_ClearStallEP  usbd_conf.o
    0x0800cc8a   0x0800cc8a   0x00000026   Code   RO         8816    i.USBD_LL_CloseEP   usbd_conf.o
    0x0800ccb0   0x0800ccb0   0x00000108   Code   RO         8279    i.USBD_LL_DataInStage  usbd_core.o
    0x0800cdb8   0x0800cdb8   0x00000102   Code   RO         8280    i.USBD_LL_DataOutStage  usbd_core.o
    0x0800ceba   0x0800ceba   0x00000006   Code   RO         8281    i.USBD_LL_DevConnected  usbd_core.o
    0x0800cec0   0x0800cec0   0x00000026   Code   RO         8282    i.USBD_LL_DevDisconnected  usbd_core.o
    0x0800cee6   0x0800cee6   0x00000012   Code   RO         8820    i.USBD_LL_GetRxDataSize  usbd_conf.o
    0x0800cef8   0x0800cef8   0x00000068   Code   RO         8821    i.USBD_LL_Init      usbd_conf.o
    0x0800cf60   0x0800cf60   0x00000038   Code   RO         8822    i.USBD_LL_IsStallEP  usbd_conf.o
    0x0800cf98   0x0800cf98   0x00000048   Code   RO         8283    i.USBD_LL_IsoINIncomplete  usbd_core.o
    0x0800cfe0   0x0800cfe0   0x00000048   Code   RO         8284    i.USBD_LL_IsoOUTIncomplete  usbd_core.o
    0x0800d028   0x0800d028   0x00000030   Code   RO         8823    i.USBD_LL_OpenEP    usbd_conf.o
    0x0800d058   0x0800d058   0x00000030   Code   RO         8824    i.USBD_LL_PrepareReceive  usbd_conf.o
    0x0800d088   0x0800d088   0x0000006c   Code   RO         8285    i.USBD_LL_Reset     usbd_core.o
    0x0800d0f4   0x0800d0f4   0x00000016   Code   RO         8286    i.USBD_LL_Resume    usbd_core.o
    0x0800d10a   0x0800d10a   0x00000028   Code   RO         8287    i.USBD_LL_SOF       usbd_core.o
    0x0800d132   0x0800d132   0x00000008   Code   RO         8288    i.USBD_LL_SetSpeed  usbd_core.o
    0x0800d13a   0x0800d13a   0x00000026   Code   RO         8825    i.USBD_LL_SetUSBAddress  usbd_conf.o
    0x0800d160   0x0800d160   0x00000076   Code   RO         8289    i.USBD_LL_SetupStage  usbd_core.o
    0x0800d1d6   0x0800d1d6   0x00000026   Code   RO         8826    i.USBD_LL_StallEP   usbd_conf.o
    0x0800d1fc   0x0800d1fc   0x0000001e   Code   RO         8827    i.USBD_LL_Start     usbd_conf.o
    0x0800d21a   0x0800d21a   0x00000014   Code   RO         8290    i.USBD_LL_Suspend   usbd_core.o
    0x0800d22e   0x0800d22e   0x00000030   Code   RO         8829    i.USBD_LL_Transmit  usbd_conf.o
    0x0800d25e   0x0800d25e   0x00000036   Code   RO         8442    i.USBD_ParseSetupRequest  usbd_ctlreq.o
    0x0800d294   0x0800d294   0x00000048   Code   RO         8291    i.USBD_RegisterClass  usbd_core.o
    0x0800d2dc   0x0800d2dc   0x00000006   Code   RO         8292    i.USBD_RunTestMode  usbd_core.o
    0x0800d2e2   0x0800d2e2   0x0000005a   Code   RO         8443    i.USBD_SetAddress   usbd_ctlreq.o
    0x0800d33c   0x0800d33c   0x00000020   Code   RO         8293    i.USBD_SetClassConfig  usbd_core.o
    0x0800d35c   0x0800d35c   0x00000104   Code   RO         8444    i.USBD_SetConfig    usbd_ctlreq.o
    0x0800d460   0x0800d460   0x00000038   Code   RO         8445    i.USBD_SetFeature   usbd_ctlreq.o
    0x0800d498   0x0800d498   0x0000000c   Code   RO         8294    i.USBD_Start        usbd_core.o
    0x0800d4a4   0x0800d4a4   0x000000ae   Code   RO         8446    i.USBD_StdDevReq    usbd_ctlreq.o
    0x0800d552   0x0800d552   0x00000280   Code   RO         8447    i.USBD_StdEPReq     usbd_ctlreq.o
    0x0800d7d2   0x0800d7d2   0x000000ae   Code   RO         8448    i.USBD_StdItfReq    usbd_ctlreq.o
    0x0800d880   0x0800d880   0x00000002   Code   RO         8830    i.USBD_static_free  usbd_conf.o
    0x0800d882   0x0800d882   0x00000002   PAD
    0x0800d884   0x0800d884   0x0000000c   Code   RO         8831    i.USBD_static_malloc  usbd_conf.o
    0x0800d890   0x0800d890   0x000000d0   Code   RO         4709    i.USB_ActivateEndpoint  stm32f4xx_ll_usb.o
    0x0800d960   0x0800d960   0x00000028   Code   RO         4711    i.USB_ActivateSetup  stm32f4xx_ll_usb.o
    0x0800d988   0x0800d988   0x00000084   Code   RO         4713    i.USB_CoreInit      stm32f4xx_ll_usb.o
    0x0800da0c   0x0800da0c   0x00000058   Code   RO         4714    i.USB_CoreReset     stm32f4xx_ll_usb.o
    0x0800da64   0x0800da64   0x0000014c   Code   RO         4717    i.USB_DeactivateEndpoint  stm32f4xx_ll_usb.o
    0x0800dbb0   0x0800dbb0   0x00000024   Code   RO         4718    i.USB_DevConnect    stm32f4xx_ll_usb.o
    0x0800dbd4   0x0800dbd4   0x00000024   Code   RO         4719    i.USB_DevDisconnect  stm32f4xx_ll_usb.o
    0x0800dbf8   0x0800dbf8   0x000001e0   Code   RO         4720    i.USB_DevInit       stm32f4xx_ll_usb.o
    0x0800ddd8   0x0800ddd8   0x0000000e   Code   RO         4721    i.USB_DisableGlobalInt  stm32f4xx_ll_usb.o
    0x0800dde6   0x0800dde6   0x00000002   PAD
    0x0800dde8   0x0800dde8   0x000001dc   Code   RO         4724    i.USB_EP0StartXfer  stm32f4xx_ll_usb.o
    0x0800dfc4   0x0800dfc4   0x00000070   Code   RO         4725    i.USB_EP0_OutStart  stm32f4xx_ll_usb.o
    0x0800e034   0x0800e034   0x0000008e   Code   RO         4726    i.USB_EPClearStall  stm32f4xx_ll_usb.o
    0x0800e0c2   0x0800e0c2   0x0000009a   Code   RO         4727    i.USB_EPSetStall    stm32f4xx_ll_usb.o
    0x0800e15c   0x0800e15c   0x00000348   Code   RO         4728    i.USB_EPStartXfer   stm32f4xx_ll_usb.o
    0x0800e4a4   0x0800e4a4   0x000000ec   Code   RO         4729    i.USB_EPStopXfer    stm32f4xx_ll_usb.o
    0x0800e590   0x0800e590   0x0000000e   Code   RO         4730    i.USB_EnableGlobalInt  stm32f4xx_ll_usb.o
    0x0800e59e   0x0800e59e   0x00000002   PAD
    0x0800e5a0   0x0800e5a0   0x00000054   Code   RO         4731    i.USB_FlushRxFifo   stm32f4xx_ll_usb.o
    0x0800e5f4   0x0800e5f4   0x00000058   Code   RO         4732    i.USB_FlushTxFifo   stm32f4xx_ll_usb.o
    0x0800e64c   0x0800e64c   0x00000026   Code   RO         4734    i.USB_GetDevSpeed   stm32f4xx_ll_usb.o
    0x0800e672   0x0800e672   0x0000000a   Code   RO         4736    i.USB_GetMode       stm32f4xx_ll_usb.o
    0x0800e67c   0x0800e67c   0x00000014   Code   RO         4743    i.USB_ReadDevAllInEpInterrupt  stm32f4xx_ll_usb.o
    0x0800e690   0x0800e690   0x00000014   Code   RO         4744    i.USB_ReadDevAllOutEpInterrupt  stm32f4xx_ll_usb.o
    0x0800e6a4   0x0800e6a4   0x00000032   Code   RO         4745    i.USB_ReadDevInEPInterrupt  stm32f4xx_ll_usb.o
    0x0800e6d6   0x0800e6d6   0x0000001a   Code   RO         4746    i.USB_ReadDevOutEPInterrupt  stm32f4xx_ll_usb.o
    0x0800e6f0   0x0800e6f0   0x0000000a   Code   RO         4747    i.USB_ReadInterrupts  stm32f4xx_ll_usb.o
    0x0800e6fa   0x0800e6fa   0x00000060   Code   RO         4748    i.USB_ReadPacket    stm32f4xx_ll_usb.o
    0x0800e75a   0x0800e75a   0x00000068   Code   RO         4750    i.USB_SetCurrentMode  stm32f4xx_ll_usb.o
    0x0800e7c2   0x0800e7c2   0x0000002a   Code   RO         4751    i.USB_SetDevAddress  stm32f4xx_ll_usb.o
    0x0800e7ec   0x0800e7ec   0x00000012   Code   RO         4752    i.USB_SetDevSpeed   stm32f4xx_ll_usb.o
    0x0800e7fe   0x0800e7fe   0x00000002   PAD
    0x0800e800   0x0800e800   0x000000e8   Code   RO         4753    i.USB_SetTurnaroundTime  stm32f4xx_ll_usb.o
    0x0800e8e8   0x0800e8e8   0x00000044   Code   RO         4756    i.USB_WritePacket   stm32f4xx_ll_usb.o
    0x0800e92c   0x0800e92c   0x00000004   Code   RO          798    i.UsageFault_Handler  stm32f4xx_it.o
    0x0800e930   0x0800e930   0x000000b4   Code   RO         9399    i.ZeroCheck         zerocheck.o
    0x0800e9e4   0x0800e9e4   0x00000026   Code   RO        10279    i.__ARM_fpclassifyf  m_wm.l(fpclassifyf.o)
    0x0800ea0a   0x0800ea0a   0x00000002   PAD
    0x0800ea0c   0x0800ea0c   0x00000010   Code   RO         1974    i.__NVIC_GetPriorityGrouping  stm32f4xx_hal_cortex.o
    0x0800ea1c   0x0800ea1c   0x00000028   Code   RO         1975    i.__NVIC_SetPriority  stm32f4xx_hal_cortex.o
    0x0800ea44   0x0800ea44   0x00000118   Code   RO        10127    i.__hardfp_acosf    m_wm.l(acosf.o)
    0x0800eb5c   0x0800eb5c   0x0000012c   Code   RO        10139    i.__hardfp_asinf    m_wm.l(asinf.o)
    0x0800ec88   0x0800ec88   0x000002ac   Code   RO        10151    i.__hardfp_atan2f   m_wm.l(atan2f.o)
    0x0800ef34   0x0800ef34   0x0000003a   Code   RO        10169    i.__hardfp_sqrtf    m_wm.l(sqrtf.o)
    0x0800ef6e   0x0800ef6e   0x00000006   Code   RO        10282    i.__mathlib_flt_infnan  m_wm.l(funder.o)
    0x0800ef74   0x0800ef74   0x00000006   Code   RO        10283    i.__mathlib_flt_infnan2  m_wm.l(funder.o)
    0x0800ef7a   0x0800ef7a   0x00000002   PAD
    0x0800ef7c   0x0800ef7c   0x00000010   Code   RO        10284    i.__mathlib_flt_invalid  m_wm.l(funder.o)
    0x0800ef8c   0x0800ef8c   0x00000010   Code   RO        10287    i.__mathlib_flt_underflow  m_wm.l(funder.o)
    0x0800ef9c   0x0800ef9c   0x00000002   Code   RO         7124    i.blueToothStateUpdate  chassissolver.o
    0x0800ef9e   0x0800ef9e   0x00000002   PAD
    0x0800efa0   0x0800efa0   0x0000016c   Code   RO         9092    i.bmi088_accel_init  bmi088driver.o
    0x0800f10c   0x0800f10c   0x00000130   Code   RO         9093    i.bmi088_gyro_init  bmi088driver.o
    0x0800f23c   0x0800f23c   0x00000118   Code   RO         6555    i.can_filter_init   bsp_can.o
    0x0800f354   0x0800f354   0x000000c8   Code   RO         7754    i.f_Changing_Integration_Rate  pid.o
    0x0800f41c   0x0800f41c   0x00000042   Code   RO         7755    i.f_Derivative_Filter  pid.o
    0x0800f45e   0x0800f45e   0x000000ca   Code   RO         7756    i.f_Derivative_On_Measurement  pid.o
    0x0800f528   0x0800f528   0x000000d4   Code   RO         7757    i.f_Integral_Limit  pid.o
    0x0800f5fc   0x0800f5fc   0x00000042   Code   RO         7758    i.f_Output_Filter   pid.o
    0x0800f63e   0x0800f63e   0x0000003e   Code   RO         7759    i.f_Output_Limit    pid.o
    0x0800f67c   0x0800f67c   0x000000a4   Code   RO         7760    i.f_PID_ErrorHandle  pid.o
    0x0800f720   0x0800f720   0x0000003e   Code   RO         7761    i.f_Proportion_Limit  pid.o
    0x0800f75e   0x0800f75e   0x00000066   Code   RO         7762    i.f_Trapezoid_Intergral  pid.o
    0x0800f7c4   0x0800f7c4   0x00000048   Code   RO         9376    i.float_rounding    tools.o
    0x0800f80c   0x0800f80c   0x00000038   Code   RO         7127    i.get_control_info  chassissolver.o
    0x0800f844   0x0800f844   0x0000001a   Code   RO         7698    i.iir               my_filter.o
    0x0800f85e   0x0800f85e   0x00000018   Code   RO         7384    i.initRemoteControl  remote_control.o
    0x0800f876   0x0800f876   0x00000002   PAD
    0x0800f878   0x0800f878   0x0000003c   Code   RO         7865    i.invSqrt           quaternionekf.o
    0x0800f8b4   0x0800f8b4   0x00000098   Code   RO         7243    i.limitPitchAngle   gimbal.o
    0x0800f94c   0x0800f94c   0x00000014   Code   RO           17    i.main              main.o
    0x0800f960   0x0800f960   0x0000000e   Code   RO         6043    i.makeFreeRtosPriority  cmsis_os.o
    0x0800f96e   0x0800f96e   0x0000000a   Code   RO         6048    i.osKernelStart     cmsis_os.o
    0x0800f978   0x0800f978   0x0000005e   Code   RO         6082    i.osThreadCreate    cmsis_os.o
    0x0800f9d6   0x0800f9d6   0x00000002   PAD
    0x0800f9d8   0x0800f9d8   0x000000a4   Code   RO         5541    i.prvAddCurrentTaskToDelayedList  tasks.o
    0x0800fa7c   0x0800fa7c   0x000000b4   Code   RO         5542    i.prvAddNewTaskToReadyList  tasks.o
    0x0800fb30   0x0800fb30   0x00000074   Code   RO         5890    i.prvCheckForValidListAndQueue  timers.o
    0x0800fba4   0x0800fba4   0x00000048   Code   RO         5543    i.prvCheckTasksWaitingTermination  tasks.o
    0x0800fbec   0x0800fbec   0x0000002a   Code   RO         5197    i.prvCopyDataFromQueue  queue.o
    0x0800fc16   0x0800fc16   0x0000007c   Code   RO         5198    i.prvCopyDataToQueue  queue.o
    0x0800fc92   0x0800fc92   0x00000050   Code   RO         5544    i.prvDeleteTCB      tasks.o
    0x0800fce2   0x0800fce2   0x00000002   PAD
    0x0800fce4   0x0800fce4   0x00000028   Code   RO         5891    i.prvGetNextExpireTime  timers.o
    0x0800fd0c   0x0800fd0c   0x0000007c   Code   RO         6422    i.prvHeapInit       heap_4.o
    0x0800fd88   0x0800fd88   0x00000028   Code   RO         5545    i.prvIdleTask       tasks.o
    0x0800fdb0   0x0800fdb0   0x00000026   Code   RO         5201    i.prvInitialiseNewQueue  queue.o
    0x0800fdd6   0x0800fdd6   0x000000b8   Code   RO         5546    i.prvInitialiseNewTask  tasks.o
    0x0800fe8e   0x0800fe8e   0x00000002   PAD
    0x0800fe90   0x0800fe90   0x00000068   Code   RO         5547    i.prvInitialiseTaskLists  tasks.o
    0x0800fef8   0x0800fef8   0x00000068   Code   RO         6423    i.prvInsertBlockIntoFreeList  heap_4.o
    0x0800ff60   0x0800ff60   0x00000058   Code   RO         5893    i.prvInsertTimerInActiveList  timers.o
    0x0800ffb8   0x0800ffb8   0x0000001a   Code   RO         5202    i.prvIsQueueEmpty   queue.o
    0x0800ffd2   0x0800ffd2   0x0000001e   Code   RO         5203    i.prvIsQueueFull    queue.o
    0x0800fff0   0x0800fff0   0x00000064   Code   RO         5894    i.prvProcessExpiredTimer  timers.o
    0x08010054   0x08010054   0x00000128   Code   RO         5895    i.prvProcessReceivedCommands  timers.o
    0x0801017c   0x0801017c   0x00000074   Code   RO         5896    i.prvProcessTimerOrBlockTask  timers.o
    0x080101f0   0x080101f0   0x00000034   Code   RO         5548    i.prvResetNextTaskUnblockTime  tasks.o
    0x08010224   0x08010224   0x0000002c   Code   RO         5897    i.prvSampleTimeNow  timers.o
    0x08010250   0x08010250   0x000000a0   Code   RO         5898    i.prvSwitchTimerLists  timers.o
    0x080102f0   0x080102f0   0x00000040   Code   RO         6472    i.prvTaskExitError  port.o
    0x08010330   0x08010330   0x0000001a   Code   RO         5899    i.prvTimerTask      timers.o
    0x0801034a   0x0801034a   0x0000007e   Code   RO         5204    i.prvUnlockQueue    queue.o
    0x080103c8   0x080103c8   0x0000013c   Code   RO         6424    i.pvPortMalloc      heap_4.o
    0x08010504   0x08010504   0x0000002c   Code   RO         6473    i.pxPortInitialiseStack  port.o
    0x08010530   0x08010530   0x00000014   Code   RO         6944    i.remote_control_init  bsp_rc.o
    0x08010544   0x08010544   0x0000005c   Code   RO         7473    i.selectShootFreq   togglebullet.o
    0x080105a0   0x080105a0   0x0000001c   Code   RO         7128    i.setAllModeOff     chassissolver.o
    0x080105bc   0x080105bc   0x0000000c   Code   RO         7385    i.setControlMode    remote_control.o
    0x080105c8   0x080105c8   0x0000001c   Code   RO         7386    i.setControlModeAction  remote_control.o
    0x080105e4   0x080105e4   0x0000001c   Code   RO         7190    i.setFrictionSpeed  frictionwheel.o
    0x08010600   0x08010600   0x00000014   Code   RO         7387    i.setGimbalAction   remote_control.o
    0x08010614   0x08010614   0x00000024   Code   RO         7388    i.setRobotState     remote_control.o
    0x08010638   0x08010638   0x00000014   Code   RO         7389    i.setShootAction    remote_control.o
    0x0801064c   0x0801064c   0x0000001a   Code   RO         8098    i.sign              user_lib.o
    0x08010666   0x08010666   0x0000003e   Code   RO        10171    i.sqrtf             m_wm.l(sqrtf.o)
    0x080106a4   0x080106a4   0x00000084   Code   RO         9513    i.updataSensors     gimbaltask.o
    0x08010728   0x08010728   0x000000c8   Code   RO         7244    i.updateGyro        gimbal.o
    0x080107f0   0x080107f0   0x00000028   Code   RO         5157    i.uxListRemove      list.o
    0x08010818   0x08010818   0x00000018   Code   RO          356    i.vApplicationGetIdleTaskMemory  freertos.o
    0x08010830   0x08010830   0x00000018   Code   RO          357    i.vApplicationGetTimerTaskMemory  freertos.o
    0x08010848   0x08010848   0x0000001a   Code   RO         5158    i.vListInitialise   list.o
    0x08010862   0x08010862   0x00000006   Code   RO         5159    i.vListInitialiseItem  list.o
    0x08010868   0x08010868   0x00000034   Code   RO         5160    i.vListInsert       list.o
    0x0801089c   0x0801089c   0x00000018   Code   RO         5161    i.vListInsertEnd    list.o
    0x080108b4   0x080108b4   0x00000054   Code   RO         6475    i.vPortEnterCritical  port.o
    0x08010908   0x08010908   0x0000003c   Code   RO         6476    i.vPortExitCritical  port.o
    0x08010944   0x08010944   0x00000094   Code   RO         6425    i.vPortFree         heap_4.o
    0x080109d8   0x080109d8   0x00000028   Code   RO         6477    i.vPortSetupTimerInterrupt  port.o
    0x08010a00   0x08010a00   0x00000078   Code   RO         6478    i.vPortValidateInterruptPriority  port.o
    0x08010a78   0x08010a78   0x0000002c   Code   RO         5208    i.vQueueAddToRegistry  queue.o
    0x08010aa4   0x08010aa4   0x0000004a   Code   RO         5211    i.vQueueWaitForMessageRestricted  queue.o
    0x08010aee   0x08010aee   0x00000002   PAD
    0x08010af0   0x08010af0   0x0000005c   Code   RO         5559    i.vTaskDelay        tasks.o
    0x08010b4c   0x08010b4c   0x000000d4   Code   RO         5560    i.vTaskDelayUntil   tasks.o
    0x08010c20   0x08010c20   0x00000018   Code   RO         5563    i.vTaskInternalSetTimeOutState  tasks.o
    0x08010c38   0x08010c38   0x0000000c   Code   RO         5564    i.vTaskMissedYield  tasks.o
    0x08010c44   0x08010c44   0x00000038   Code   RO         5566    i.vTaskPlaceOnEventList  tasks.o
    0x08010c7c   0x08010c7c   0x00000040   Code   RO         5567    i.vTaskPlaceOnEventListRestricted  tasks.o
    0x08010cbc   0x08010cbc   0x000000b8   Code   RO         5574    i.vTaskStartScheduler  tasks.o
    0x08010d74   0x08010d74   0x00000010   Code   RO         5576    i.vTaskSuspendAll   tasks.o
    0x08010d84   0x08010d84   0x0000008c   Code   RO         5577    i.vTaskSwitchContext  tasks.o
    0x08010e10   0x08010e10   0x00000168   Code   RO         6479    i.xPortStartScheduler  port.o
    0x08010f78   0x08010f78   0x00000034   Code   RO         6480    i.xPortSysTickHandler  port.o
    0x08010fac   0x08010fac   0x000000de   Code   RO         5215    i.xQueueGenericCreateStatic  queue.o
    0x0801108a   0x0801108a   0x00000002   PAD
    0x0801108c   0x0801108c   0x00000098   Code   RO         5216    i.xQueueGenericReset  queue.o
    0x08011124   0x08011124   0x000001a8   Code   RO         5217    i.xQueueGenericSend  queue.o
    0x080112cc   0x080112cc   0x000000f8   Code   RO         5218    i.xQueueGenericSendFromISR  queue.o
    0x080113c4   0x080113c4   0x00000168   Code   RO         5226    i.xQueueReceive     queue.o
    0x0801152c   0x0801152c   0x000000a8   Code   RO         5579    i.xTaskCheckForTimeOut  tasks.o
    0x080115d4   0x080115d4   0x00000064   Code   RO         5580    i.xTaskCreate       tasks.o
    0x08011638   0x08011638   0x000000b8   Code   RO         5581    i.xTaskCreateStatic  tasks.o
    0x080116f0   0x080116f0   0x00000020   Code   RO         5586    i.xTaskGetSchedulerState  tasks.o
    0x08011710   0x08011710   0x0000000c   Code   RO         5587    i.xTaskGetTickCount  tasks.o
    0x0801171c   0x0801171c   0x00000148   Code   RO         5589    i.xTaskIncrementTick  tasks.o
    0x08011864   0x08011864   0x000000c8   Code   RO         5592    i.xTaskPriorityDisinherit  tasks.o
    0x0801192c   0x0801192c   0x00000098   Code   RO         5594    i.xTaskRemoveFromEventList  tasks.o
    0x080119c4   0x080119c4   0x00000104   Code   RO         5595    i.xTaskResumeAll    tasks.o
    0x08011ac8   0x08011ac8   0x00000078   Code   RO         5904    i.xTimerCreateTimerTask  timers.o
    0x08011b40   0x08011b40   0x00000084   Code   RO         5905    i.xTimerGenericCommand  timers.o
    0x08011bc4   0x08011bc4   0x00000062   Code   RO        10099    x$fpl$d2f           fz_wm.l(d2f.o)
    0x08011c26   0x08011c26   0x00000002   PAD
    0x08011c28   0x08011c28   0x00000150   Code   RO        10101    x$fpl$dadd          fz_wm.l(daddsub_clz.o)
    0x08011d78   0x08011d78   0x00000154   Code   RO        10119    x$fpl$dmul          fz_wm.l(dmul.o)
    0x08011ecc   0x08011ecc   0x0000009c   Code   RO        10270    x$fpl$dnaninf       fz_wm.l(dnaninf.o)
    0x08011f68   0x08011f68   0x0000000c   Code   RO        10272    x$fpl$dretinf       fz_wm.l(dretinf.o)
    0x08011f74   0x08011f74   0x000001d4   Code   RO        10103    x$fpl$dsub          fz_wm.l(daddsub_clz.o)
    0x08012148   0x08012148   0x00000056   Code   RO        10123    x$fpl$f2d           fz_wm.l(f2d.o)
    0x0801219e   0x0801219e   0x00000060   Code   RO        10125    x$fpl$ffltll        fz_wm.l(ffltll_clz.o)
    0x080121fe   0x080121fe   0x0000008c   Code   RO        10274    x$fpl$fnaninf       fz_wm.l(fnaninf.o)
    0x0801228a   0x0801228a   0x0000000a   Code   RO        10339    x$fpl$fpinit        fz_wm.l(fpinit.o)
    0x08012294   0x08012294   0x0000000a   Code   RO        10276    x$fpl$fretinf       fz_wm.l(fretinf.o)
    0x0801229e   0x0801229e   0x00000000   Code   RO        10278    x$fpl$usenofp       fz_wm.l(usenofp.o)
    0x0801229e   0x0801229e   0x00000002   PAD
    0x080122a0   0x080122a0   0x0000008c   Data   RO          359    .constdata          freertos.o
    0x0801232c   0x0801232c   0x00000008   Data   RO         1691    .constdata          stm32f4xx_hal_dma.o
    0x08012334   0x08012334   0x00000018   Data   RO         5021    .constdata          system_stm32f4xx.o
    0x0801234c   0x0801234c   0x00000301   Data   RO         7551    .constdata          algorithmofcrc.o
    0x0801264d   0x0801264d   0x00000003   PAD
    0x08012650   0x08012650   0x00000090   Data   RO         7867    .constdata          quaternionekf.o
    0x080126e0   0x080126e0   0x00000030   Data   RO         9731    .constdata          ins_task.o
    0x08012710   0x08012710   0x00000410   Data   RO         9835    .constdata          arm_cortexM4lf_math.lib(arm_cos_f32.o)
    0x08012b20   0x08012b20   0x0000040c   Data   RO         9882    .constdata          arm_cortexM4lf_math.lib(arm_sin_f32.o)
    0x08012f2c   0x08012f2c   0x00000040   Data   RO          360    .conststring        freertos.o
    0x08012f6c   0x08012f6c   0x00000020   Data   RO        10430    Region$$Table       anon$$obj.o


    Execution Region RW_IRAM1 (Exec base: 0x20000000, Load base: 0x08012f8c, Size: 0x0000bad0, Max: 0x00020000, ABSOLUTE, COMPRESSED[0x00000190])

    Exec Addr    Load Addr    Size         Type   Attr      Idx    E Section Name        Object

    0x20000000   COMPRESSED   0x00000024   Data   RW          361    .data               freertos.o
    0x20000024   COMPRESSED   0x00000004   Data   RW          527    .data               can.o
    0x20000028   COMPRESSED   0x00000009   Data   RW         2123    .data               stm32f4xx_hal.o
    0x20000031   COMPRESSED   0x00000003   PAD
    0x20000034   COMPRESSED   0x00000004   Data   RW         5022    .data               system_stm32f4xx.o
    0x20000038   COMPRESSED   0x0000003c   Data   RW         5598    .data               tasks.o
    0x20000074   COMPRESSED   0x00000014   Data   RW         5913    .data               timers.o
    0x20000088   COMPRESSED   0x00000018   Data   RW         6430    .data               heap_4.o
    0x200000a0   COMPRESSED   0x0000000c   Data   RW         6481    .data               port.o
    0x200000ac   COMPRESSED   0x00000004   PAD
    0x200000b0   COMPRESSED   0x00000038   Data   RW         6816    .data               bsp_dwt.o
    0x200000e8   COMPRESSED   0x00000002   Data   RW         6946    .data               bsp_rc.o
    0x200000ea   COMPRESSED   0x00000001   Data   RW         7027    .data               bombbay.o
    0x200000eb   COMPRESSED   0x0000000b   Data   RW         7044    .data               chassisget.o
    0x200000f6   COMPRESSED   0x00000010   Data   RW         7061    .data               chassissend.o
    0x20000106   COMPRESSED   0x00000002   PAD
    0x20000108   COMPRESSED   0x00000018   Data   RW         7475    .data               togglebullet.o
    0x20000120   COMPRESSED   0x00000004   Data   RW         7552    .data               algorithmofcrc.o
    0x20000124   COMPRESSED   0x00000004   Data   RW         7633    .data               kalman_filter.o
    0x20000128   COMPRESSED   0x00000254   Data   RW         7763    .data               pid.o
    0x2000037c   COMPRESSED   0x000000d4   Data   RW         7868    .data               quaternionekf.o
    0x20000450   COMPRESSED   0x0000001c   Data   RW         8059    .data               td.o
    0x2000046c   COMPRESSED   0x0000000c   Data   RW         8099    .data               user_lib.o
    0x20000478   COMPRESSED   0x0000008a   Data   RW         8169    .data               usbd_cdc.o
    0x20000502   COMPRESSED   0x00000001   Data   RW         8449    .data               usbd_ctlreq.o
    0x20000503   COMPRESSED   0x00000010   Data   RW         8600    .data               dm_motor.o
    0x20000513   COMPRESSED   0x00000001   PAD
    0x20000514   COMPRESSED   0x0000001c   Data   RW         8689    .data               motor_typdef.o
    0x20000530   COMPRESSED   0x00000014   Data   RW         8751    .data               usbd_cdc_if.o
    0x20000544   COMPRESSED   0x0000004e   Data   RW         9018    .data               usbd_desc.o
    0x20000592   COMPRESSED   0x00000002   PAD
    0x20000594   COMPRESSED   0x00000048   Data   RW         9095    .data               bmi088driver.o
    0x200005dc   COMPRESSED   0x00000004   Data   RW         9172    .data               bmi088middleware.o
    0x200005e0   COMPRESSED   0x00000008   Data   RW         9377    .data               tools.o
    0x200005e8   COMPRESSED   0x0000000c   Data   RW         9452    .data               chassistask.o
    0x200005f4   COMPRESSED   0x00000048   Data   RW         9732    .data               ins_task.o
    0x2000063c        -       0x000006a8   Zero   RW          358    .bss                freertos.o
    0x20000ce4        -       0x00000050   Zero   RW          526    .bss                can.o
    0x20000d34        -       0x00000054   Zero   RW          598    .bss                i2c.o
    0x20000d88        -       0x00000118   Zero   RW          640    .bss                spi.o
    0x20000ea0        -       0x000000c0   Zero   RW          685    .bss                tim.o
    0x20000f60        -       0x000000a0   Zero   RW          742    .bss                usart.o
    0x20001000        -       0x00000040   Zero   RW         5229    .bss                queue.o
    0x20001040        -       0x000000f0   Zero   RW         5597    .bss                tasks.o
    0x20001130        -       0x00000110   Zero   RW         5912    .bss                timers.o
    0x20001240        -       0x00006000   Zero   RW         6429    .bss                heap_4.o
    0x20007240        -       0x00000018   Zero   RW         6815    .bss                bsp_dwt.o
    0x20007258        -       0x00000048   Zero   RW         6945    .bss                bsp_rc.o
    0x200072a0        -       0x00000014   Zero   RW         7129    .bss                chassissolver.o
    0x200072b4   COMPRESSED   0x00000004   PAD
    0x200072b8        -       0x000001d0   Zero   RW         7191    .bss                frictionwheel.o
    0x20007488        -       0x000007e0   Zero   RW         7245    .bss                gimbal.o
    0x20007c68        -       0x0000002c   Zero   RW         7333    .bss                pc_serial.o
    0x20007c94        -       0x00000031   Zero   RW         7391    .bss                remote_control.o
    0x20007cc5   COMPRESSED   0x00000003   PAD
    0x20007cc8        -       0x000001a8   Zero   RW         7474    .bss                togglebullet.o
    0x20007e70        -       0x00000270   Zero   RW         7866    .bss                quaternionekf.o
    0x200080e0        -       0x00000188   Zero   RW         8688    .bss                motor_typdef.o
    0x20008268        -       0x000002dc   Zero   RW         8714    .bss                usb_device.o
    0x20008544        -       0x00001000   Zero   RW         8750    .bss                usbd_cdc_if.o
    0x20009544        -       0x0000072c   Zero   RW         8832    .bss                usbd_conf.o
    0x20009c70        -       0x00000200   Zero   RW         9017    .bss                usbd_desc.o
    0x20009e70        -       0x00000040   Zero   RW         9094    .bss                bmi088driver.o
    0x20009eb0        -       0x000000d8   Zero   RW         9343    .bss                debug.o
    0x20009f88        -       0x00000040   Zero   RW         9451    .bss                chassistask.o
    0x20009fc8        -       0x000000cc   Zero   RW         9514    .bss                gimbaltask.o
    0x2000a094        -       0x0000001c   Zero   RW         9664    .bss                offline_task.o
    0x2000a0b0        -       0x00000158   Zero   RW         9730    .bss                ins_task.o
    0x2000a208        -       0x00000064   Zero   RW         9806    .bss                can_send_config.o
    0x2000a26c        -       0x00000060   Zero   RW        10298    .bss                c_w.l(libspace.o)
    0x2000a2cc   COMPRESSED   0x00000004   PAD
    0x2000a2d0        -       0x00001200   Zero   RW            2    HEAP                startup_stm32f407xx.o
    0x2000b4d0        -       0x00000600   Zero   RW            1    STACK               startup_stm32f407xx.o


==============================================================================

Image component sizes


      Code (inc. data)   RO Data    RW Data    ZI Data      Debug   Object Name

        64          4          0          0          0       1001   actiontask.o
       100         10        769          4          0       2532   algorithmofcrc.o
      2890        182          0         72         64      10977   bmi088driver.o
       116         30          0          4          0       3732   bmi088middleware.o
        28          6          0          1          0       1399   bombbay.o
      1136         66          0          0          0     576191   bsp_can.o
       676        120          0         56         24       5783   bsp_dwt.o
        58          0          0          0          0       1022   bsp_pwm.o
       460         42          0          2         72       2662   bsp_rc.o
       556         44          0          4         80       2714   can.o
       176         18          0          0        100       1274   can_send_config.o
         0          0          0         11          0       1112   chassisget.o
       332         48          0         16          0       2555   chassissend.o
      1826         90          0          0         20       5613   chassissolver.o
       160         28          0         12         64       1514   chassistask.o
       118          0          0          0          0      21817   cmsis_os.o
        54          0          0          0        216       2509   debug.o
       716         48          0         16          0       2898   dm_motor.o
       120          6          0          0          0        914   dma.o
         0          0          0          0          0      18116   event_groups.o
       200         44        204         36       1704      19094   freertos.o
       236         42          0          0        464       6142   frictionwheel.o
      1224        154          0          0       2016       6339   gimbal.o
      2508        324          0          0        204      11025   gimbaltask.o
       272         22          0          0          0       2118   gm6020.o
       832         38          0          0          0       1595   gpio.o
       692         62          0         24      24576       5143   heap_4.o
       260         30          0          0         84       1917   i2c.o
      2580        188         48         72        344       7466   ins_task.o
      3160         26          0          4          0       9807   kalman_filter.o
       148          0          0          0          0       3934   list.o
       396         24          0          0          0       2408   m2006.o
       588         24          0          0          0       2704   m3508.o
       308         14          0          0          0     773563   main.o
         0          0          0         28        392        824   motor_typdef.o
        26          0          0          0          0        662   my_filter.o
       352          8          0          0         28       2314   offline_task.o
       172         24          0          0         44       3133   pc_serial.o
      2066         48          0        596          0       9655   pid.o
      1014         92          0         12          0      12753   port.o
      4156        234        144        212        624      10980   quaternionekf.o
      1910         20          0          0         64      15520   queue.o
       474         40          0          0         49       8742   remote_control.o
        52          8          0          0          0       1150   signalgenerator.o
       416         38          0          0        280       2127   spi.o
        64         26        392          0       6144        904   startup_stm32f407xx.o
       212         36          0          9          0       4969   stm32f4xx_hal.o
      2188          6          0          0          0      15601   stm32f4xx_hal_can.o
       304         22          0          0          0      34879   stm32f4xx_hal_cortex.o
       458         10          8          0          0       2999   stm32f4xx_hal_dma.o
       554         50          0          0          0       3816   stm32f4xx_hal_gpio.o
       440         18          0          0          0       2151   stm32f4xx_hal_i2c.o
        84          6          0          0          0        946   stm32f4xx_hal_msp.o
      3604         16          0          0          0      14756   stm32f4xx_hal_pcd.o
        90          0          0          0          0       2665   stm32f4xx_hal_pcd_ex.o
      1732         84          0          0          0       5940   stm32f4xx_hal_rcc.o
       970          8          0          0          0       4797   stm32f4xx_hal_spi.o
      1572         90          0          0          0      13851   stm32f4xx_hal_tim.o
        84          0          0          0          0       1392   stm32f4xx_hal_tim_ex.o
       986          8          0          0          0       1976   stm32f4xx_hal_uart.o
       192         42          0          0          0       9663   stm32f4xx_it.o
      4246         98          0          0          0      25539   stm32f4xx_ll_usb.o
         0          0          0          0          0        424   stream_buffer.o
       100         18         24          4          0       1331   system_stm32f4xx.o
       108          8          0          0          0       1257   systemidentification.o
      3112        366          0         60        240      27400   tasks.o
       848         46          0         28          0       2580   td.o
       748         64          0          0        192       4148   tim.o
      1238        124          0         20        272      28087   timers.o
       420         56          0         24        424       3917   togglebullet.o
        72         10          0          8          0        661   tools.o
       280         32          0          0        160       1993   usart.o
        76         16          0          0        732        888   usb_device.o
      1790         54          0        138          0      13557   usbd_cdc.o
       204         22          0         20       4096       4680   usbd_cdc_if.o
      1004         24          0          0       1836      18812   usbd_conf.o
      1346          0          0          0          0      15981   usbd_core.o
      2342         30          0          1          0      17416   usbd_ctlreq.o
       386        122          0         78        512       7397   usbd_desc.o
       174          0          0          0          0       4512   usbd_ioreq.o
       666         20          0         12          0       5352   user_lib.o
       180         10          0          0          0       1128   zerocheck.o

    ----------------------------------------------------------------------
     66570       3788       1624       1596      46128    1895815   Object Totals
         0          0         32          0          0          0   (incl. Generated)
        68          0          3         12          7          0   (incl. Padding)

    ----------------------------------------------------------------------

      Code (inc. data)   RO Data    RW Data    ZI Data      Debug   Library Member Name

       216         22       1040          0          0      16570   arm_cos_f32.o
       256          0          0          0          0       1426   arm_mat_add_f32.o
         8          0          0          0          0        779   arm_mat_init_f32.o
      1280         10          0          0          0       2726   arm_mat_inverse_f32.o
       248          6          0          0          0       1371   arm_mat_mult_f32.o
       256          0          0          0          0       1426   arm_mat_sub_f32.o
       152          0          0          0          0       1172   arm_mat_trans_f32.o
       216         22       1036          0          0       1382   arm_sin_f32.o
        90          0          0          0          0          0   __dczerorl2.o
         8          0          0          0          0         68   __main.o
         0          0          0          0          0          0   __rtentry.o
        12          0          0          0          0          0   __rtentry2.o
         6          0          0          0          0          0   __rtentry4.o
        52          8          0          0          0          0   __scatter.o
        28          0          0          0          0          0   __scatter_zi.o
        22          0          0          0          0        100   _rserrno.o
        16          0          0          0          0         68   aeabi_memset.o
        10          0          0          0          0         68   defsig_exit.o
        50          0          0          0          0         88   defsig_general.o
        80         58          0          0          0         76   defsig_rtmem_inner.o
        14          0          0          0          0         80   defsig_rtmem_outer.o
        18          0          0          0          0         80   exit.o
        94          0          0          0          0         80   h1_alloc.o
        52          0          0          0          0         68   h1_extend.o
        78          0          0          0          0         80   h1_free.o
        14          0          0          0          0         84   h1_init.o
         6          0          0          0          0        152   heapauxi.o
         4          0          0          0          0        136   hguard.o
         0          0          0          0          0          0   indicate_semi.o
       138          0          0          0          0        168   init_alloc.o
         2          0          0          0          0          0   libinit.o
        14          0          0          0          0          0   libinit2.o
         2          0          0          0          0          0   libshutdown.o
         2          0          0          0          0          0   libshutdown2.o
         8          4          0          0         96         68   libspace.o
       238          0          0          0          0        100   lludivv7m.o
         0          0          0          0          0          0   maybetermalloc1.o
         8          4          0          0          0         68   rt_errno_addr_intlibspace.o
         8          4          0          0          0         68   rt_heap_descriptor_intlibspace.o
        68          0          0          0          0         68   rt_memclr.o
        78          0          0          0          0         80   rt_memclr_w.o
       138          0          0          0          0         68   rt_memcpy_v6.o
       100          0          0          0          0         80   rt_memcpy_w.o
         2          0          0          0          0          0   rtexit.o
        10          0          0          0          0          0   rtexit2.o
        12          4          0          0          0         68   sys_exit.o
        74          0          0          0          0         80   sys_stackheap_outer.o
        14          0          0          0          0         76   sys_wrch.o
         2          0          0          0          0         68   use_no_semi.o
        98          4          0          0          0        140   d2f.o
       804         16          0          0          0        368   daddsub_clz.o
       340         12          0          0          0        152   dmul.o
       156          4          0          0          0        140   dnaninf.o
        12          0          0          0          0        116   dretinf.o
        86          4          0          0          0        132   f2d.o
        96          0          0          0          0        132   ffltll_clz.o
       140          4          0          0          0        132   fnaninf.o
        10          0          0          0          0        116   fpinit.o
        10          0          0          0          0        116   fretinf.o
         0          0          0          0          0          0   usenofp.o
       280         46          0          0          0        176   acosf.o
       300         42          0          0          0        176   asinf.o
       684         90          0          0          0        208   atan2f.o
        38          0          0          0          0        116   fpclassifyf.o
        44         12          0          0          0        464   funder.o
       120          0          0          0          0        272   sqrtf.o

    ----------------------------------------------------------------------
      7438        376       2076          0        100      32096   Library Totals
        16          0          0          0          4          0   (incl. Padding)

    ----------------------------------------------------------------------

      Code (inc. data)   RO Data    RW Data    ZI Data      Debug   Library Name

      2632         60       2076          0          0      26852   arm_cortexM4lf_math.lib
      1572         82          0          0         96       2288   c_w.l
      1752         44          0          0          0       1544   fz_wm.l
      1466        190          0          0          0       1412   m_wm.l

    ----------------------------------------------------------------------
      7438        376       2076          0        100      32096   Library Totals

    ----------------------------------------------------------------------

==============================================================================


      Code (inc. data)   RO Data    RW Data    ZI Data      Debug   

     74008       4164       3700       1596      46228    1878363   Grand Totals
     74008       4164       3700        400      46228    1878363   ELF Image Totals (compressed)
     74008       4164       3700        400          0          0   ROM Totals

==============================================================================

    Total RO  Size (Code + RO Data)                77708 (  75.89kB)
    Total RW  Size (RW Data + ZI Data)             47824 (  46.70kB)
    Total ROM Size (Code + RO Data + RW Data)      78108 (  76.28kB)

==============================================================================

