Component: ARM Compiler 5.06 update 7 (build 960) Tool: armlink [4d3601]

==============================================================================

Section Cross References

    stm32f4xx_it.o(i.SysTick_Handler) refers to port.o(i.xPortSysTickHandler) for xPortSysTickHandler
    system_stm32f4xx.o(i.SystemCoreClockUpdate) refers to system_stm32f4xx.o(.data) for SystemCoreClock
    system_stm32f4xx.o(i.SystemInit) refers to system_stm32f4xx.o(i.SetSysClock) for SetSysClock
    startup_stm32f40_41xxx.o(RESET) refers to startup_stm32f40_41xxx.o(STACK) for __initial_sp
    startup_stm32f40_41xxx.o(RESET) refers to startup_stm32f40_41xxx.o(.text) for Reset_Handler
    startup_stm32f40_41xxx.o(RESET) refers to stm32f4xx_it.o(i.NMI_Handler) for NMI_Handler
    startup_stm32f40_41xxx.o(RESET) refers to stm32f4xx_it.o(i.HardFault_Handler) for HardFault_Handler
    startup_stm32f40_41xxx.o(RESET) refers to stm32f4xx_it.o(i.MemManage_Handler) for MemManage_Handler
    startup_stm32f40_41xxx.o(RESET) refers to stm32f4xx_it.o(i.BusFault_Handler) for BusFault_Handler
    startup_stm32f40_41xxx.o(RESET) refers to stm32f4xx_it.o(i.UsageFault_Handler) for UsageFault_Handler
    startup_stm32f40_41xxx.o(RESET) refers to port.o(.emb_text) for SVC_Handler
    startup_stm32f40_41xxx.o(RESET) refers to stm32f4xx_it.o(i.DebugMon_Handler) for DebugMon_Handler
    startup_stm32f40_41xxx.o(RESET) refers to stm32f4xx_it.o(i.SysTick_Handler) for SysTick_Handler
    startup_stm32f40_41xxx.o(RESET) refers to bsp_referee.o(i.DMA1_Stream2_IRQHandler) for DMA1_Stream2_IRQHandler
    startup_stm32f40_41xxx.o(RESET) refers to bsp_referee.o(i.DMA1_Stream4_IRQHandler) for DMA1_Stream4_IRQHandler
    startup_stm32f40_41xxx.o(RESET) refers to vofa.o(i.DMA1_Stream6_IRQHandler) for DMA1_Stream6_IRQHandler
    startup_stm32f40_41xxx.o(RESET) refers to can1.o(i.CAN1_TX_IRQHandler) for CAN1_TX_IRQHandler
    startup_stm32f40_41xxx.o(RESET) refers to can1.o(i.CAN1_RX0_IRQHandler) for CAN1_RX0_IRQHandler
    startup_stm32f40_41xxx.o(RESET) refers to can1.o(i.CAN1_RX1_IRQHandler) for CAN1_RX1_IRQHandler
    startup_stm32f40_41xxx.o(RESET) refers to dji_remote.o(i.USART3_IRQHandler) for USART3_IRQHandler
    startup_stm32f40_41xxx.o(RESET) refers to os_tick.o(i.TIM7_IRQHandler) for TIM7_IRQHandler
    startup_stm32f40_41xxx.o(RESET) refers to can2.o(i.CAN2_TX_IRQHandler) for CAN2_TX_IRQHandler
    startup_stm32f40_41xxx.o(RESET) refers to can2.o(i.CAN2_RX0_IRQHandler) for CAN2_RX0_IRQHandler
    startup_stm32f40_41xxx.o(RESET) refers to can2.o(i.CAN2_RX1_IRQHandler) for CAN2_RX1_IRQHandler
    startup_stm32f40_41xxx.o(.text) refers to system_stm32f4xx.o(i.SystemInit) for SystemInit
    startup_stm32f40_41xxx.o(.text) refers to entry.o(.ARM.Collect$$$$00000000) for __main
    main.o(i.BSP_Init) refers to counter.o(i.COUNTER_Configuration) for COUNTER_Configuration
    main.o(i.BSP_Init) refers to tools.o(i.delay_ms) for delay_ms
    main.o(i.BSP_Init) refers to bsp_superpower.o(i.SuperPower_Configuration) for SuperPower_Configuration
    main.o(i.BSP_Init) refers to can1.o(i.CAN1_Configuration) for CAN1_Configuration
    main.o(i.BSP_Init) refers to can2.o(i.CAN2_Configuration) for CAN2_Configuration
    main.o(i.BSP_Init) refers to dji_remote.o(i.DJI_REMOTE_Configuration) for DJI_REMOTE_Configuration
    main.o(i.BSP_Init) refers to bsp_referee.o(i.REFEREE_Configuration) for REFEREE_Configuration
    main.o(i.Robot_Init) refers to stm32f4xx_gpio.o(i.GPIO_ResetBits) for GPIO_ResetBits
    main.o(i.Robot_Init) refers to stm32f4xx_gpio.o(i.GPIO_SetBits) for GPIO_SetBits
    main.o(i.Robot_Init) refers to tools.o(i.delay_ms) for delay_ms
    main.o(i.Robot_Init) refers to remote_control.o(i.initRemoteControl) for initRemoteControl
    main.o(i.Robot_Init) refers to robot_config.o(i.setRobotType) for setRobotType
    main.o(i.main) refers to stm32f4xx_rcc.o(i.RCC_GetClocksFreq) for RCC_GetClocksFreq
    main.o(i.main) refers to main.o(i.BSP_Init) for BSP_Init
    main.o(i.main) refers to main.o(i.Robot_Init) for Robot_Init
    main.o(i.main) refers to start_task.o(i.startTask) for startTask
    main.o(i.main) refers to tasks.o(i.vTaskStartScheduler) for vTaskStartScheduler
    main.o(i.main) refers to main.o(.bss) for get_rcc_clock
    chasiscontroller.o(i.angle_z_err_get) refers to chasiscontroller.o(i.limit_pi) for limit_pi
    chasiscontroller.o(i.angle_z_err_get) refers to f2d.o(.text) for __aeabi_f2d
    chasiscontroller.o(i.angle_z_err_get) refers to fabs.o(i.__hardfp_fabs) for __hardfp_fabs
    chasiscontroller.o(i.angle_z_err_get) refers to cdrcmple.o(.text) for __aeabi_cdrcmple
    chasiscontroller.o(i.angle_z_err_get) refers to chasiscontroller.o(.bss) for infantry
    chasiscontroller.o(i.chassis_follow_control) refers to mecanum.o(i.mecanum_follow_control) for mecanum_follow_control
    chasiscontroller.o(i.execute_control) refers to gm6020.o(i.GM6020_SendPack) for GM6020_SendPack
[...]
    prvIdleTask                              0x08004a49   Thumb Code    32  tasks.o(i.prvIdleTask)
    i.prvInitialiseNewQueue                  0x08004a70   Section        0  queue.o(i.prvInitialiseNewQueue)
    prvInitialiseNewQueue                    0x08004a71   Thumb Code    42  queue.o(i.prvInitialiseNewQueue)
    i.prvInitialiseNewTask                   0x08004a9a   Section        0  tasks.o(i.prvInitialiseNewTask)
    prvInitialiseNewTask                     0x08004a9b   Thumb Code   144  tasks.o(i.prvInitialiseNewTask)
    i.prvInitialiseTaskLists                 0x08004b2c   Section        0  tasks.o(i.prvInitialiseTaskLists)
    prvInitialiseTaskLists                   0x08004b2d   Thumb Code    70  tasks.o(i.prvInitialiseTaskLists)
    i.prvInsertBlockIntoFreeList             0x08004b94   Section        0  heap_4.o(i.prvInsertBlockIntoFreeList)
    prvInsertBlockIntoFreeList               0x08004b95   Thumb Code    96  heap_4.o(i.prvInsertBlockIntoFreeList)
    i.prvInsertTimerInActiveList             0x08004bfc   Section        0  timers.o(i.prvInsertTimerInActiveList)
    prvInsertTimerInActiveList               0x08004bfd   Thumb Code    80  timers.o(i.prvInsertTimerInActiveList)
    i.prvIsQueueEmpty                        0x08004c54   Section        0  queue.o(i.prvIsQueueEmpty)
    prvIsQueueEmpty                          0x08004c55   Thumb Code    26  queue.o(i.prvIsQueueEmpty)
    i.prvIsQueueFull                         0x08004c6e   Section        0  queue.o(i.prvIsQueueFull)
    prvIsQueueFull                           0x08004c6f   Thumb Code    30  queue.o(i.prvIsQueueFull)
    i.prvProcessExpiredTimer                 0x08004c8c   Section        0  timers.o(i.prvProcessExpiredTimer)
    prvProcessExpiredTimer                   0x08004c8d   Thumb Code    70  timers.o(i.prvProcessExpiredTimer)
    i.prvProcessReceivedCommands             0x08004cd8   Section        0  timers.o(i.prvProcessReceivedCommands)
    prvProcessReceivedCommands               0x08004cd9   Thumb Code   184  timers.o(i.prvProcessReceivedCommands)
    i.prvProcessTimerOrBlockTask             0x08004d94   Section        0  timers.o(i.prvProcessTimerOrBlockTask)
    prvProcessTimerOrBlockTask               0x08004d95   Thumb Code   102  timers.o(i.prvProcessTimerOrBlockTask)
    i.prvResetNextTaskUnblockTime            0x08004e08   Section        0  tasks.o(i.prvResetNextTaskUnblockTime)
    prvResetNextTaskUnblockTime              0x08004e09   Thumb Code    42  tasks.o(i.prvResetNextTaskUnblockTime)
    i.prvSampleTimeNow                       0x08004e3c   Section        0  timers.o(i.prvSampleTimeNow)
    prvSampleTimeNow                         0x08004e3d   Thumb Code    40  timers.o(i.prvSampleTimeNow)
    i.prvSwitchTimerLists                    0x08004e68   Section        0  timers.o(i.prvSwitchTimerLists)
    prvSwitchTimerLists                      0x08004e69   Thumb Code   122  timers.o(i.prvSwitchTimerLists)
    i.prvTaskExitError                       0x08004eec   Section        0  port.o(i.prvTaskExitError)
    prvTaskExitError                         0x08004eed   Thumb Code    22  port.o(i.prvTaskExitError)
    i.prvTimerTask                           0x08004f02   Section        0  timers.o(i.prvTimerTask)
    prvTimerTask                             0x08004f03   Thumb Code    26  timers.o(i.prvTimerTask)
    i.prvUnlockQueue                         0x08004f1c   Section        0  queue.o(i.prvUnlockQueue)
    prvUnlockQueue                           0x08004f1d   Thumb Code   126  queue.o(i.prvUnlockQueue)
    i.pvPortMalloc                           0x08004f9c   Section        0  heap_4.o(i.pvPortMalloc)
    i.pxPortInitialiseStack                  0x0800506c   Section        0  port.o(i.pxPortInitialiseStack)
    i.setControlMode                         0x08005098   Section        0  remote_control.o(i.setControlMode)
    i.setControlModeAction                   0x080050a4   Section        0  remote_control.o(i.setControlModeAction)
    i.setGimbalAction                        0x080050c0   Section        0  remote_control.o(i.setGimbalAction)
    i.setRobotState                          0x080050d4   Section        0  remote_control.o(i.setRobotState)
    i.setRobotType                           0x08005104   Section        0  robot_config.o(i.setRobotType)
    i.setShootAction                         0x08005128   Section        0  remote_control.o(i.setShootAction)
    i.startTask                              0x0800513c   Section        0  start_task.o(i.startTask)
    i.start_task                             0x08005168   Section        0  start_task.o(i.start_task)
    i.uxListRemove                           0x080051c0   Section        0  list.o(i.uxListRemove)
    i.vListInitialise                        0x080051e8   Section        0  list.o(i.vListInitialise)
    i.vListInitialiseItem                    0x08005202   Section        0  list.o(i.vListInitialiseItem)
    i.vListInsert                            0x08005208   Section        0  list.o(i.vListInsert)
    i.vListInsertEnd                         0x0800523c   Section        0  list.o(i.vListInsertEnd)
    i.vPortEnterCritical                     0x08005254   Section        0  port.o(i.vPortEnterCritical)
    i.vPortExitCritical                      0x08005278   Section        0  port.o(i.vPortExitCritical)
    i.vPortFree                              0x08005298   Section        0  heap_4.o(i.vPortFree)
    i.vPortSetupTimerInterrupt               0x080052e0   Section        0  port.o(i.vPortSetupTimerInterrupt)
    i.vQueueAddToRegistry                    0x08005300   Section        0  queue.o(i.vQueueAddToRegistry)
    i.vQueueWaitForMessageRestricted         0x0800532c   Section        0  queue.o(i.vQueueWaitForMessageRestricted)
    i.vTaskDelay                             0x08005378   Section        0  tasks.o(i.vTaskDelay)
    i.vTaskDelayUntil                        0x080053ac   Section        0  tasks.o(i.vTaskDelayUntil)
    i.vTaskDelete                            0x08005420   Section        0  tasks.o(i.vTaskDelete)
    i.vTaskMissedYield                       0x080054ec   Section        0  tasks.o(i.vTaskMissedYield)
    i.vTaskPlaceOnEventList                  0x080054f8   Section        0  tasks.o(i.vTaskPlaceOnEventList)
    i.vTaskPlaceOnEventListRestricted        0x08005518   Section        0  tasks.o(i.vTaskPlaceOnEventListRestricted)
    i.vTaskSetTimeOutState                   0x08005540   Section        0  tasks.o(i.vTaskSetTimeOutState)
    i.vTaskStartScheduler                    0x08005558   Section        0  tasks.o(i.vTaskStartScheduler)
    i.vTaskSuspendAll                        0x080055d0   Section        0  tasks.o(i.vTaskSuspendAll)
    i.vTaskSwitchContext                     0x080055e0   Section        0  tasks.o(i.vTaskSwitchContext)
    i.xEventGroupCreate                      0x08005680   Section        0  event_groups.o(i.xEventGroupCreate)
    i.xEventGroupSetBits                     0x0800569a   Section        0  event_groups.o(i.xEventGroupSetBits)
    i.xPortStartScheduler                    0x0800572c   Section        0  port.o(i.xPortStartScheduler)
    i.xPortSysTickHandler                    0x08005774   Section        0  port.o(i.xPortSysTickHandler)
    i.xQueueGenericCreate                    0x080057a8   Section        0  queue.o(i.xQueueGenericCreate)
    i.xQueueGenericReceive                   0x080057e0   Section        0  queue.o(i.xQueueGenericReceive)
    i.xQueueGenericReset                     0x0800591c   Section        0  queue.o(i.xQueueGenericReset)
    i.xQueueGenericSend                      0x0800599c   Section        0  queue.o(i.xQueueGenericSend)
    i.xQueueGenericSendFromISR               0x08005ab4   Section        0  queue.o(i.xQueueGenericSendFromISR)
    i.xTaskCheckForTimeOut                   0x08005b3c   Section        0  tasks.o(i.xTaskCheckForTimeOut)
    i.xTaskCreate                            0x08005b98   Section        0  tasks.o(i.xTaskCreate)
    i.xTaskGetSchedulerState                 0x08005bf8   Section        0  tasks.o(i.xTaskGetSchedulerState)
    i.xTaskGetTickCount                      0x08005c18   Section        0  tasks.o(i.xTaskGetTickCount)
    i.xTaskIncrementTick                     0x08005c24   Section        0  tasks.o(i.xTaskIncrementTick)
    i.xTaskRemoveFromEventList               0x08005d40   Section        0  tasks.o(i.xTaskRemoveFromEventList)
    i.xTaskRemoveFromUnorderedEventList      0x08005dc0   Section        0  tasks.o(i.xTaskRemoveFromUnorderedEventList)
    i.xTaskResumeAll                         0x08005e30   Section        0  tasks.o(i.xTaskResumeAll)
    i.xTimerCreateTimerTask                  0x08005f18   Section        0  timers.o(i.xTimerCreateTimerTask)
    i.xTimerGenericCommand                   0x08005f58   Section        0  timers.o(i.xTimerGenericCommand)
    .constdata                               0x08005fc4   Section     2052  arm_common_tables.o(.constdata)
    .data                                    0x20000000   Section       20  system_stm32f4xx.o(.data)
    .data                                    0x20000014   Section       28  gimbalreceive.o(.data)
    .data                                    0x20000030   Section       16  stm32f4xx_rcc.o(.data)
    APBAHBPrescTable                         0x20000030   Data          16  stm32f4xx_rcc.o(.data)
    .data                                    0x20000040   Section       24  counter.o(.data)
    CNT_TEMP1                                0x20000048   Data           8  counter.o(.data)
    CNT_TEMP2                                0x20000050   Data           8  counter.o(.data)
    .data                                    0x20000058   Section        4  iwdg.o(.data)
    .data                                    0x2000005c   Section        4  os_tick.o(.data)
    .data                                    0x20000060   Section      596  pid.o(.data)
    FuzzyRuleKpRAW                           0x20000060   Data         196  pid.o(.data)
    FuzzyRuleKiRAW                           0x20000124   Data         196  pid.o(.data)
    FuzzyRuleKdRAW                           0x200001e8   Data         196  pid.o(.data)
    temp_Output                              0x200002ac   Data           4  pid.o(.data)
    temp_Iout                                0x200002b0   Data           4  pid.o(.data)
    .data                                    0x200002b4   Section       12  user_lib.o(.data)
    temp                                     0x200002b4   Data           4  user_lib.o(.data)
    temp                                     0x200002b8   Data           4  user_lib.o(.data)
    temp                                     0x200002bc   Data           4  user_lib.o(.data)
    .data                                    0x200002c0   Section        4  start_task.o(.data)
    StartTask_Handler                        0x200002c0   Data           4  start_task.o(.data)
    .data                                    0x200002c4   Section       72  tasks.o(.data)
    pxDelayedTaskList                        0x200002c8   Data           4  tasks.o(.data)
    pxOverflowDelayedTaskList                0x200002cc   Data           4  tasks.o(.data)
    uxDeletedTasksWaitingCleanUp             0x200002d0   Data           4  tasks.o(.data)
    uxCurrentNumberOfTasks                   0x200002d4   Data           4  tasks.o(.data)
    xTickCount                               0x200002d8   Data           4  tasks.o(.data)
    uxTopReadyPriority                       0x200002dc   Data           4  tasks.o(.data)
    xSchedulerRunning                        0x200002e0   Data           4  tasks.o(.data)
    uxPendedTicks                            0x200002e4   Data           4  tasks.o(.data)
    xYieldPending                            0x200002e8   Data           4  tasks.o(.data)
    xNumOfOverflows                          0x200002ec   Data           4  tasks.o(.data)
    uxTaskNumber                             0x200002f0   Data           4  tasks.o(.data)
    xNextTaskUnblockTime                     0x200002f4   Data           4  tasks.o(.data)
    xIdleTaskHandle                          0x200002f8   Data           4  tasks.o(.data)
    uxSchedulerSuspended                     0x200002fc   Data           4  tasks.o(.data)
    ulTaskSwitchedInTime                     0x20000300   Data           4  tasks.o(.data)
    ulTotalRunTime                           0x20000304   Data           4  tasks.o(.data)
    .data                                    0x2000030c   Section       20  timers.o(.data)
    pxCurrentTimerList                       0x2000030c   Data           4  timers.o(.data)
    pxOverflowTimerList                      0x20000310   Data           4  timers.o(.data)
    xTimerQueue                              0x20000314   Data           4  timers.o(.data)
    xTimerTaskHandle                         0x20000318   Data           4  timers.o(.data)
    xLastTime                                0x2000031c   Data           4  timers.o(.data)
    .data                                    0x20000320   Section       24  heap_4.o(.data)
    xStart                                   0x20000320   Data           8  heap_4.o(.data)
    pxEnd                                    0x20000328   Data           4  heap_4.o(.data)
    xFreeBytesRemaining                      0x2000032c   Data           4  heap_4.o(.data)
    xMinimumEverFreeBytesRemaining           0x20000330   Data           4  heap_4.o(.data)
    xBlockAllocatedBit                       0x20000334   Data           4  heap_4.o(.data)
    .data                                    0x20000338   Section        4  port.o(.data)
    uxCriticalNesting                        0x20000338   Data           4  port.o(.data)
    .data                                    0x2000033c   Section        4  mvars.o(.data)
    .data                                    0x20000340   Section        4  mvars.o(.data)
    .bss                                     0x20000344   Section       16  main.o(.bss)
    .bss                                     0x20000358   Section     2256  chasiscontroller.o(.bss)
    .bss                                     0x20000c28   Section     4224  bsp_referee.o(.bss)
    .bss                                     0x20001ca8   Section      180  bsp_superpower.o(.bss)
    .bss                                     0x20001d5c   Section       12  counter.o(.bss)
    .bss                                     0x20001d68   Section       20  dji_remote.o(.bss)
    .bss                                     0x20001d7c   Section       60  start_task.o(.bss)
    .bss                                     0x20001db8   Section       80  queue.o(.bss)
    .bss                                     0x20001e08   Section      740  tasks.o(.bss)
    pxReadyTasksLists                        0x20001e08   Data         640  tasks.o(.bss)
    xDelayedTaskList1                        0x20002088   Data          20  tasks.o(.bss)
    xDelayedTaskList2                        0x2000209c   Data          20  tasks.o(.bss)
    xPendingReadyList                        0x200020b0   Data          20  tasks.o(.bss)
    xTasksWaitingTermination                 0x200020c4   Data          20  tasks.o(.bss)
    xSuspendedTaskList                       0x200020d8   Data          20  tasks.o(.bss)
    .bss                                     0x200020ec   Section       40  timers.o(.bss)
    xActiveTimerList1                        0x200020ec   Data          20  timers.o(.bss)
    xActiveTimerList2                        0x20002100   Data          20  timers.o(.bss)
    .bss                                     0x20002114   Section    10240  heap_4.o(.bss)
    ucHeap                                   0x20002114   Data       10240  heap_4.o(.bss)
    .bss                                     0x20004918   Section      605  referee.o(.bss)
    .bss                                     0x20004b75   Section       40  remote_control.o(.bss)
    .bss                                     0x20004ba0   Section      216  debug.o(.bss)
    HEAP                                     0x20004c78   Section     4352  startup_stm32f40_41xxx.o(HEAP)
    STACK                                    0x20005d78   Section     1536  startup_stm32f40_41xxx.o(STACK)

    Global Symbols

    Symbol Name                              Value     Ov Type        Size  Object(Section)

    BuildAttributes$$THM_ISAv4$E$P$D$K$B$S$7EM$VFPi3$EXTD16$VFPS$VFMA$PE$A:L22UL41UL21$X:L11$S22US41US21$IEEE1$IW$USESV6$~STKCKD$USESV7$~SHL$OTIME$ROPI$IEEEX$EBA8$MICROLIB$REQ8$PRES8$EABIv2 0x00000000   Number         0  anon$$obj.o ABSOLUTE
    __ARM_use_no_argv                        0x00000000   Number         0  main.o ABSOLUTE
    _printf_a                                0x00000000   Number         0  stubs.o ABSOLUTE
    _printf_c                                0x00000000   Number         0  stubs.o ABSOLUTE
    _printf_charcount                        0x00000000   Number         0  stubs.o ABSOLUTE
    _printf_d                                0x00000000   Number         0  stubs.o ABSOLUTE
    _printf_e                                0x00000000   Number         0  stubs.o ABSOLUTE
    _printf_f                                0x00000000   Number         0  stubs.o ABSOLUTE
    _printf_flags                            0x00000000   Number         0  stubs.o ABSOLUTE
    _printf_fp_dec                           0x00000000   Number         0  stubs.o ABSOLUTE
    _printf_fp_hex                           0x00000000   Number         0  stubs.o ABSOLUTE
    _printf_g                                0x00000000   Number         0  stubs.o ABSOLUTE
    _printf_i                                0x00000000   Number         0  stubs.o ABSOLUTE
    _printf_int_dec                          0x00000000   Number         0  stubs.o ABSOLUTE
    _printf_l                                0x00000000   Number         0  stubs.o ABSOLUTE
    _printf_lc                               0x00000000   Number         0  stubs.o ABSOLUTE
    _printf_ll                               0x00000000   Number         0  stubs.o ABSOLUTE
    _printf_lld                              0x00000000   Number         0  stubs.o ABSOLUTE
    _printf_lli                              0x00000000   Number         0  stubs.o ABSOLUTE
    _printf_llo                              0x00000000   Number         0  stubs.o ABSOLUTE
    _printf_llu                              0x00000000   Number         0  stubs.o ABSOLUTE
    _printf_llx                              0x00000000   Number         0  stubs.o ABSOLUTE
    _printf_longlong_dec                     0x00000000   Number         0  stubs.o ABSOLUTE
    _printf_longlong_hex                     0x00000000   Number         0  stubs.o ABSOLUTE
    _printf_longlong_oct                     0x00000000   Number         0  stubs.o ABSOLUTE
    _printf_ls                               0x00000000   Number         0  stubs.o ABSOLUTE
    _printf_mbtowc                           0x00000000   Number         0  stubs.o ABSOLUTE
    _printf_n                                0x00000000   Number         0  stubs.o ABSOLUTE
    _printf_o                                0x00000000   Number         0  stubs.o ABSOLUTE
    _printf_p                                0x00000000   Number         0  stubs.o ABSOLUTE
    _printf_percent                          0x00000000   Number         0  stubs.o ABSOLUTE
    _printf_pre_padding                      0x00000000   Number         0  stubs.o ABSOLUTE
    _printf_return_value                     0x00000000   Number         0  stubs.o ABSOLUTE
    _printf_s                                0x00000000   Number         0  stubs.o ABSOLUTE
    _printf_sizespec                         0x00000000   Number         0  stubs.o ABSOLUTE
    _printf_str                              0x00000000   Number         0  stubs.o ABSOLUTE
    _printf_truncate_signed                  0x00000000   Number         0  stubs.o ABSOLUTE
    _printf_truncate_unsigned                0x00000000   Number         0  stubs.o ABSOLUTE
    _printf_u                                0x00000000   Number         0  stubs.o ABSOLUTE
    _printf_wc                               0x00000000   Number         0  stubs.o ABSOLUTE
    _printf_wctomb                           0x00000000   Number         0  stubs.o ABSOLUTE
    _printf_widthprec                        0x00000000   Number         0  stubs.o ABSOLUTE
    _printf_x                                0x00000000   Number         0  stubs.o ABSOLUTE
    __arm_fini_                               - Undefined Weak Reference
    __cpp_initialize__aeabi_                  - Undefined Weak Reference
    __cxa_finalize                            - Undefined Weak Reference
    _clock_init                               - Undefined Weak Reference
    _microlib_exit                            - Undefined Weak Reference
    __Vectors_Size                           0x00000188   Number         0  startup_stm32f40_41xxx.o ABSOLUTE
    __Vectors                                0x08000000   Data           4  startup_stm32f40_41xxx.o(RESET)
    __Vectors_End                            0x08000188   Data           0  startup_stm32f40_41xxx.o(RESET)
    __main                                   0x08000189   Thumb Code     0  entry.o(.ARM.Collect$$$$00000000)
    _main_stk                                0x08000189   Thumb Code     0  entry2.o(.ARM.Collect$$$$00000001)
    _main_scatterload                        0x0800018d   Thumb Code     0  entry5.o(.ARM.Collect$$$$00000004)
    __main_after_scatterload                 0x08000191   Thumb Code     0  entry5.o(.ARM.Collect$$$$00000004)
    _main_clock                              0x08000191   Thumb Code     0  entry7b.o(.ARM.Collect$$$$00000008)
    _main_cpp_init                           0x08000191   Thumb Code     0  entry8b.o(.ARM.Collect$$$$0000000A)
    _main_init                               0x08000191   Thumb Code     0  entry9a.o(.ARM.Collect$$$$0000000B)
    __rt_lib_shutdown_fini                   0x08000199   Thumb Code     0  entry12b.o(.ARM.Collect$$$$0000000E)
    __rt_final_cpp                           0x0800019d   Thumb Code     0  entry10a.o(.ARM.Collect$$$$0000000F)
    __rt_final_exit                          0x0800019d   Thumb Code     0  entry11a.o(.ARM.Collect$$$$00000011)
    SVC_Handler                              0x080001a1   Thumb Code    28  port.o(.emb_text)
    __asm___6_port_c_39a90d8d__prvStartFirstTask 0x080001c1   Thumb Code    28  port.o(.emb_text)
    __asm___6_port_c_39a90d8d__prvEnableVFP  0x080001e1   Thumb Code    16  port.o(.emb_text)
    PendSV_Handler                           0x080001f5   Thumb Code    88  port.o(.emb_text)
    vPortGetIPSR                             0x08000251   Thumb Code     6  port.o(.emb_text)
    Reset_Handler                            0x08000259   Thumb Code     8  startup_stm32f40_41xxx.o(.text)
    ADC_IRQHandler                           0x08000273   Thumb Code     0  startup_stm32f40_41xxx.o(.text)
    CAN1_SCE_IRQHandler                      0x08000273   Thumb Code     0  startup_stm32f40_41xxx.o(.text)
    CAN2_SCE_IRQHandler                      0x08000273   Thumb Code     0  startup_stm32f40_41xxx.o(.text)
    CRYP_IRQHandler                          0x08000273   Thumb Code     0  startup_stm32f40_41xxx.o(.text)
    DCMI_IRQHandler                          0x08000273   Thumb Code     0  startup_stm32f40_41xxx.o(.text)
    DMA1_Stream0_IRQHandler                  0x08000273   Thumb Code     0  startup_stm32f40_41xxx.o(.text)
    DMA1_Stream1_IRQHandler                  0x08000273   Thumb Code     0  startup_stm32f40_41xxx.o(.text)
    DMA1_Stream3_IRQHandler                  0x08000273   Thumb Code     0  startup_stm32f40_41xxx.o(.text)
    DMA1_Stream5_IRQHandler                  0x08000273   Thumb Code     0  startup_stm32f40_41xxx.o(.text)
    DMA1_Stream7_IRQHandler                  0x08000273   Thumb Code     0  startup_stm32f40_41xxx.o(.text)
    DMA2_Stream0_IRQHandler                  0x08000273   Thumb Code     0  startup_stm32f40_41xxx.o(.text)
    DMA2_Stream1_IRQHandler                  0x08000273   Thumb Code     0  startup_stm32f40_41xxx.o(.text)
    DMA2_Stream2_IRQHandler                  0x08000273   Thumb Code     0  startup_stm32f40_41xxx.o(.text)
    DMA2_Stream3_IRQHandler                  0x08000273   Thumb Code     0  startup_stm32f40_41xxx.o(.text)
    DMA2_Stream4_IRQHandler                  0x08000273   Thumb Code     0  startup_stm32f40_41xxx.o(.text)
    DMA2_Stream5_IRQHandler                  0x08000273   Thumb Code     0  startup_stm32f40_41xxx.o(.text)
    DMA2_Stream6_IRQHandler                  0x08000273   Thumb Code     0  startup_stm32f40_41xxx.o(.text)
    DMA2_Stream7_IRQHandler                  0x08000273   Thumb Code     0  startup_stm32f40_41xxx.o(.text)
    ETH_IRQHandler                           0x08000273   Thumb Code     0  startup_stm32f40_41xxx.o(.text)
    ETH_WKUP_IRQHandler                      0x08000273   Thumb Code     0  startup_stm32f40_41xxx.o(.text)
    EXTI0_IRQHandler                         0x08000273   Thumb Code     0  startup_stm32f40_41xxx.o(.text)
    EXTI15_10_IRQHandler                     0x08000273   Thumb Code     0  startup_stm32f40_41xxx.o(.text)
    EXTI1_IRQHandler                         0x08000273   Thumb Code     0  startup_stm32f40_41xxx.o(.text)
    EXTI2_IRQHandler                         0x08000273   Thumb Code     0  startup_stm32f40_41xxx.o(.text)
    EXTI3_IRQHandler                         0x08000273   Thumb Code     0  startup_stm32f40_41xxx.o(.text)
    EXTI4_IRQHandler                         0x08000273   Thumb Code     0  startup_stm32f40_41xxx.o(.text)
    EXTI9_5_IRQHandler                       0x08000273   Thumb Code     0  startup_stm32f40_41xxx.o(.text)
    FLASH_IRQHandler                         0x08000273   Thumb Code     0  startup_stm32f40_41xxx.o(.text)
    FPU_IRQHandler                           0x08000273   Thumb Code     0  startup_stm32f40_41xxx.o(.text)
    FSMC_IRQHandler                          0x08000273   Thumb Code     0  startup_stm32f40_41xxx.o(.text)
    HASH_RNG_IRQHandler                      0x08000273   Thumb Code     0  startup_stm32f40_41xxx.o(.text)
    I2C1_ER_IRQHandler                       0x08000273   Thumb Code     0  startup_stm32f40_41xxx.o(.text)
    I2C1_EV_IRQHandler                       0x08000273   Thumb Code     0  startup_stm32f40_41xxx.o(.text)
    I2C2_ER_IRQHandler                       0x08000273   Thumb Code     0  startup_stm32f40_41xxx.o(.text)
    I2C2_EV_IRQHandler                       0x08000273   Thumb Code     0  startup_stm32f40_41xxx.o(.text)
    I2C3_ER_IRQHandler                       0x08000273   Thumb Code     0  startup_stm32f40_41xxx.o(.text)
    I2C3_EV_IRQHandler                       0x08000273   Thumb Code     0  startup_stm32f40_41xxx.o(.text)
    OTG_FS_IRQHandler                        0x08000273   Thumb Code     0  startup_stm32f40_41xxx.o(.text)
    OTG_FS_WKUP_IRQHandler                   0x08000273   Thumb Code     0  startup_stm32f40_41xxx.o(.text)
    OTG_HS_EP1_IN_IRQHandler                 0x08000273   Thumb Code     0  startup_stm32f40_41xxx.o(.text)
    OTG_HS_EP1_OUT_IRQHandler                0x08000273   Thumb Code     0  startup_stm32f40_41xxx.o(.text)
    OTG_HS_IRQHandler                        0x08000273   Thumb Code     0  startup_stm32f40_41xxx.o(.text)
    OTG_HS_WKUP_IRQHandler                   0x08000273   Thumb Code     0  startup_stm32f40_41xxx.o(.text)
    PVD_IRQHandler                           0x08000273   Thumb Code     0  startup_stm32f40_41xxx.o(.text)
    RCC_IRQHandler                           0x08000273   Thumb Code     0  startup_stm32f40_41xxx.o(.text)
    RTC_Alarm_IRQHandler                     0x08000273   Thumb Code     0  startup_stm32f40_41xxx.o(.text)
    RTC_WKUP_IRQHandler                      0x08000273   Thumb Code     0  startup_stm32f40_41xxx.o(.text)
    SDIO_IRQHandler                          0x08000273   Thumb Code     0  startup_stm32f40_41xxx.o(.text)
    SPI1_IRQHandler                          0x08000273   Thumb Code     0  startup_stm32f40_41xxx.o(.text)
    SPI2_IRQHandler                          0x08000273   Thumb Code     0  startup_stm32f40_41xxx.o(.text)
    SPI3_IRQHandler                          0x08000273   Thumb Code     0  startup_stm32f40_41xxx.o(.text)
    TAMP_STAMP_IRQHandler                    0x08000273   Thumb Code     0  startup_stm32f40_41xxx.o(.text)
    TIM1_BRK_TIM9_IRQHandler                 0x08000273   Thumb Code     0  startup_stm32f40_41xxx.o(.text)
    TIM1_CC_IRQHandler                       0x08000273   Thumb Code     0  startup_stm32f40_41xxx.o(.text)
    TIM1_TRG_COM_TIM11_IRQHandler            0x08000273   Thumb Code     0  startup_stm32f40_41xxx.o(.text)
    TIM1_UP_TIM10_IRQHandler                 0x08000273   Thumb Code     0  startup_stm32f40_41xxx.o(.text)
    TIM2_IRQHandler                          0x08000273   Thumb Code     0  startup_stm32f40_41xxx.o(.text)
    TIM3_IRQHandler                          0x08000273   Thumb Code     0  startup_stm32f40_41xxx.o(.text)
    TIM4_IRQHandler                          0x08000273   Thumb Code     0  startup_stm32f40_41xxx.o(.text)
    TIM5_IRQHandler                          0x08000273   Thumb Code     0  startup_stm32f40_41xxx.o(.text)
    TIM6_DAC_IRQHandler                      0x08000273   Thumb Code     0  startup_stm32f40_41xxx.o(.text)
    TIM8_BRK_TIM12_IRQHandler                0x08000273   Thumb Code     0  startup_stm32f40_41xxx.o(.text)
    TIM8_CC_IRQHandler                       0x08000273   Thumb Code     0  startup_stm32f40_41xxx.o(.text)
    TIM8_TRG_COM_TIM14_IRQHandler            0x08000273   Thumb Code     0  startup_stm32f40_41xxx.o(.text)
    TIM8_UP_TIM13_IRQHandler                 0x08000273   Thumb Code     0  startup_stm32f40_41xxx.o(.text)
    UART4_IRQHandler                         0x08000273   Thumb Code     0  startup_stm32f40_41xxx.o(.text)
    UART5_IRQHandler                         0x08000273   Thumb Code     0  startup_stm32f40_41xxx.o(.text)
    USART1_IRQHandler                        0x08000273   Thumb Code     0  startup_stm32f40_41xxx.o(.text)
    USART2_IRQHandler                        0x08000273   Thumb Code     0  startup_stm32f40_41xxx.o(.text)
    USART6_IRQHandler                        0x08000273   Thumb Code     0  startup_stm32f40_41xxx.o(.text)
    WWDG_IRQHandler                          0x08000273   Thumb Code     0  startup_stm32f40_41xxx.o(.text)
    arm_cos_f32                              0x0800027d   Thumb Code   108  arm_cos_f32.o(.text)
    arm_sin_f32                              0x080002f5   Thumb Code   118  arm_sin_f32.o(.text)
    __aeabi_memcpy                           0x08000379   Thumb Code    36  memcpya.o(.text)
    __aeabi_memcpy4                          0x08000379   Thumb Code     0  memcpya.o(.text)
    __aeabi_memcpy8                          0x08000379   Thumb Code     0  memcpya.o(.text)
    __aeabi_memset                           0x0800039d   Thumb Code    14  memseta.o(.text)
    __aeabi_memset4                          0x0800039d   Thumb Code     0  memseta.o(.text)
    __aeabi_memset8                          0x0800039d   Thumb Code     0  memseta.o(.text)
    __aeabi_memclr                           0x080003ab   Thumb Code     4  memseta.o(.text)
    __aeabi_memclr4                          0x080003ab   Thumb Code     0  memseta.o(.text)
    __aeabi_memclr8                          0x080003ab   Thumb Code     0  memseta.o(.text)
    _memset$wrapper                          0x080003af   Thumb Code    18  memseta.o(.text)
    __aeabi_dadd                             0x080003c1   Thumb Code   322  dadd.o(.text)
    __aeabi_dsub                             0x08000503   Thumb Code     6  dadd.o(.text)
    __aeabi_drsub                            0x08000509   Thumb Code     6  dadd.o(.text)
    __aeabi_dmul                             0x0800050f   Thumb Code   228  dmul.o(.text)
    __aeabi_ddiv                             0x080005f3   Thumb Code   222  ddiv.o(.text)
    __aeabi_f2d                              0x080006d1   Thumb Code    38  f2d.o(.text)
    __aeabi_cdrcmple                         0x080006f9   Thumb Code    48  cdrcmple.o(.text)
    __aeabi_d2f                              0x08000729   Thumb Code    56  d2f.o(.text)
    __aeabi_llsl                             0x08000761   Thumb Code    30  llshl.o(.text)
    _ll_shift_l                              0x08000761   Thumb Code     0  llshl.o(.text)
    __aeabi_llsr                             0x0800077f   Thumb Code    32  llushr.o(.text)
    _ll_ushift_r                             0x0800077f   Thumb Code     0  llushr.o(.text)
    __aeabi_lasr                             0x0800079f   Thumb Code    36  llsshr.o(.text)
    _ll_sshift_r                             0x0800079f   Thumb Code     0  llsshr.o(.text)
    __I$use$fp                               0x080007c3   Thumb Code     0  iusefp.o(.text)
    _float_round                             0x080007c3   Thumb Code    18  fepilogue.o(.text)
    _float_epilogue                          0x080007d5   Thumb Code    92  fepilogue.o(.text)
    _double_round                            0x08000831   Thumb Code    30  depilogue.o(.text)
    _double_epilogue                         0x0800084f   Thumb Code   156  depilogue.o(.text)
    __scatterload                            0x080008ed   Thumb Code    28  init.o(.text)
    __scatterload_rt2                        0x080008ed   Thumb Code     0  init.o(.text)
    __decompress                             0x08000911   Thumb Code     0  __dczerorl2.o(.text)
    __decompress1                            0x08000911   Thumb Code    86  __dczerorl2.o(.text)
    ADC_Cmd                                  0x08000967   Thumb Code    22  stm32f4xx_adc.o(i.ADC_Cmd)
    ADC_DMACmd                               0x0800097d   Thumb Code    22  stm32f4xx_adc.o(i.ADC_DMACmd)
    ADC_DMARequestAfterLastTransferCmd       0x08000993   Thumb Code    22  stm32f4xx_adc.o(i.ADC_DMARequestAfterLastTransferCmd)
    ADC_Init                                 0x080009a9   Thumb Code    74  stm32f4xx_adc.o(i.ADC_Init)
    ADC_RegularChannelConfig                 0x080009fd   Thumb Code   184  stm32f4xx_adc.o(i.ADC_RegularChannelConfig)
    ADC_SoftwareStartConv                    0x08000ab5   Thumb Code    10  stm32f4xx_adc.o(i.ADC_SoftwareStartConv)
    ADC_TempSensorVrefintCmd                 0x08000ac1   Thumb Code    34  stm32f4xx_adc.o(i.ADC_TempSensorVrefintCmd)
    BSP_Init                                 0x08000aed   Thumb Code    64  main.o(i.BSP_Init)
    BusFault_Handler                         0x08000b2d   Thumb Code     4  stm32f4xx_it.o(i.BusFault_Handler)
    CAN1_Configuration                       0x08000b31   Thumb Code   414  can1.o(i.CAN1_Configuration)
    CAN1_RX0_IRQHandler                      0x08000cd9   Thumb Code    44  can1.o(i.CAN1_RX0_IRQHandler)
    CAN1_RX1_IRQHandler                      0x08000d09   Thumb Code    44  can1.o(i.CAN1_RX1_IRQHandler)
    CAN1_TX_IRQHandler                       0x08000d39   Thumb Code    22  can1.o(i.CAN1_TX_IRQHandler)
    CAN2_Configuration                       0x08000d55   Thumb Code   402  can2.o(i.CAN2_Configuration)
    CAN2_RX0_IRQHandler                      0x08000ef1   Thumb Code    44  can2.o(i.CAN2_RX0_IRQHandler)
    CAN2_RX1_IRQHandler                      0x08000f21   Thumb Code    44  can2.o(i.CAN2_RX1_IRQHandler)
    CAN2_TX_IRQHandler                       0x08000f51   Thumb Code    22  can2.o(i.CAN2_TX_IRQHandler)
    CAN_ClearITPendingBit                    0x08000f6d   Thumb Code   162  stm32f4xx_can.o(i.CAN_ClearITPendingBit)
    CAN_DeInit                               0x08001015   Thumb Code    50  stm32f4xx_can.o(i.CAN_DeInit)
    CAN_FilterInit                           0x0800104d   Thumb Code   258  stm32f4xx_can.o(i.CAN_FilterInit)
    CAN_GetITStatus                          0x08001155   Thumb Code   284  stm32f4xx_can.o(i.CAN_GetITStatus)
    CAN_ITConfig                             0x08001275   Thumb Code    18  stm32f4xx_can.o(i.CAN_ITConfig)
    CAN_Init                                 0x08001287   Thumb Code   276  stm32f4xx_can.o(i.CAN_Init)
    CAN_Receive                              0x0800139b   Thumb Code   240  stm32f4xx_can.o(i.CAN_Receive)
    CAN_StructInit                           0x0800148b   Thumb Code    32  stm32f4xx_can.o(i.CAN_StructInit)
    CAN_Transmit                             0x080014ab   Thumb Code   294  stm32f4xx_can.o(i.CAN_Transmit)
    COUNTER_Configuration                    0x080015d1   Thumb Code    74  counter.o(i.COUNTER_Configuration)
    CanReceiveAll                            0x08001625   Thumb Code   708  can_receive.o(i.CanReceiveAll)
    CanSend                                  0x0800190d   Thumb Code    52  can_send.o(i.CanSend)
    ChasisControl_task                       0x08001941   Thumb Code   102  chasiscontroltask.o(i.ChasisControl_task)
    DAC_Cmd                                  0x080019c9   Thumb Code    34  stm32f4xx_dac.o(i.DAC_Cmd)
    DAC_Init                                 0x080019f1   Thumb Code    46  stm32f4xx_dac.o(i.DAC_Init)
    DAC_SetChannel1Data                      0x08001a25   Thumb Code    26  stm32f4xx_dac.o(i.DAC_SetChannel1Data)
    DAC_SetChannel2Data                      0x08001a45   Thumb Code    26  stm32f4xx_dac.o(i.DAC_SetChannel2Data)
    DBGMCU_Config                            0x08001a65   Thumb Code    26  stm32f4xx_dbgmcu.o(i.DBGMCU_Config)
    DJI_REMOTE_Configuration                 0x08001a85   Thumb Code   276  dji_remote.o(i.DJI_REMOTE_Configuration)
    DMA1_Stream2_IRQHandler                  0x08001bad   Thumb Code    48  bsp_referee.o(i.DMA1_Stream2_IRQHandler)
    DMA1_Stream4_IRQHandler                  0x08001be9   Thumb Code    38  bsp_referee.o(i.DMA1_Stream4_IRQHandler)
    DMA1_Stream6_IRQHandler                  0x08001c1d   Thumb Code    30  vofa.o(i.DMA1_Stream6_IRQHandler)
    DMA_ClearFlag                            0x08001c45   Thumb Code    38  stm32f4xx_dma.o(i.DMA_ClearFlag)
    DMA_ClearITPendingBit                    0x08001c79   Thumb Code    38  stm32f4xx_dma.o(i.DMA_ClearITPendingBit)
    DMA_Cmd                                  0x08001cad   Thumb Code    22  stm32f4xx_dma.o(i.DMA_Cmd)
    DMA_DeInit                               0x08001cc5   Thumb Code   324  stm32f4xx_dma.o(i.DMA_DeInit)
    DMA_GetCmdStatus                         0x08001e1d   Thumb Code    20  stm32f4xx_dma.o(i.DMA_GetCmdStatus)
    DMA_GetITStatus                          0x08001e31   Thumb Code    82  stm32f4xx_dma.o(i.DMA_GetITStatus)
    DMA_ITConfig                             0x08001e95   Thumb Code    58  stm32f4xx_dma.o(i.DMA_ITConfig)
    DMA_Init                                 0x08001ed1   Thumb Code    82  stm32f4xx_dma.o(i.DMA_Init)
    DMA_StructInit                           0x08001f29   Thumb Code    34  stm32f4xx_dma.o(i.DMA_StructInit)
    DebugMon_Handler                         0x08001f4b   Thumb Code     2  stm32f4xx_it.o(i.DebugMon_Handler)
    GM6020_Decode                            0x08001f4d   Thumb Code   110  gm6020.o(i.GM6020_Decode)
    GM6020_SendPack                          0x08001fc9   Thumb Code   140  gm6020.o(i.GM6020_SendPack)
    GPIO_Init                                0x0800205d   Thumb Code   144  stm32f4xx_gpio.o(i.GPIO_Init)
    GPIO_PinAFConfig                         0x080020ed   Thumb Code    70  stm32f4xx_gpio.o(i.GPIO_PinAFConfig)
    GPIO_ResetBits                           0x08002133   Thumb Code     4  stm32f4xx_gpio.o(i.GPIO_ResetBits)
    GPIO_SetBits                             0x08002137   Thumb Code     4  stm32f4xx_gpio.o(i.GPIO_SetBits)
    GetDeltaT                                0x0800213d   Thumb Code    42  counter.o(i.GetDeltaT)
    Gimbal_msgs_Decode1                      0x0800216d   Thumb Code   146  gimbalreceive.o(i.Gimbal_msgs_Decode1)
    HardFault_Handler                        0x0800220d   Thumb Code     4  stm32f4xx_it.o(i.HardFault_Handler)
    InfantryInit                             0x08002211   Thumb Code     2  chasiscontroller.o(i.InfantryInit)
    LossUpdate                               0x08002213   Thumb Code    54  debug.o(i.LossUpdate)
    M3508_Decode                             0x08002249   Thumb Code   396  m3508.o(i.M3508_Decode)
    M3508_SendPack                           0x080023e1   Thumb Code   204  m3508.o(i.M3508_SendPack)
    MemManage_Handler                        0x080024b9   Thumb Code     4  stm32f4xx_it.o(i.MemManage_Handler)
    NMI_Handler                              0x080024bd   Thumb Code     2  stm32f4xx_it.o(i.NMI_Handler)
    NVIC_Init                                0x080024c1   Thumb Code   106  misc.o(i.NVIC_Init)
    OLS_Derivative                           0x08002539   Thumb Code   452  user_lib.o(i.OLS_Derivative)
    OLS_Init                                 0x08002705   Thumb Code    72  user_lib.o(i.OLS_Init)
    PID_Calculate                            0x08002751   Thumb Code   630  pid.o(i.PID_Calculate)
    PID_Init                                 0x080029c9   Thumb Code   160  pid.o(i.PID_Init)
    PowerAdc_Configuration                   0x08002a6d   Thumb Code   266  bsp_superpower.o(i.PowerAdc_Configuration)
    PowerChargeIO_Configuration              0x08002b89   Thumb Code    76  bsp_superpower.o(i.PowerChargeIO_Configuration)
    PowerDac_Configuration                   0x08002bdd   Thumb Code   116  bsp_superpower.o(i.PowerDac_Configuration)
    RCC_AHB1PeriphClockCmd                   0x08002c55   Thumb Code    26  stm32f4xx_rcc.o(i.RCC_AHB1PeriphClockCmd)
    RCC_APB1PeriphClockCmd                   0x08002c75   Thumb Code    26  stm32f4xx_rcc.o(i.RCC_APB1PeriphClockCmd)
    RCC_APB1PeriphResetCmd                   0x08002c95   Thumb Code    26  stm32f4xx_rcc.o(i.RCC_APB1PeriphResetCmd)
    RCC_APB2PeriphClockCmd                   0x08002cb5   Thumb Code    26  stm32f4xx_rcc.o(i.RCC_APB2PeriphClockCmd)
    RCC_APB2PeriphResetCmd                   0x08002cd5   Thumb Code    26  stm32f4xx_rcc.o(i.RCC_APB2PeriphResetCmd)
    RCC_GetClocksFreq                        0x08002cf5   Thumb Code   214  stm32f4xx_rcc.o(i.RCC_GetClocksFreq)
    RC_Rst                                   0x08002ddd   Thumb Code    48  remote_control.o(i.RC_Rst)
    REFEREE_Configuration                    0x08002e11   Thumb Code   450  bsp_referee.o(i.REFEREE_Configuration)
    RemoteLimit                              0x08002fe9   Thumb Code    30  remote_control.o(i.RemoteLimit)
    RemoteReceive                            0x08003009   Thumb Code   204  remote_control.o(i.RemoteReceive)
    Robot_Init                               0x080030dd   Thumb Code    60  main.o(i.Robot_Init)
    SuperPower_Configuration                 0x08003209   Thumb Code    58  bsp_superpower.o(i.SuperPower_Configuration)
    SysTick_Handler                          0x0800324d   Thumb Code     8  stm32f4xx_it.o(i.SysTick_Handler)
    SystemInit                               0x08003255   Thumb Code    88  system_stm32f4xx.o(i.SystemInit)
    TIM7_IRQHandler                          0x080032bd   Thumb Code    32  os_tick.o(i.TIM7_IRQHandler)
    TIM_ClearITPendingBit                    0x080032e5   Thumb Code     6  stm32f4xx_tim.o(i.TIM_ClearITPendingBit)
    TIM_Cmd                                  0x080032eb   Thumb Code    24  stm32f4xx_tim.o(i.TIM_Cmd)
    TIM_GetITStatus                          0x08003303   Thumb Code    34  stm32f4xx_tim.o(i.TIM_GetITStatus)
    TIM_TimeBaseInit                         0x08003325   Thumb Code   104  stm32f4xx_tim.o(i.TIM_TimeBaseInit)
    USART3_IRQHandler                        0x080033a9   Thumb Code    74  dji_remote.o(i.USART3_IRQHandler)
    USART_Cmd                                0x08003401   Thumb Code    24  stm32f4xx_usart.o(i.USART_Cmd)
    USART_DMACmd                             0x08003419   Thumb Code    18  stm32f4xx_usart.o(i.USART_DMACmd)
    USART_DeInit                             0x0800342d   Thumb Code   206  stm32f4xx_usart.o(i.USART_DeInit)
    USART_GetITStatus                        0x0800351d   Thumb Code    84  stm32f4xx_usart.o(i.USART_GetITStatus)
    USART_ITConfig                           0x08003571   Thumb Code    74  stm32f4xx_usart.o(i.USART_ITConfig)
    USART_Init                               0x080035bd   Thumb Code   204  stm32f4xx_usart.o(i.USART_Init)
    UsageFault_Handler                       0x08003691   Thumb Code     4  stm32f4xx_it.o(i.UsageFault_Handler)
    ZeroCheck                                0x08003695   Thumb Code   170  zerocheck.o(i.ZeroCheck)
    __hardfp_fabs                            0x08003749   Thumb Code    20  fabs.o(i.__hardfp_fabs)
    __scatterload_copy                       0x0800375d   Thumb Code    14  handlers.o(i.__scatterload_copy)
    __scatterload_null                       0x0800376b   Thumb Code     2  handlers.o(i.__scatterload_null)
    __scatterload_zeroinit                   0x0800376d   Thumb Code    14  handlers.o(i.__scatterload_zeroinit)
    angle_z_err_get                          0x0800377d   Thumb Code   198  chasiscontroller.o(i.angle_z_err_get)
    chassis_follow_control                   0x08003855   Thumb Code    24  chasiscontroller.o(i.chassis_follow_control)
    chassis_powerdown_control                0x0800386d   Thumb Code    68  chasiscontroller.o(i.chassis_powerdown_control)
    delay_ms                                 0x080038b5   Thumb Code    30  tools.o(i.delay_ms)
    execute_control                          0x080038d5   Thumb Code   348  chasiscontroller.o(i.execute_control)
    getDir                                   0x08003ea9   Thumb Code   100  chasiscontroller.o(i.getDir)
    get_sensors_info                         0x08003f25   Thumb Code   232  chasiscontroller.o(i.get_sensors_info)
    iir                                      0x08004025   Thumb Code    26  my_filter.o(i.iir)
    initRemoteControl                        0x0800403f   Thumb Code    24  remote_control.o(i.initRemoteControl)
    limit_pi                                 0x08004059   Thumb Code    84  chasiscontroller.o(i.limit_pi)
    main                                     0x080040b9   Thumb Code    26  main.o(i.main)
    main_control                             0x080040d9   Thumb Code    32  chasiscontroller.o(i.main_control)
    malloc                                   0x080040fd   Thumb Code    92  malloc.o(i.malloc)
    mecanum_follow_control                   0x08004169   Thumb Code   208  mecanum.o(i.mecanum_follow_control)
    mecanum_inv_kinematics                   0x08004245   Thumb Code   556  mecanum.o(i.mecanum_inv_kinematics)
    mecanum_pid_init                         0x08004495   Thumb Code   258  mecanum.o(i.mecanum_pid_init)
    mecanum_pos_kinematics                   0x080045b5   Thumb Code   254  mecanum.o(i.mecanum_pos_kinematics)
    pvPortMalloc                             0x08004f9d   Thumb Code   188  heap_4.o(i.pvPortMalloc)
    pxPortInitialiseStack                    0x0800506d   Thumb Code    38  port.o(i.pxPortInitialiseStack)
    setControlMode                           0x08005099   Thumb Code     6  remote_control.o(i.setControlMode)
    setControlModeAction                     0x080050a5   Thumb Code    22  remote_control.o(i.setControlModeAction)
    setGimbalAction                          0x080050c1   Thumb Code    14  remote_control.o(i.setGimbalAction)
    setRobotState                            0x080050d5   Thumb Code    44  remote_control.o(i.setRobotState)
    setRobotType                             0x08005105   Thumb Code    32  robot_config.o(i.setRobotType)
    setShootAction                           0x08005129   Thumb Code    14  remote_control.o(i.setShootAction)
    startTask                                0x0800513d   Thumb Code    24  start_task.o(i.startTask)
    start_task                               0x08005169   Thumb Code    52  start_task.o(i.start_task)
    uxListRemove                             0x080051c1   Thumb Code    40  list.o(i.uxListRemove)
    vListInitialise                          0x080051e9   Thumb Code    26  list.o(i.vListInitialise)
    vListInitialiseItem                      0x08005203   Thumb Code     6  list.o(i.vListInitialiseItem)
    vListInsert                              0x08005209   Thumb Code    52  list.o(i.vListInsert)
    vListInsertEnd                           0x0800523d   Thumb Code    24  list.o(i.vListInsertEnd)
    vPortEnterCritical                       0x08005255   Thumb Code    30  port.o(i.vPortEnterCritical)
    vPortExitCritical                        0x08005279   Thumb Code    28  port.o(i.vPortExitCritical)
    vPortFree                                0x08005299   Thumb Code    64  heap_4.o(i.vPortFree)
    vPortSetupTimerInterrupt                 0x080052e1   Thumb Code    26  port.o(i.vPortSetupTimerInterrupt)
    vQueueAddToRegistry                      0x08005301   Thumb Code    38  queue.o(i.vQueueAddToRegistry)
    vQueueWaitForMessageRestricted           0x0800532d   Thumb Code    74  queue.o(i.vQueueWaitForMessageRestricted)
    vTaskDelay                               0x08005379   Thumb Code    46  tasks.o(i.vTaskDelay)
    vTaskDelayUntil                          0x080053ad   Thumb Code   106  tasks.o(i.vTaskDelayUntil)
    vTaskDelete                              0x08005421   Thumb Code   166  tasks.o(i.vTaskDelete)
    vTaskMissedYield                         0x080054ed   Thumb Code     8  tasks.o(i.vTaskMissedYield)
    vTaskPlaceOnEventList                    0x080054f9   Thumb Code    28  tasks.o(i.vTaskPlaceOnEventList)
    vTaskPlaceOnEventListRestricted          0x08005519   Thumb Code    36  tasks.o(i.vTaskPlaceOnEventListRestricted)
    vTaskSetTimeOutState                     0x08005541   Thumb Code    14  tasks.o(i.vTaskSetTimeOutState)
    vTaskStartScheduler                      0x08005559   Thumb Code    86  tasks.o(i.vTaskStartScheduler)
    vTaskSuspendAll                          0x080055d1   Thumb Code    12  tasks.o(i.vTaskSuspendAll)
    vTaskSwitchContext                       0x080055e1   Thumb Code   128  tasks.o(i.vTaskSwitchContext)
    xEventGroupCreate                        0x08005681   Thumb Code    26  event_groups.o(i.xEventGroupCreate)
    xEventGroupSetBits                       0x0800569b   Thumb Code   146  event_groups.o(i.xEventGroupSetBits)
    xPortStartScheduler                      0x0800572d   Thumb Code    58  port.o(i.xPortStartScheduler)
    xPortSysTickHandler                      0x08005775   Thumb Code    46  port.o(i.xPortSysTickHandler)
    xQueueGenericCreate                      0x080057a9   Thumb Code    56  queue.o(i.xQueueGenericCreate)
    xQueueGenericReceive                     0x080057e1   Thumb Code   312  queue.o(i.xQueueGenericReceive)
    xQueueGenericReset                       0x0800591d   Thumb Code   122  queue.o(i.xQueueGenericReset)
    xQueueGenericSend                        0x0800599d   Thumb Code   276  queue.o(i.xQueueGenericSend)
    xQueueGenericSendFromISR                 0x08005ab5   Thumb Code   134  queue.o(i.xQueueGenericSendFromISR)
    xTaskCheckForTimeOut                     0x08005b3d   Thumb Code    84  tasks.o(i.xTaskCheckForTimeOut)
    xTaskCreate                              0x08005b99   Thumb Code    96  tasks.o(i.xTaskCreate)
    xTaskGetSchedulerState                   0x08005bf9   Thumb Code    24  tasks.o(i.xTaskGetSchedulerState)
    xTaskGetTickCount                        0x08005c19   Thumb Code     6  tasks.o(i.xTaskGetTickCount)
    xTaskIncrementTick                       0x08005c25   Thumb Code   238  tasks.o(i.xTaskIncrementTick)
    xTaskRemoveFromEventList                 0x08005d41   Thumb Code   104  tasks.o(i.xTaskRemoveFromEventList)
    xTaskRemoveFromUnorderedEventList        0x08005dc1   Thumb Code    94  tasks.o(i.xTaskRemoveFromUnorderedEventList)
    xTaskResumeAll                           0x08005e31   Thumb Code   196  tasks.o(i.xTaskResumeAll)
    xTimerCreateTimerTask                    0x08005f19   Thumb Code    42  timers.o(i.xTimerCreateTimerTask)
    xTimerGenericCommand                     0x08005f59   Thumb Code   102  timers.o(i.xTimerGenericCommand)
    sinTable_f32                             0x08005fc4   Data        2052  arm_common_tables.o(.constdata)
    Region$$Table$$Base                      0x080067c8   Number         0  anon$$obj.o(Region$$Table)
    Region$$Table$$Limit                     0x080067e8   Number         0  anon$$obj.o(Region$$Table)
    SystemCoreClock                          0x20000000   Data           4  system_stm32f4xx.o(.data)
    AHBPrescTable                            0x20000004   Data          16  system_stm32f4xx.o(.data)
    gimbal_receiver_pack1                    0x20000014   Data           8  gimbalreceive.o(.data)
    gimbal_receiver_pack2                    0x2000001c   Data           8  gimbalreceive.o(.data)
    gimbal_receive_1_update                  0x20000024   Data           1  gimbalreceive.o(.data)
    gimbal_receive_2_update                  0x20000025   Data           1  gimbalreceive.o(.data)
    gimbal_receive_3_update                  0x20000026   Data           1  gimbalreceive.o(.data)
    jump_up_cnt                              0x20000028   Data           2  gimbalreceive.o(.data)
    transition_mode_counter                  0x2000002c   Data           4  gimbalreceive.o(.data)
    LastCNT32                                0x20000040   Data           4  counter.o(.data)
    xCreatedEventGroup                       0x20000058   Data           4  iwdg.o(.data)
    CPU_RunTime                              0x2000005c   Data           4  os_tick.o(.data)
    pxCurrentTCB                             0x200002c4   Data           4  tasks.o(.data)
    NotifyValue                              0x20000308   Data           4  tasks.o(.data)
    __microlib_freelist                      0x2000033c   Data           4  mvars.o(.data)
    __microlib_freelist_initialised          0x20000340   Data           4  mvars.o(.data)
    get_rcc_clock                            0x20000344   Data          16  main.o(.bss)
    infantry                                 0x20000358   Data        2256  chasiscontroller.o(.bss)
    Refereebuffer                            0x20000c28   Data        4096  bsp_referee.o(.bss)
    SendToReferee_Buff                       0x20001c28   Data         128  bsp_referee.o(.bss)
    ADC_ConvertedValue                       0x20001ca8   Data         180  bsp_superpower.o(.bss)
    SysTime                                  0x20001d5c   Data          12  counter.o(.bss)
    sbus_rx_buffer                           0x20001d68   Data          20  dji_remote.o(.bss)
    User_Tasks                               0x20001d7c   Data          60  start_task.o(.bss)
    xQueueRegistry                           0x20001db8   Data          80  queue.o(.bss)
    referee_data                             0x20004918   Data         560  referee.o(.bss)
    fullDataBuffer                           0x20004b48   Data          45  referee.o(.bss)
    remote_controller                        0x20004b75   Data          40  remote_control.o(.bss)
    global_debugger                          0x20004ba0   Data         184  debug.o(.bss)
    Ozone                                    0x20004c58   Data          32  debug.o(.bss)
    __heap_base                              0x20004c78   Data           0  startup_stm32f40_41xxx.o(HEAP)
    __heap_limit                             0x20005d78   Data           0  startup_stm32f40_41xxx.o(HEAP)
    __initial_sp                             0x20006378   Data           0  startup_stm32f40_41xxx.o(STACK)



==============================================================================

Memory Map of the image

  Image Entry point : 0x08000189

  Load Region LR_IROM1 (Base: 0x08000000, Size: 0x00006b2c, Max: 0x00100000, ABSOLUTE, COMPRESSED[0x0000685c])

    Execution Region ER_IROM1 (Exec base: 0x08000000, Load base: 0x08000000, Size: 0x000067e8, Max: 0x00100000, ABSOLUTE)

    Exec Addr    Load Addr    Size         Type   Attr      Idx    E Section Name        Object

    0x08000000   0x08000000   0x00000188   Data   RO          167    RESET               startup_stm32f40_41xxx.o
    0x08000188   0x08000188   0x00000000   Code   RO         8311  * .ARM.Collect$$$$00000000  mc_w.l(entry.o)
    0x08000188   0x08000188   0x00000004   Code   RO         8647    .ARM.Collect$$$$00000001  mc_w.l(entry2.o)
    0x0800018c   0x0800018c   0x00000004   Code   RO         8650    .ARM.Collect$$$$00000004  mc_w.l(entry5.o)
    0x08000190   0x08000190   0x00000000   Code   RO         8652    .ARM.Collect$$$$00000008  mc_w.l(entry7b.o)
    0x08000190   0x08000190   0x00000000   Code   RO         8654    .ARM.Collect$$$$0000000A  mc_w.l(entry8b.o)
    0x08000190   0x08000190   0x00000008   Code   RO         8655    .ARM.Collect$$$$0000000B  mc_w.l(entry9a.o)
    0x08000198   0x08000198   0x00000004   Code   RO         8662    .ARM.Collect$$$$0000000E  mc_w.l(entry12b.o)
    0x0800019c   0x0800019c   0x00000000   Code   RO         8657    .ARM.Collect$$$$0000000F  mc_w.l(entry10a.o)
    0x0800019c   0x0800019c   0x00000000   Code   RO         8659    .ARM.Collect$$$$00000011  mc_w.l(entry11a.o)
    0x0800019c   0x0800019c   0x00000004   Code   RO         8648    .ARM.Collect$$$$00002712  mc_w.l(entry2.o)
    0x080001a0   0x080001a0   0x000000b6   Code   RO         6877    .emb_text           port.o
    0x08000256   0x08000256   0x00000002   PAD
    0x08000258   0x08000258   0x00000024   Code   RO          168    .text               startup_stm32f40_41xxx.o
    0x0800027c   0x0800027c   0x00000078   Code   RO         7954    .text               arm_cortexM4lf_math.lib(arm_cos_f32.o)
    0x080002f4   0x080002f4   0x00000084   Code   RO         8010    .text               arm_cortexM4lf_math.lib(arm_sin_f32.o)
    0x08000378   0x08000378   0x00000024   Code   RO         8316    .text               mc_w.l(memcpya.o)
    0x0800039c   0x0800039c   0x00000024   Code   RO         8318    .text               mc_w.l(memseta.o)
    0x080003c0   0x080003c0   0x0000014e   Code   RO         8615    .text               mf_w.l(dadd.o)
    0x0800050e   0x0800050e   0x000000e4   Code   RO         8617    .text               mf_w.l(dmul.o)
    0x080005f2   0x080005f2   0x000000de   Code   RO         8619    .text               mf_w.l(ddiv.o)
    0x080006d0   0x080006d0   0x00000026   Code   RO         8623    .text               mf_w.l(f2d.o)
    0x080006f6   0x080006f6   0x00000002   PAD
    0x080006f8   0x080006f8   0x00000030   Code   RO         8627    .text               mf_w.l(cdrcmple.o)
    0x08000728   0x08000728   0x00000038   Code   RO         8629    .text               mf_w.l(d2f.o)
    0x08000760   0x08000760   0x0000001e   Code   RO         8668    .text               mc_w.l(llshl.o)
    0x0800077e   0x0800077e   0x00000020   Code   RO         8670    .text               mc_w.l(llushr.o)
    0x0800079e   0x0800079e   0x00000024   Code   RO         8672    .text               mc_w.l(llsshr.o)
    0x080007c2   0x080007c2   0x00000000   Code   RO         8683    .text               mc_w.l(iusefp.o)
    0x080007c2   0x080007c2   0x0000006e   Code   RO         8684    .text               mf_w.l(fepilogue.o)
    0x08000830   0x08000830   0x000000ba   Code   RO         8686    .text               mf_w.l(depilogue.o)
    0x080008ea   0x080008ea   0x00000002   PAD
    0x080008ec   0x080008ec   0x00000024   Code   RO         8690    .text               mc_w.l(init.o)
    0x08000910   0x08000910   0x00000056   Code   RO         8702    .text               mc_w.l(__dczerorl2.o)
    0x08000966   0x08000966   0x00000016   Code   RO          882    i.ADC_Cmd           stm32f4xx_adc.o
    0x0800097c   0x0800097c   0x00000016   Code   RO          886    i.ADC_DMACmd        stm32f4xx_adc.o
    0x08000992   0x08000992   0x00000016   Code   RO          887    i.ADC_DMARequestAfterLastTransferCmd  stm32f4xx_adc.o
    0x080009a8   0x080009a8   0x00000054   Code   RO          902    i.ADC_Init          stm32f4xx_adc.o
    0x080009fc   0x080009fc   0x000000b8   Code   RO          907    i.ADC_RegularChannelConfig  stm32f4xx_adc.o
    0x08000ab4   0x08000ab4   0x0000000a   Code   RO          909    i.ADC_SoftwareStartConv  stm32f4xx_adc.o
    0x08000abe   0x08000abe   0x00000002   PAD
    0x08000ac0   0x08000ac0   0x0000002c   Code   RO          912    i.ADC_TempSensorVrefintCmd  stm32f4xx_adc.o
    0x08000aec   0x08000aec   0x00000040   Code   RO          174    i.BSP_Init          main.o
    0x08000b2c   0x08000b2c   0x00000004   Code   RO            3    i.BusFault_Handler  stm32f4xx_it.o
    0x08000b30   0x08000b30   0x000001a8   Code   RO         4603    i.CAN1_Configuration  can1.o
    0x08000cd8   0x08000cd8   0x00000030   Code   RO         4604    i.CAN1_RX0_IRQHandler  can1.o
    0x08000d08   0x08000d08   0x00000030   Code   RO         4605    i.CAN1_RX1_IRQHandler  can1.o
    0x08000d38   0x08000d38   0x0000001c   Code   RO         4606    i.CAN1_TX_IRQHandler  can1.o
    0x08000d54   0x08000d54   0x0000019c   Code   RO         4641    i.CAN2_Configuration  can2.o
    0x08000ef0   0x08000ef0   0x00000030   Code   RO         4642    i.CAN2_RX0_IRQHandler  can2.o
    0x08000f20   0x08000f20   0x00000030   Code   RO         4643    i.CAN2_RX1_IRQHandler  can2.o
    0x08000f50   0x08000f50   0x0000001c   Code   RO         4644    i.CAN2_TX_IRQHandler  can2.o
    0x08000f6c   0x08000f6c   0x000000a8   Code   RO         1120    i.CAN_ClearITPendingBit  stm32f4xx_can.o
    0x08001014   0x08001014   0x00000038   Code   RO         1122    i.CAN_DeInit        stm32f4xx_can.o
    0x0800104c   0x0800104c   0x00000108   Code   RO         1124    i.CAN_FilterInit    stm32f4xx_can.o
    0x08001154   0x08001154   0x00000120   Code   RO         1126    i.CAN_GetITStatus   stm32f4xx_can.o
    0x08001274   0x08001274   0x00000012   Code   RO         1130    i.CAN_ITConfig      stm32f4xx_can.o
    0x08001286   0x08001286   0x00000114   Code   RO         1131    i.CAN_Init          stm32f4xx_can.o
    0x0800139a   0x0800139a   0x000000f0   Code   RO         1134    i.CAN_Receive       stm32f4xx_can.o
    0x0800148a   0x0800148a   0x00000020   Code   RO         1137    i.CAN_StructInit    stm32f4xx_can.o
    0x080014aa   0x080014aa   0x00000126   Code   RO         1139    i.CAN_Transmit      stm32f4xx_can.o
    0x080015d0   0x080015d0   0x00000054   Code   RO         4679    i.COUNTER_Configuration  counter.o
    0x08001624   0x08001624   0x000002e8   Code   RO         4563    i.CanReceiveAll     can_receive.o
    0x0800190c   0x0800190c   0x00000034   Code   RO         4583    i.CanSend           can_send.o
    0x08001940   0x08001940   0x00000074   Code   RO         5690    i.ChasisControl_task  chasiscontroltask.o
    0x080019b4   0x080019b4   0x00000012   Code   RO         1142    i.CheckITStatus     stm32f4xx_can.o
    0x080019c6   0x080019c6   0x00000002   PAD
    0x080019c8   0x080019c8   0x00000028   Code   RO         1336    i.DAC_Cmd           stm32f4xx_dac.o
    0x080019f0   0x080019f0   0x00000034   Code   RO         1344    i.DAC_Init          stm32f4xx_dac.o
    0x08001a24   0x08001a24   0x00000020   Code   RO         1345    i.DAC_SetChannel1Data  stm32f4xx_dac.o
    0x08001a44   0x08001a44   0x00000020   Code   RO         1346    i.DAC_SetChannel2Data  stm32f4xx_dac.o
    0x08001a64   0x08001a64   0x00000020   Code   RO         3930    i.DBGMCU_Config     stm32f4xx_dbgmcu.o
    0x08001a84   0x08001a84   0x00000128   Code   RO         4757    i.DJI_REMOTE_Configuration  dji_remote.o
    0x08001bac   0x08001bac   0x0000003c   Code   RO         4475    i.DMA1_Stream2_IRQHandler  bsp_referee.o
    0x08001be8   0x08001be8   0x00000034   Code   RO         4476    i.DMA1_Stream4_IRQHandler  bsp_referee.o
    0x08001c1c   0x08001c1c   0x00000028   Code   RO         4960    i.DMA1_Stream6_IRQHandler  vofa.o
    0x08001c44   0x08001c44   0x00000034   Code   RO         1450    i.DMA_ClearFlag     stm32f4xx_dma.o
    0x08001c78   0x08001c78   0x00000034   Code   RO         1451    i.DMA_ClearITPendingBit  stm32f4xx_dma.o
    0x08001cac   0x08001cac   0x00000016   Code   RO         1452    i.DMA_Cmd           stm32f4xx_dma.o
    0x08001cc2   0x08001cc2   0x00000002   PAD
    0x08001cc4   0x08001cc4   0x00000158   Code   RO         1453    i.DMA_DeInit        stm32f4xx_dma.o
    0x08001e1c   0x08001e1c   0x00000014   Code   RO         1457    i.DMA_GetCmdStatus  stm32f4xx_dma.o
    0x08001e30   0x08001e30   0x00000064   Code   RO         1462    i.DMA_GetITStatus   stm32f4xx_dma.o
    0x08001e94   0x08001e94   0x0000003a   Code   RO         1463    i.DMA_ITConfig      stm32f4xx_dma.o
    0x08001ece   0x08001ece   0x00000002   PAD
    0x08001ed0   0x08001ed0   0x00000058   Code   RO         1464    i.DMA_Init          stm32f4xx_dma.o
    0x08001f28   0x08001f28   0x00000022   Code   RO         1468    i.DMA_StructInit    stm32f4xx_dma.o
    0x08001f4a   0x08001f4a   0x00000002   Code   RO            4    i.DebugMon_Handler  stm32f4xx_it.o
    0x08001f4c   0x08001f4c   0x0000007c   Code   RO         7433    i.GM6020_Decode     gm6020.o
    0x08001fc8   0x08001fc8   0x00000094   Code   RO         7434    i.GM6020_SendPack   gm6020.o
    0x0800205c   0x0800205c   0x00000090   Code   RO         1927    i.GPIO_Init         stm32f4xx_gpio.o
    0x080020ec   0x080020ec   0x00000046   Code   RO         1928    i.GPIO_PinAFConfig  stm32f4xx_gpio.o
    0x08002132   0x08002132   0x00000004   Code   RO         1934    i.GPIO_ResetBits    stm32f4xx_gpio.o
    0x08002136   0x08002136   0x00000004   Code   RO         1935    i.GPIO_SetBits      stm32f4xx_gpio.o
    0x0800213a   0x0800213a   0x00000002   PAD
    0x0800213c   0x0800213c   0x00000030   Code   RO         4682    i.GetDeltaT         counter.o
    0x0800216c   0x0800216c   0x000000a0   Code   RO          576    i.Gimbal_msgs_Decode1  gimbalreceive.o
    0x0800220c   0x0800220c   0x00000004   Code   RO            5    i.HardFault_Handler  stm32f4xx_it.o
    0x08002210   0x08002210   0x00000002   Code   RO          496    i.InfantryInit      chasiscontroller.o
    0x08002212   0x08002212   0x00000036   Code   RO         7865    i.LossUpdate        debug.o
    0x08002248   0x08002248   0x00000198   Code   RO         7479    i.M3508_Decode      m3508.o
    0x080023e0   0x080023e0   0x000000d8   Code   RO         7480    i.M3508_SendPack    m3508.o
    0x080024b8   0x080024b8   0x00000004   Code   RO            6    i.MemManage_Handler  stm32f4xx_it.o
    0x080024bc   0x080024bc   0x00000002   Code   RO            7    i.NMI_Handler       stm32f4xx_it.o
    0x080024be   0x080024be   0x00000002   PAD
    0x080024c0   0x080024c0   0x00000078   Code   RO          832    i.NVIC_Init         misc.o
    0x08002538   0x08002538   0x000001cc   Code   RO         5538    i.OLS_Derivative    user_lib.o
    0x08002704   0x08002704   0x0000004c   Code   RO         5539    i.OLS_Init          user_lib.o
    0x08002750   0x08002750   0x00000276   Code   RO         5208    i.PID_Calculate     pid.o
    0x080029c6   0x080029c6   0x00000002   PAD
    0x080029c8   0x080029c8   0x000000a4   Code   RO         5211    i.PID_Init          pid.o
    0x08002a6c   0x08002a6c   0x0000011c   Code   RO         4519    i.PowerAdc_Configuration  bsp_superpower.o
    0x08002b88   0x08002b88   0x00000054   Code   RO         4520    i.PowerChargeIO_Configuration  bsp_superpower.o
    0x08002bdc   0x08002bdc   0x00000078   Code   RO         4521    i.PowerDac_Configuration  bsp_superpower.o
    0x08002c54   0x08002c54   0x00000020   Code   RO         2301    i.RCC_AHB1PeriphClockCmd  stm32f4xx_rcc.o
    0x08002c74   0x08002c74   0x00000020   Code   RO         2310    i.RCC_APB1PeriphClockCmd  stm32f4xx_rcc.o
    0x08002c94   0x08002c94   0x00000020   Code   RO         2312    i.RCC_APB1PeriphResetCmd  stm32f4xx_rcc.o
    0x08002cb4   0x08002cb4   0x00000020   Code   RO         2313    i.RCC_APB2PeriphClockCmd  stm32f4xx_rcc.o
    0x08002cd4   0x08002cd4   0x00000020   Code   RO         2315    i.RCC_APB2PeriphResetCmd  stm32f4xx_rcc.o
    0x08002cf4   0x08002cf4   0x000000e8   Code   RO         2322    i.RCC_GetClocksFreq  stm32f4xx_rcc.o
    0x08002ddc   0x08002ddc   0x00000034   Code   RO         7694    i.RC_Rst            remote_control.o
    0x08002e10   0x08002e10   0x000001d8   Code   RO         4477    i.REFEREE_Configuration  bsp_referee.o
    0x08002fe8   0x08002fe8   0x0000001e   Code   RO         7695    i.RemoteLimit       remote_control.o
    0x08003006   0x08003006   0x00000002   PAD
    0x08003008   0x08003008   0x000000d4   Code   RO         7696    i.RemoteReceive     remote_control.o
    0x080030dc   0x080030dc   0x00000040   Code   RO          175    i.Robot_Init        main.o
    0x0800311c   0x0800311c   0x000000ec   Code   RO          130    i.SetSysClock       system_stm32f4xx.o
    0x08003208   0x08003208   0x00000044   Code   RO         4522    i.SuperPower_Configuration  bsp_superpower.o
    0x0800324c   0x0800324c   0x00000008   Code   RO            8    i.SysTick_Handler   stm32f4xx_it.o
    0x08003254   0x08003254   0x00000068   Code   RO          132    i.SystemInit        system_stm32f4xx.o
    0x080032bc   0x080032bc   0x00000028   Code   RO         4914    i.TIM7_IRQHandler   os_tick.o
    0x080032e4   0x080032e4   0x00000006   Code   RO         3124    i.TIM_ClearITPendingBit  stm32f4xx_tim.o
    0x080032ea   0x080032ea   0x00000018   Code   RO         3129    i.TIM_Cmd           stm32f4xx_tim.o
    0x08003302   0x08003302   0x00000022   Code   RO         3150    i.TIM_GetITStatus   stm32f4xx_tim.o
    0x08003324   0x08003324   0x00000084   Code   RO         3201    i.TIM_TimeBaseInit  stm32f4xx_tim.o
    0x080033a8   0x080033a8   0x00000058   Code   RO         4758    i.USART3_IRQHandler  dji_remote.o
    0x08003400   0x08003400   0x00000018   Code   RO         3679    i.USART_Cmd         stm32f4xx_usart.o
    0x08003418   0x08003418   0x00000012   Code   RO         3680    i.USART_DMACmd      stm32f4xx_usart.o
    0x0800342a   0x0800342a   0x00000002   PAD
    0x0800342c   0x0800342c   0x000000f0   Code   RO         3681    i.USART_DeInit      stm32f4xx_usart.o
    0x0800351c   0x0800351c   0x00000054   Code   RO         3683    i.USART_GetITStatus  stm32f4xx_usart.o
    0x08003570   0x08003570   0x0000004a   Code   RO         3685    i.USART_ITConfig    stm32f4xx_usart.o
    0x080035ba   0x080035ba   0x00000002   PAD
    0x080035bc   0x080035bc   0x000000d4   Code   RO         3686    i.USART_Init        stm32f4xx_usart.o
    0x08003690   0x08003690   0x00000004   Code   RO            9    i.UsageFault_Handler  stm32f4xx_it.o
    0x08003694   0x08003694   0x000000b4   Code   RO         7919    i.ZeroCheck         zerocheck.o
    0x08003748   0x08003748   0x00000014   Code   RO         8293    i.__hardfp_fabs     m_wm.l(fabs.o)
    0x0800375c   0x0800375c   0x0000000e   Code   RO         8696    i.__scatterload_copy  mc_w.l(handlers.o)
    0x0800376a   0x0800376a   0x00000002   Code   RO         8697    i.__scatterload_null  mc_w.l(handlers.o)
    0x0800376c   0x0800376c   0x0000000e   Code   RO         8698    i.__scatterload_zeroinit  mc_w.l(handlers.o)
    0x0800377a   0x0800377a   0x00000002   PAD
    0x0800377c   0x0800377c   0x000000d8   Code   RO          497    i.angle_z_err_get   chasiscontroller.o
    0x08003854   0x08003854   0x00000018   Code   RO          498    i.chassis_follow_control  chasiscontroller.o
    0x0800386c   0x0800386c   0x00000048   Code   RO          499    i.chassis_powerdown_control  chasiscontroller.o
    0x080038b4   0x080038b4   0x0000001e   Code   RO         7895    i.delay_ms          tools.o
    0x080038d2   0x080038d2   0x00000002   PAD
    0x080038d4   0x080038d4   0x00000164   Code   RO          500    i.execute_control   chasiscontroller.o
    0x08003a38   0x08003a38   0x000000c8   Code   RO         5212    i.f_Changing_Integration_Rate  pid.o
    0x08003b00   0x08003b00   0x00000042   Code   RO         5213    i.f_Derivative_Filter  pid.o
    0x08003b42   0x08003b42   0x000000ca   Code   RO         5214    i.f_Derivative_On_Measurement  pid.o
    0x08003c0c   0x08003c0c   0x000000d4   Code   RO         5215    i.f_Integral_Limit  pid.o
    0x08003ce0   0x08003ce0   0x00000042   Code   RO         5216    i.f_Output_Filter   pid.o
    0x08003d22   0x08003d22   0x0000003e   Code   RO         5217    i.f_Output_Limit    pid.o
    0x08003d60   0x08003d60   0x000000a4   Code   RO         5218    i.f_PID_ErrorHandle  pid.o
    0x08003e04   0x08003e04   0x0000003e   Code   RO         5219    i.f_Proportion_Limit  pid.o
    0x08003e42   0x08003e42   0x00000066   Code   RO         5220    i.f_Trapezoid_Intergral  pid.o
    0x08003ea8   0x08003ea8   0x0000007c   Code   RO          501    i.getDir            chasiscontroller.o
    0x08003f24   0x08003f24   0x00000100   Code   RO          502    i.get_sensors_info  chasiscontroller.o
    0x08004024   0x08004024   0x0000001a   Code   RO         5154    i.iir               my_filter.o
    0x0800403e   0x0800403e   0x00000018   Code   RO         7697    i.initRemoteControl  remote_control.o
    0x08004056   0x08004056   0x00000002   PAD
    0x08004058   0x08004058   0x00000060   Code   RO          503    i.limit_pi          chasiscontroller.o
    0x080040b8   0x080040b8   0x00000020   Code   RO          176    i.main              main.o
    0x080040d8   0x080040d8   0x00000024   Code   RO          504    i.main_control      chasiscontroller.o
    0x080040fc   0x080040fc   0x0000006c   Code   RO         8588    i.malloc            mc_w.l(malloc.o)
    0x08004168   0x08004168   0x000000dc   Code   RO          774    i.mecanum_follow_control  mecanum.o
    0x08004244   0x08004244   0x00000250   Code   RO          775    i.mecanum_inv_kinematics  mecanum.o
    0x08004494   0x08004494   0x00000120   Code   RO          776    i.mecanum_pid_init  mecanum.o
    0x080045b4   0x080045b4   0x00000130   Code   RO          777    i.mecanum_pos_kinematics  mecanum.o
    0x080046e4   0x080046e4   0x00000098   Code   RO         6338    i.prvAddCurrentTaskToDelayedList  tasks.o
    0x0800477c   0x0800477c   0x000000b8   Code   RO         6339    i.prvAddNewTaskToReadyList  tasks.o
    0x08004834   0x08004834   0x00000064   Code   RO         6694    i.prvCheckForValidListAndQueue  timers.o
    0x08004898   0x08004898   0x00000064   Code   RO         6340    i.prvCheckTasksWaitingTermination  tasks.o
    0x080048fc   0x080048fc   0x0000002a   Code   RO         6161    i.prvCopyDataFromQueue  queue.o
    0x08004926   0x08004926   0x0000006a   Code   RO         6162    i.prvCopyDataToQueue  queue.o
    0x08004990   0x08004990   0x00000012   Code   RO         6341    i.prvDeleteTCB      tasks.o
    0x080049a2   0x080049a2   0x00000002   PAD
    0x080049a4   0x080049a4   0x00000028   Code   RO         6695    i.prvGetNextExpireTime  timers.o
    0x080049cc   0x080049cc   0x0000007c   Code   RO         6820    i.prvHeapInit       heap_4.o
    0x08004a48   0x08004a48   0x00000028   Code   RO         6342    i.prvIdleTask       tasks.o
    0x08004a70   0x08004a70   0x0000002a   Code   RO         6163    i.prvInitialiseNewQueue  queue.o
    0x08004a9a   0x08004a9a   0x00000090   Code   RO         6343    i.prvInitialiseNewTask  tasks.o
    0x08004b2a   0x08004b2a   0x00000002   PAD
    0x08004b2c   0x08004b2c   0x00000068   Code   RO         6344    i.prvInitialiseTaskLists  tasks.o
    0x08004b94   0x08004b94   0x00000068   Code   RO         6821    i.prvInsertBlockIntoFreeList  heap_4.o
    0x08004bfc   0x08004bfc   0x00000058   Code   RO         6697    i.prvInsertTimerInActiveList  timers.o
    0x08004c54   0x08004c54   0x0000001a   Code   RO         6164    i.prvIsQueueEmpty   queue.o
    0x08004c6e   0x08004c6e   0x0000001e   Code   RO         6165    i.prvIsQueueFull    queue.o
    0x08004c8c   0x08004c8c   0x0000004c   Code   RO         6698    i.prvProcessExpiredTimer  timers.o
    0x08004cd8   0x08004cd8   0x000000bc   Code   RO         6699    i.prvProcessReceivedCommands  timers.o
    0x08004d94   0x08004d94   0x00000074   Code   RO         6700    i.prvProcessTimerOrBlockTask  timers.o
    0x08004e08   0x08004e08   0x00000034   Code   RO         6346    i.prvResetNextTaskUnblockTime  tasks.o
    0x08004e3c   0x08004e3c   0x0000002c   Code   RO         6701    i.prvSampleTimeNow  timers.o
    0x08004e68   0x08004e68   0x00000084   Code   RO         6702    i.prvSwitchTimerLists  timers.o
    0x08004eec   0x08004eec   0x00000016   Code   RO         6878    i.prvTaskExitError  port.o
    0x08004f02   0x08004f02   0x0000001a   Code   RO         6703    i.prvTimerTask      timers.o
    0x08004f1c   0x08004f1c   0x0000007e   Code   RO         6166    i.prvUnlockQueue    queue.o
    0x08004f9a   0x08004f9a   0x00000002   PAD
    0x08004f9c   0x08004f9c   0x000000d0   Code   RO         6822    i.pvPortMalloc      heap_4.o
    0x0800506c   0x0800506c   0x0000002c   Code   RO         6879    i.pxPortInitialiseStack  port.o
    0x08005098   0x08005098   0x0000000c   Code   RO         7698    i.setControlMode    remote_control.o
    0x080050a4   0x080050a4   0x0000001c   Code   RO         7699    i.setControlModeAction  remote_control.o
    0x080050c0   0x080050c0   0x00000014   Code   RO         7700    i.setGimbalAction   remote_control.o
    0x080050d4   0x080050d4   0x00000030   Code   RO         7701    i.setRobotState     remote_control.o
    0x08005104   0x08005104   0x00000024   Code   RO         7933    i.setRobotType      robot_config.o
    0x08005128   0x08005128   0x00000014   Code   RO         7702    i.setShootAction    remote_control.o
    0x0800513c   0x0800513c   0x0000002c   Code   RO         5951    i.startTask         start_task.o
    0x08005168   0x08005168   0x00000058   Code   RO         5952    i.start_task        start_task.o
    0x080051c0   0x080051c0   0x00000028   Code   RO         6116    i.uxListRemove      list.o
    0x080051e8   0x080051e8   0x0000001a   Code   RO         6117    i.vListInitialise   list.o
    0x08005202   0x08005202   0x00000006   Code   RO         6118    i.vListInitialiseItem  list.o
    0x08005208   0x08005208   0x00000034   Code   RO         6119    i.vListInsert       list.o
    0x0800523c   0x0800523c   0x00000018   Code   RO         6120    i.vListInsertEnd    list.o
    0x08005254   0x08005254   0x00000024   Code   RO         6881    i.vPortEnterCritical  port.o
    0x08005278   0x08005278   0x00000020   Code   RO         6882    i.vPortExitCritical  port.o
    0x08005298   0x08005298   0x00000048   Code   RO         6823    i.vPortFree         heap_4.o
    0x080052e0   0x080052e0   0x00000020   Code   RO         6883    i.vPortSetupTimerInterrupt  port.o
    0x08005300   0x08005300   0x0000002c   Code   RO         6172    i.vQueueAddToRegistry  queue.o
    0x0800532c   0x0800532c   0x0000004a   Code   RO         6176    i.vQueueWaitForMessageRestricted  queue.o
    0x08005376   0x08005376   0x00000002   PAD
    0x08005378   0x08005378   0x00000034   Code   RO         6358    i.vTaskDelay        tasks.o
    0x080053ac   0x080053ac   0x00000074   Code   RO         6359    i.vTaskDelayUntil   tasks.o
    0x08005420   0x08005420   0x000000cc   Code   RO         6360    i.vTaskDelete       tasks.o
    0x080054ec   0x080054ec   0x0000000c   Code   RO         6365    i.vTaskMissedYield  tasks.o
    0x080054f8   0x080054f8   0x00000020   Code   RO         6367    i.vTaskPlaceOnEventList  tasks.o
    0x08005518   0x08005518   0x00000028   Code   RO         6368    i.vTaskPlaceOnEventListRestricted  tasks.o
    0x08005540   0x08005540   0x00000018   Code   RO         6373    i.vTaskSetTimeOutState  tasks.o
    0x08005558   0x08005558   0x00000078   Code   RO         6374    i.vTaskStartScheduler  tasks.o
    0x080055d0   0x080055d0   0x00000010   Code   RO         6376    i.vTaskSuspendAll   tasks.o
    0x080055e0   0x080055e0   0x000000a0   Code   RO         6377    i.vTaskSwitchContext  tasks.o
    0x08005680   0x08005680   0x0000001a   Code   RO         6022    i.xEventGroupCreate  event_groups.o
    0x0800569a   0x0800569a   0x00000092   Code   RO         6024    i.xEventGroupSetBits  event_groups.o
    0x0800572c   0x0800572c   0x00000048   Code   RO         6884    i.xPortStartScheduler  port.o
    0x08005774   0x08005774   0x00000034   Code   RO         6885    i.xPortSysTickHandler  port.o
    0x080057a8   0x080057a8   0x00000038   Code   RO         6177    i.xQueueGenericCreate  queue.o
    0x080057e0   0x080057e0   0x0000013c   Code   RO         6178    i.xQueueGenericReceive  queue.o
    0x0800591c   0x0800591c   0x00000080   Code   RO         6179    i.xQueueGenericReset  queue.o
    0x0800599c   0x0800599c   0x00000118   Code   RO         6180    i.xQueueGenericSend  queue.o
    0x08005ab4   0x08005ab4   0x00000086   Code   RO         6181    i.xQueueGenericSendFromISR  queue.o
    0x08005b3a   0x08005b3a   0x00000002   PAD
    0x08005b3c   0x08005b3c   0x0000005c   Code   RO         6378    i.xTaskCheckForTimeOut  tasks.o
    0x08005b98   0x08005b98   0x00000060   Code   RO         6379    i.xTaskCreate       tasks.o
    0x08005bf8   0x08005bf8   0x00000020   Code   RO         6382    i.xTaskGetSchedulerState  tasks.o
    0x08005c18   0x08005c18   0x0000000c   Code   RO         6383    i.xTaskGetTickCount  tasks.o
    0x08005c24   0x08005c24   0x0000011c   Code   RO         6385    i.xTaskIncrementTick  tasks.o
    0x08005d40   0x08005d40   0x00000080   Code   RO         6388    i.xTaskRemoveFromEventList  tasks.o
    0x08005dc0   0x08005dc0   0x00000070   Code   RO         6389    i.xTaskRemoveFromUnorderedEventList  tasks.o
    0x08005e30   0x08005e30   0x000000e8   Code   RO         6390    i.xTaskResumeAll    tasks.o
    0x08005f18   0x08005f18   0x00000040   Code   RO         6707    i.xTimerCreateTimerTask  timers.o
    0x08005f58   0x08005f58   0x0000006c   Code   RO         6708    i.xTimerGenericCommand  timers.o
    0x08005fc4   0x08005fc4   0x00000804   Data   RO         8234    .constdata          arm_cortexM4lf_math.lib(arm_common_tables.o)
    0x080067c8   0x080067c8   0x00000020   Data   RO         8694    Region$$Table       anon$$obj.o


    Execution Region RW_IRAM1 (Exec base: 0x20000000, Load base: 0x080067e8, Size: 0x00006378, Max: 0x00020000, ABSOLUTE, COMPRESSED[0x00000074])

    Exec Addr    Load Addr    Size         Type   Attr      Idx    E Section Name        Object

    0x20000000   COMPRESSED   0x00000014   Data   RW          133    .data               system_stm32f4xx.o
    0x20000014   COMPRESSED   0x0000001c   Data   RW          578    .data               gimbalreceive.o
    0x20000030   COMPRESSED   0x00000010   Data   RW         2354    .data               stm32f4xx_rcc.o
    0x20000040   COMPRESSED   0x00000018   Data   RW         4690    .data               counter.o
    0x20000058   COMPRESSED   0x00000004   Data   RW         4857    .data               iwdg.o
    0x2000005c   COMPRESSED   0x00000004   Data   RW         4915    .data               os_tick.o
    0x20000060   COMPRESSED   0x00000254   Data   RW         5221    .data               pid.o
    0x200002b4   COMPRESSED   0x0000000c   Data   RW         5544    .data               user_lib.o
    0x200002c0   COMPRESSED   0x00000004   Data   RW         5954    .data               start_task.o
    0x200002c4   COMPRESSED   0x00000048   Data   RW         6393    .data               tasks.o
    0x2000030c   COMPRESSED   0x00000014   Data   RW         6714    .data               timers.o
    0x20000320   COMPRESSED   0x00000018   Data   RW         6828    .data               heap_4.o
    0x20000338   COMPRESSED   0x00000004   Data   RW         6886    .data               port.o
    0x2000033c   COMPRESSED   0x00000004   Data   RW         8674    .data               mc_w.l(mvars.o)
    0x20000340   COMPRESSED   0x00000004   Data   RW         8675    .data               mc_w.l(mvars.o)
    0x20000344        -       0x00000010   Zero   RW          177    .bss                main.o
    0x20000354   COMPRESSED   0x00000004   PAD
    0x20000358        -       0x000008d0   Zero   RW          505    .bss                chasiscontroller.o
    0x20000c28        -       0x00001080   Zero   RW         4479    .bss                bsp_referee.o
    0x20001ca8        -       0x000000b4   Zero   RW         4523    .bss                bsp_superpower.o
    0x20001d5c        -       0x0000000c   Zero   RW         4689    .bss                counter.o
    0x20001d68        -       0x00000014   Zero   RW         4759    .bss                dji_remote.o
    0x20001d7c        -       0x0000003c   Zero   RW         5953    .bss                start_task.o
    0x20001db8        -       0x00000050   Zero   RW         6187    .bss                queue.o
    0x20001e08        -       0x000002e4   Zero   RW         6392    .bss                tasks.o
    0x200020ec        -       0x00000028   Zero   RW         6713    .bss                timers.o
    0x20002114        -       0x00002800   Zero   RW         6827    .bss                heap_4.o
    0x20004914   COMPRESSED   0x00000004   PAD
    0x20004918        -       0x0000025d   Zero   RW         7602    .bss                referee.o
    0x20004b75        -       0x00000028   Zero   RW         7704    .bss                remote_control.o
    0x20004b9d   COMPRESSED   0x00000003   PAD
    0x20004ba0        -       0x000000d8   Zero   RW         7867    .bss                debug.o
    0x20004c78        -       0x00001100   Zero   RW          166    HEAP                startup_stm32f40_41xxx.o
    0x20005d78        -       0x00000600   Zero   RW          165    STACK               startup_stm32f40_41xxx.o


==============================================================================

Image component sizes


      Code (inc. data)   RO Data    RW Data    ZI Data      Debug   Object Name

       584         48          0          0       4224       2491   bsp_referee.o
       556         40          0          0        180       3032   bsp_superpower.o
       548         24          0          0          0       2406   can1.o
       536         24          0          0          0       2406   can2.o
       744         36          0          0          0       1120   can_receive.o
        52          0          0          0          0       1006   can_send.o
      1182         94          0          0       2256       8329   chasiscontroller.o
       116         14          0          0          0        625   chasiscontroltask.o
       132         16          0         24         12       2164   counter.o
        54          0          0          0        216       2457   debug.o
       384         34          0          0         20       1880   dji_remote.o
       172          0          0          0          0      10569   event_groups.o
       160         14          0         28          0       2248   gimbalreceive.o
         0          0          0          0          0       1508   gimbalsend.o
       272         22          0          0          0       1890   gm6020.o
       508         62          0         24      10240       3835   heap_4.o
         0          0          0          4          0        225   iwdg.o
       148          0          0          0          0       3210   list.o
       624         24          0          0          0       2496   m3508.o
       160         10          0          0         16      25291   main.o
      1404        128          0          0          0       2394   mecanum.o
       120         14          0          0          0        988   misc.o
        26          0          0          0          0        578   my_filter.o
        40          8          0          4          0        972   os_tick.o
      1930         36          0        596          0      10023   pid.o
       472         58          0          4          0       9452   port.o
      1404         20          0          0         80      14745   queue.o
         0          0          0          0        605       9947   referee.o
       446         40          0          0         40       7910   remote_control.o
        36          4          0          0          0        511   robot_config.o
       132         56          0          4         60       2386   start_task.o
        36          8        392          0       5888        904   startup_stm32f40_41xxx.o
       388         20          0          0          0       5393   stm32f4xx_adc.o
      1654         22          0          0          0       7432   stm32f4xx_can.o
       156         24          0          0          0       3009   stm32f4xx_dac.o
        32          6          0          0          0        568   stm32f4xx_dbgmcu.o
       770         72          0          0          0       6831   stm32f4xx_dma.o
       222          0          0          0          0       2831   stm32f4xx_gpio.o
        28          0          0          0          0     324367   stm32f4xx_it.o
       392         48          0         16          0       5717   stm32f4xx_rcc.o
       196         28          0          0          0       3023   stm32f4xx_tim.o
       652         42          0          0          0       4912   stm32f4xx_usart.o
       340         32          0         20          0       1829   system_stm32f4xx.o
      2558        414          0         72        740      28992   tasks.o
       982        116          0         20         40       8635   timers.o
        30          0          0          0          0        607   tools.o
       536         12          0         12          0       3470   user_lib.o
        40         10          0          0          0        502   vofa.o
       180         10          0          0          0        976   zerocheck.o

    ----------------------------------------------------------------------
     22170       1690        424        828      24628     549092   Object Totals
         0          0         32          0          0          0   (incl. Generated)
        36          0          0          0         11          0   (incl. Padding)

    ----------------------------------------------------------------------

      Code (inc. data)   RO Data    RW Data    ZI Data      Debug   Library Member Name

         0          0       2052          0          0       4636   arm_common_tables.o
       120         12          0          0          0      17018   arm_cos_f32.o
       132         14          0          0          0        750   arm_sin_f32.o
        20          0          0          0          0        124   fabs.o
        86          0          0          0          0          0   __dczerorl2.o
         0          0          0          0          0          0   entry.o
         0          0          0          0          0          0   entry10a.o
         0          0          0          0          0          0   entry11a.o
         4          0          0          0          0          0   entry12b.o
         8          4          0          0          0          0   entry2.o
         4          0          0          0          0          0   entry5.o
         0          0          0          0          0          0   entry7b.o
         0          0          0          0          0          0   entry8b.o
         8          4          0          0          0          0   entry9a.o
        30          0          0          0          0          0   handlers.o
        36          8          0          0          0         68   init.o
         0          0          0          0          0          0   iusefp.o
        30          0          0          0          0         68   llshl.o
        36          0          0          0          0         68   llsshr.o
        32          0          0          0          0         68   llushr.o
       108         16          0          0          0         84   malloc.o
        36          0          0          0          0         68   memcpya.o
        36          0          0          0          0        108   memseta.o
         0          0          0          8          0          0   mvars.o
        48          0          0          0          0         68   cdrcmple.o
        56          0          0          0          0         88   d2f.o
       334          0          0          0          0        148   dadd.o
       222          0          0          0          0        100   ddiv.o
       186          0          0          0          0        176   depilogue.o
       228          0          0          0          0         96   dmul.o
        38          0          0          0          0         68   f2d.o
       110          0          0          0          0        168   fepilogue.o

    ----------------------------------------------------------------------
      1954         58       2052          8          0      23972   Library Totals
         6          0          0          0          0          0   (incl. Padding)

    ----------------------------------------------------------------------

      Code (inc. data)   RO Data    RW Data    ZI Data      Debug   Library Name

       252         26       2052          0          0      22404   arm_cortexM4lf_math.lib
        20          0          0          0          0        124   m_wm.l
       454         32          0          8          0        532   mc_w.l
      1222          0          0          0          0        912   mf_w.l

    ----------------------------------------------------------------------
      1954         58       2052          8          0      23972   Library Totals

    ----------------------------------------------------------------------

==============================================================================


      Code (inc. data)   RO Data    RW Data    ZI Data      Debug   

     24124       1748       2476        836      24628     553324   Grand Totals
     24124       1748       2476        116      24628     553324   ELF Image Totals (compressed)
     24124       1748       2476        116          0          0   ROM Totals

==============================================================================

    Total RO  Size (Code + RO Data)                26600 (  25.98kB)
    Total RW  Size (RW Data + ZI Data)             25464 (  24.87kB)
    Total ROM Size (Code + RO Data + RW Data)      26716 (  26.09kB)

==============================================================================

